../Core/Src/main.c:92:6:generate_sine_wave	32	static
../Core/Src/main.c:100:6:generate_waves	8	static
../Core/Src/main.c:106:6:HAL_GPIO_EXTI_Callback	24	static
../Core/Src/main.c:118:6:HAL_TIM_PeriodElapsedCallback	16	static
../Core/Src/main.c:129:6:start_waveform	16	static
../Core/Src/main.c:139:5:main	32	static
../Core/Src/main.c:235:6:SystemClock_Config	96	static
../Core/Src/main.c:286:13:MX_DAC1_Init	48	static
../Core/Src/main.c:338:13:MX_TIM2_Init	40	static
../Core/Src/main.c:381:13:MX_DMA_Init	16	static
../Core/Src/main.c:400:13:MX_GPIO_Init	40	static
../Core/Src/main.c:443:6:Error_Handler	4	static,ignoring_inline_asm
