../Core/Src/main.c:103:6:generate_sine_wave	32	static
../Core/Src/main.c:111:6:generate_waves	8	static
../Core/Src/main.c:117:6:HAL_GPIO_EXTI_Callback	24	static
../Core/Src/main.c:129:6:HAL_TIM_PeriodElapsedCallback	16	static
../Core/Src/main.c:140:6:start_waveform	16	static
../Core/Src/main.c:150:5:main	32	static
../Core/Src/main.c:246:6:SystemClock_Config	96	static
../Core/Src/main.c:297:13:MX_DAC1_Init	48	static
../Core/Src/main.c:349:13:MX_TIM2_Init	40	static
../Core/Src/main.c:392:13:MX_DMA_Init	16	static
../Core/Src/main.c:411:13:MX_GPIO_Init	40	static
../Core/Src/main.c:454:6:Error_Handler	4	static,ignoring_inline_asm
