../Core/Src/main.c:75:6:HAL_TIM_PeriodElapsedCallback	24	static,ignoring_inline_asm
../Core/Src/main.c:103:6:HAL_GPIO_EXTI_Callback	16	static,ignoring_inline_asm
../Core/Src/main.c:117:5:main	8	static
../Core/Src/main.c:180:6:SystemClock_Config	96	static
../Core/Src/main.c:231:13:MX_I2C2_Init	8	static
../Core/Src/main.c:279:13:MX_TIM2_Init	40	static
../Core/Src/main.c:324:13:MX_USART1_UART_Init	8	static
../Core/Src/main.c:372:13:MX_GPIO_Init	40	static
../Core/Src/main.c:414:6:Error_Handler	4	static,ignoring_inline_asm
