../Core/Src/main.c:68:6:HAL_GPIO_EXTI_Callback	16	static
../Core/Src/main.c:80:5:main	32	static
../Core/Src/main.c:168:6:SystemClock_Config	96	static
../Core/Src/main.c:219:13:MX_I2C1_Init	8	static
../Core/Src/main.c:267:13:MX_I2C2_Init	8	static
../Core/Src/main.c:315:13:MX_I2C3_Init	8	static
../Core/Src/main.c:363:13:MX_I2C4_Init	8	static
../Core/Src/main.c:411:13:MX_USART1_UART_Init	8	static
../Core/Src/main.c:459:13:MX_GPIO_Init	40	static
../Core/Src/main.c:494:6:Error_Handler	4	static,ignoring_inline_asm
