Archive member included to satisfy reference by file (symbol)

/Applications/STM32CubeIDE.app/Contents/Eclipse/plugins/com.st.stm32cube.ide.mcu.externaltools.gnu-tools-for-stm32.13.3.rel1.macos64_1.0.0.202411102158/tools/bin/../lib/gcc/arm-none-eabi/13.3.1/../../../../arm-none-eabi/lib/thumb/v7e-m+fp/hard/libc_nano.a(libc_a-exit.o)
                              /Applications/STM32CubeIDE.app/Contents/Eclipse/plugins/com.st.stm32cube.ide.mcu.externaltools.gnu-tools-for-stm32.13.3.rel1.macos64_1.0.0.202411102158/tools/bin/../lib/gcc/arm-none-eabi/13.3.1/../../../../arm-none-eabi/lib/thumb/v7e-m+fp/hard/crt0.o (exit)
/Applications/STM32CubeIDE.app/Contents/Eclipse/plugins/com.st.stm32cube.ide.mcu.externaltools.gnu-tools-for-stm32.13.3.rel1.macos64_1.0.0.202411102158/tools/bin/../lib/gcc/arm-none-eabi/13.3.1/../../../../arm-none-eabi/lib/thumb/v7e-m+fp/hard/libc_nano.a(libc_a-sprintf.o)
                              ./Core/Src/main.o (sprintf)
/Applications/STM32CubeIDE.app/Contents/Eclipse/plugins/com.st.stm32cube.ide.mcu.externaltools.gnu-tools-for-stm32.13.3.rel1.macos64_1.0.0.202411102158/tools/bin/../lib/gcc/arm-none-eabi/13.3.1/../../../../arm-none-eabi/lib/thumb/v7e-m+fp/hard/libc_nano.a(libc_a-findfp.o)
                              /Applications/STM32CubeIDE.app/Contents/Eclipse/plugins/com.st.stm32cube.ide.mcu.externaltools.gnu-tools-for-stm32.13.3.rel1.macos64_1.0.0.202411102158/tools/bin/../lib/gcc/arm-none-eabi/13.3.1/../../../../arm-none-eabi/lib/thumb/v7e-m+fp/hard/libc_nano.a(libc_a-exit.o) (__stdio_exit_handler)
/Applications/STM32CubeIDE.app/Contents/Eclipse/plugins/com.st.stm32cube.ide.mcu.externaltools.gnu-tools-for-stm32.13.3.rel1.macos64_1.0.0.202411102158/tools/bin/../lib/gcc/arm-none-eabi/13.3.1/../../../../arm-none-eabi/lib/thumb/v7e-m+fp/hard/libc_nano.a(libc_a-fwalk.o)
                              /Applications/STM32CubeIDE.app/Contents/Eclipse/plugins/com.st.stm32cube.ide.mcu.externaltools.gnu-tools-for-stm32.13.3.rel1.macos64_1.0.0.202411102158/tools/bin/../lib/gcc/arm-none-eabi/13.3.1/../../../../arm-none-eabi/lib/thumb/v7e-m+fp/hard/libc_nano.a(libc_a-findfp.o) (_fwalk_sglue)
/Applications/STM32CubeIDE.app/Contents/Eclipse/plugins/com.st.stm32cube.ide.mcu.externaltools.gnu-tools-for-stm32.13.3.rel1.macos64_1.0.0.202411102158/tools/bin/../lib/gcc/arm-none-eabi/13.3.1/../../../../arm-none-eabi/lib/thumb/v7e-m+fp/hard/libc_nano.a(libc_a-memset.o)
                              /Applications/STM32CubeIDE.app/Contents/Eclipse/plugins/com.st.stm32cube.ide.mcu.externaltools.gnu-tools-for-stm32.13.3.rel1.macos64_1.0.0.202411102158/tools/bin/../lib/gcc/arm-none-eabi/13.3.1/../../../../arm-none-eabi/lib/thumb/v7e-m+fp/hard/crt0.o (memset)
/Applications/STM32CubeIDE.app/Contents/Eclipse/plugins/com.st.stm32cube.ide.mcu.externaltools.gnu-tools-for-stm32.13.3.rel1.macos64_1.0.0.202411102158/tools/bin/../lib/gcc/arm-none-eabi/13.3.1/../../../../arm-none-eabi/lib/thumb/v7e-m+fp/hard/libc_nano.a(libc_a-errno.o)
                              ./Core/Src/syscalls.o (__errno)
/Applications/STM32CubeIDE.app/Contents/Eclipse/plugins/com.st.stm32cube.ide.mcu.externaltools.gnu-tools-for-stm32.13.3.rel1.macos64_1.0.0.202411102158/tools/bin/../lib/gcc/arm-none-eabi/13.3.1/../../../../arm-none-eabi/lib/thumb/v7e-m+fp/hard/libc_nano.a(libc_a-init.o)
                              /Applications/STM32CubeIDE.app/Contents/Eclipse/plugins/com.st.stm32cube.ide.mcu.externaltools.gnu-tools-for-stm32.13.3.rel1.macos64_1.0.0.202411102158/tools/bin/../lib/gcc/arm-none-eabi/13.3.1/../../../../arm-none-eabi/lib/thumb/v7e-m+fp/hard/crt0.o (__libc_init_array)
/Applications/STM32CubeIDE.app/Contents/Eclipse/plugins/com.st.stm32cube.ide.mcu.externaltools.gnu-tools-for-stm32.13.3.rel1.macos64_1.0.0.202411102158/tools/bin/../lib/gcc/arm-none-eabi/13.3.1/../../../../arm-none-eabi/lib/thumb/v7e-m+fp/hard/libc_nano.a(libc_a-lock.o)
                              /Applications/STM32CubeIDE.app/Contents/Eclipse/plugins/com.st.stm32cube.ide.mcu.externaltools.gnu-tools-for-stm32.13.3.rel1.macos64_1.0.0.202411102158/tools/bin/../lib/gcc/arm-none-eabi/13.3.1/../../../../arm-none-eabi/lib/thumb/v7e-m+fp/hard/libc_nano.a(libc_a-findfp.o) (__retarget_lock_init_recursive)
/Applications/STM32CubeIDE.app/Contents/Eclipse/plugins/com.st.stm32cube.ide.mcu.externaltools.gnu-tools-for-stm32.13.3.rel1.macos64_1.0.0.202411102158/tools/bin/../lib/gcc/arm-none-eabi/13.3.1/../../../../arm-none-eabi/lib/thumb/v7e-m+fp/hard/libc_nano.a(libc_a-impure.o)
                              /Applications/STM32CubeIDE.app/Contents/Eclipse/plugins/com.st.stm32cube.ide.mcu.externaltools.gnu-tools-for-stm32.13.3.rel1.macos64_1.0.0.202411102158/tools/bin/../lib/gcc/arm-none-eabi/13.3.1/../../../../arm-none-eabi/lib/thumb/v7e-m+fp/hard/libc_nano.a(libc_a-sprintf.o) (_impure_ptr)
[...]
Memory Configuration

Name             Origin             Length             Attributes
RAM              0x20000000         0x000a0000         xrw
RAM2             0x10000000         0x00010000         xrw
RAM3             0x20040000         0x00060000         xrw
FLASH            0x08000000         0x00200000         xr
*default*        0x00000000         0xffffffff

Linker script and memory map

LOAD /Applications/STM32CubeIDE.app/Contents/Eclipse/plugins/com.st.stm32cube.ide.mcu.externaltools.gnu-tools-for-stm32.13.3.rel1.macos64_1.0.0.202411102158/tools/bin/../lib/gcc/arm-none-eabi/13.3.1/thumb/v7e-m+fp/hard/crti.o
LOAD /Applications/STM32CubeIDE.app/Contents/Eclipse/plugins/com.st.stm32cube.ide.mcu.externaltools.gnu-tools-for-stm32.13.3.rel1.macos64_1.0.0.202411102158/tools/bin/../lib/gcc/arm-none-eabi/13.3.1/thumb/v7e-m+fp/hard/crtbegin.o
LOAD /Applications/STM32CubeIDE.app/Contents/Eclipse/plugins/com.st.stm32cube.ide.mcu.externaltools.gnu-tools-for-stm32.13.3.rel1.macos64_1.0.0.202411102158/tools/bin/../lib/gcc/arm-none-eabi/13.3.1/../../../../arm-none-eabi/lib/thumb/v7e-m+fp/hard/crt0.o
LOAD ./Core/Src/main.o
LOAD ./Core/Src/stm32l4s5i_iot01.o
LOAD ./Core/Src/stm32l4s5i_iot01_accelero.o
LOAD ./Core/Src/stm32l4s5i_iot01_gyro.o
LOAD ./Core/Src/stm32l4s5i_iot01_hsensor.o
LOAD ./Core/Src/stm32l4s5i_iot01_magneto.o
LOAD ./Core/Src/stm32l4s5i_iot01_psensor.o
LOAD ./Core/Src/stm32l4s5i_iot01_tsensor.o
LOAD ./Core/Src/stm32l4xx_hal_msp.o
LOAD ./Core/Src/stm32l4xx_it.o
LOAD ./Core/Src/syscalls.o
LOAD ./Core/Src/sysmem.o
LOAD ./Core/Src/system_stm32l4xx.o
LOAD ./Core/Startup/startup_stm32l4s5vitx.o
LOAD ./Drivers/Components/cs42l51/cs42l51.o
LOAD ./Drivers/Components/cs43l22/cs43l22.o
LOAD ./Drivers/Components/cy8c4014lqi/cy8c4014lqi.o
LOAD ./Drivers/Components/ft3x67/ft3x67.o
LOAD ./Drivers/Components/ft5336/ft5336.o
LOAD ./Drivers/Components/ft6x06/ft6x06.o
LOAD ./Drivers/Components/hts221/hts221.o
LOAD ./Drivers/Components/hx8347g/hx8347g.o
LOAD ./Drivers/Components/hx8347i/hx8347i.o
LOAD ./Drivers/Components/l3gd20/l3gd20.o
LOAD ./Drivers/Components/lis3mdl/lis3mdl.o
LOAD ./Drivers/Components/lps22hb/lps22hb.o
LOAD ./Drivers/Components/ls016b8uy/ls016b8uy.o
LOAD ./Drivers/Components/lsm303c/lsm303c.o
LOAD ./Drivers/Components/lsm303dlhc/lsm303dlhc.o
LOAD ./Drivers/Components/lsm6dsl/lsm6dsl.o
LOAD ./Drivers/Components/m24sr/m24sr.o
LOAD ./Drivers/Components/mfxstm32l152/mfxstm32l152.o
LOAD ./Drivers/Components/ov9655/ov9655.o
LOAD ./Drivers/Components/st25dv/st25dv.o
LOAD ./Drivers/Components/st25dv/st25dv_reg.o
LOAD ./Drivers/Components/st7735/st7735.o
LOAD ./Drivers/Components/st7789h2/st7789h2.o
LOAD ./Drivers/Components/stmpe1600/stmpe1600.o
LOAD ./Drivers/Components/stmpe811/stmpe811.o
LOAD ./Drivers/Components/wm8994/wm8994.o
LOAD ./Drivers/STM32L4xx_HAL_Driver/Src/stm32l4xx_hal.o
LOAD ./Drivers/STM32L4xx_HAL_Driver/Src/stm32l4xx_hal_cortex.o
LOAD ./Drivers/STM32L4xx_HAL_Driver/Src/stm32l4xx_hal_dma.o
LOAD ./Drivers/STM32L4xx_HAL_Driver/Src/stm32l4xx_hal_dma_ex.o
LOAD ./Drivers/STM32L4xx_HAL_Driver/Src/stm32l4xx_hal_exti.o
LOAD ./Drivers/STM32L4xx_HAL_Driver/Src/stm32l4xx_hal_flash.o
LOAD ./Drivers/STM32L4xx_HAL_Driver/Src/stm32l4xx_hal_flash_ex.o
LOAD ./Drivers/STM32L4xx_HAL_Driver/Src/stm32l4xx_hal_flash_ramfunc.o
LOAD ./Drivers/STM32L4xx_HAL_Driver/Src/stm32l4xx_hal_gpio.o
LOAD ./Drivers/STM32L4xx_HAL_Driver/Src/stm32l4xx_hal_i2c.o
LOAD ./Drivers/STM32L4xx_HAL_Driver/Src/stm32l4xx_hal_i2c_ex.o
LOAD ./Drivers/STM32L4xx_HAL_Driver/Src/stm32l4xx_hal_pwr.o
LOAD ./Drivers/STM32L4xx_HAL_Driver/Src/stm32l4xx_hal_pwr_ex.o
LOAD ./Drivers/STM32L4xx_HAL_Driver/Src/stm32l4xx_hal_rcc.o
LOAD ./Drivers/STM32L4xx_HAL_Driver/Src/stm32l4xx_hal_rcc_ex.o
LOAD ./Drivers/STM32L4xx_HAL_Driver/Src/stm32l4xx_hal_uart.o
LOAD ./Drivers/STM32L4xx_HAL_Driver/Src/stm32l4xx_hal_uart_ex.o
START GROUP
LOAD /Applications/STM32CubeIDE.app/Contents/Eclipse/plugins/com.st.stm32cube.ide.mcu.externaltools.gnu-tools-for-stm32.13.3.rel1.macos64_1.0.0.202411102158/tools/bin/../lib/gcc/arm-none-eabi/13.3.1/../../../../arm-none-eabi/lib/thumb/v7e-m+fp/hard/libc_nano.a
LOAD /Applications/STM32CubeIDE.app/Contents/Eclipse/plugins/com.st.stm32cube.ide.mcu.externaltools.gnu-tools-for-stm32.13.3.rel1.macos64_1.0.0.202411102158/tools/bin/../lib/gcc/arm-none-eabi/13.3.1/../../../../arm-none-eabi/lib/thumb/v7e-m+fp/hard/libm.a
END GROUP
START GROUP
LOAD /Applications/STM32CubeIDE.app/Contents/Eclipse/plugins/com.st.stm32cube.ide.mcu.externaltools.gnu-tools-for-stm32.13.3.rel1.macos64_1.0.0.202411102158/tools/bin/../lib/gcc/arm-none-eabi/13.3.1/thumb/v7e-m+fp/hard/libgcc.a
LOAD /Applications/STM32CubeIDE.app/Contents/Eclipse/plugins/com.st.stm32cube.ide.mcu.externaltools.gnu-tools-for-stm32.13.3.rel1.macos64_1.0.0.202411102158/tools/bin/../lib/gcc/arm-none-eabi/13.3.1/../../../../arm-none-eabi/lib/thumb/v7e-m+fp/hard/libc_nano.a
END GROUP
START GROUP
LOAD /Applications/STM32CubeIDE.app/Contents/Eclipse/plugins/com.st.stm32cube.ide.mcu.externaltools.gnu-tools-for-stm32.13.3.rel1.macos64_1.0.0.202411102158/tools/bin/../lib/gcc/arm-none-eabi/13.3.1/thumb/v7e-m+fp/hard/libgcc.a
LOAD /Applications/STM32CubeIDE.app/Contents/Eclipse/plugins/com.st.stm32cube.ide.mcu.externaltools.gnu-tools-for-stm32.13.3.rel1.macos64_1.0.0.202411102158/tools/bin/../lib/gcc/arm-none-eabi/13.3.1/../../../../arm-none-eabi/lib/thumb/v7e-m+fp/hard/libc_nano.a
LOAD /Applications/STM32CubeIDE.app/Contents/Eclipse/plugins/com.st.stm32cube.ide.mcu.externaltools.gnu-tools-for-stm32.13.3.rel1.macos64_1.0.0.202411102158/tools/bin/../lib/gcc/arm-none-eabi/13.3.1/../../../../arm-none-eabi/lib/thumb/v7e-m+fp/hard/libnosys.a
END GROUP
START GROUP
LOAD /Applications/STM32CubeIDE.app/Contents/Eclipse/plugins/com.st.stm32cube.ide.mcu.externaltools.gnu-tools-for-stm32.13.3.rel1.macos64_1.0.0.202411102158/tools/bin/../lib/gcc/arm-none-eabi/13.3.1/thumb/v7e-m+fp/hard/libgcc.a
LOAD /Applications/STM32CubeIDE.app/Contents/Eclipse/plugins/com.st.stm32cube.ide.mcu.externaltools.gnu-tools-for-stm32.13.3.rel1.macos64_1.0.0.202411102158/tools/bin/../lib/gcc/arm-none-eabi/13.3.1/../../../../arm-none-eabi/lib/thumb/v7e-m+fp/hard/libc_nano.a
LOAD /Applications/STM32CubeIDE.app/Contents/Eclipse/plugins/com.st.stm32cube.ide.mcu.externaltools.gnu-tools-for-stm32.13.3.rel1.macos64_1.0.0.202411102158/tools/bin/../lib/gcc/arm-none-eabi/13.3.1/../../../../arm-none-eabi/lib/thumb/v7e-m+fp/hard/libnosys.a
END GROUP
LOAD /Applications/STM32CubeIDE.app/Contents/Eclipse/plugins/com.st.stm32cube.ide.mcu.externaltools.gnu-tools-for-stm32.13.3.rel1.macos64_1.0.0.202411102158/tools/bin/../lib/gcc/arm-none-eabi/13.3.1/thumb/v7e-m+fp/hard/crtend.o
LOAD /Applications/STM32CubeIDE.app/Contents/Eclipse/plugins/com.st.stm32cube.ide.mcu.externaltools.gnu-tools-for-stm32.13.3.rel1.macos64_1.0.0.202411102158/tools/bin/../lib/gcc/arm-none-eabi/13.3.1/thumb/v7e-m+fp/hard/crtn.o
                0x200a0000                        _estack = (ORIGIN (RAM) + LENGTH (RAM))
                0x00000200                        _Min_Heap_Size = 0x200
                0x00000400                        _Min_Stack_Size = 0x400

.isr_vector     0x08000000      0x1bc
                0x08000000                        . = ALIGN (0x4)
 *(.isr_vector)
 .isr_vector    0x08000000      0x1bc ./Core/Startup/startup_stm32l4s5vitx.o
                0x08000000                g_pfnVectors
                0x080001bc                        . = ALIGN (0x4)

.text           0x080001c0     0x64c8
                0x080001c0                        . = ALIGN (0x4)
 *(.text)
 .text          0x080001c0       0x40 /Applications/STM32CubeIDE.app/Contents/Eclipse/plugins/com.st.stm32cube.ide.mcu.externaltools.gnu-tools-for-stm32.13.3.rel1.macos64_1.0.0.202411102158/tools/bin/../lib/gcc/arm-none-eabi/13.3.1/thumb/v7e-m+fp/hard/crtbegin.o
 .text          0x08000200       0x10 /Applications/STM32CubeIDE.app/Contents/Eclipse/plugins/com.st.stm32cube.ide.mcu.externaltools.gnu-tools-for-stm32.13.3.rel1.macos64_1.0.0.202411102158/tools/bin/../lib/gcc/arm-none-eabi/13.3.1/../../../../arm-none-eabi/lib/thumb/v7e-m+fp/hard/libc_nano.a(libc_a-strlen.o)
                0x08000200                strlen
 .text          0x08000210       0xa0 /Applications/STM32CubeIDE.app/Contents/Eclipse/plugins/com.st.stm32cube.ide.mcu.externaltools.gnu-tools-for-stm32.13.3.rel1.macos64_1.0.0.202411102158/tools/bin/../lib/gcc/arm-none-eabi/13.3.1/../../../../arm-none-eabi/lib/thumb/v7e-m+fp/hard/libc_nano.a(libc_a-memchr.o)
                0x08000210                memchr
 .text          0x080002b0      0x378 /Applications/STM32CubeIDE.app/Contents/Eclipse/plugins/com.st.stm32cube.ide.mcu.externaltools.gnu-tools-for-stm32.13.3.rel1.macos64_1.0.0.202411102158/tools/bin/../lib/gcc/arm-none-eabi/13.3.1/thumb/v7e-m+fp/hard/libgcc.a(_arm_addsubdf3.o)
                0x080002b0                __aeabi_drsub
                0x080002b8                __subdf3
                0x080002b8                __aeabi_dsub
                0x080002bc                __aeabi_dadd
                0x080002bc                __adddf3
                0x08000534                __aeabi_ui2d
                0x08000534                __floatunsidf
                0x08000554                __floatsidf
                0x08000554                __aeabi_i2d
                0x08000578                __extendsfdf2
                0x08000578                __aeabi_f2d
                0x080005bc                __aeabi_ul2d
                0x080005bc                __floatundidf
                0x080005cc                __aeabi_l2d
                0x080005cc                __floatdidf
 .text          0x08000628       0x30 /Applications/STM32CubeIDE.app/Contents/Eclipse/plugins/com.st.stm32cube.ide.mcu.externaltools.gnu-tools-for-stm32.13.3.rel1.macos64_1.0.0.202411102158/tools/bin/../lib/gcc/arm-none-eabi/13.3.1/thumb/v7e-m+fp/hard/libgcc.a(_aeabi_uldivmod.o)
                0x08000628                __aeabi_uldivmod
 .text          0x08000658      0x2f8 /Applications/STM32CubeIDE.app/Contents/Eclipse/plugins/com.st.stm32cube.ide.mcu.externaltools.gnu-tools-for-stm32.13.3.rel1.macos64_1.0.0.202411102158/tools/bin/../lib/gcc/arm-none-eabi/13.3.1/thumb/v7e-m+fp/hard/libgcc.a(_udivmoddi4.o)
                0x08000658                __udivmoddi4
 .text          0x08000950        0x4 /Applications/STM32CubeIDE.app/Contents/Eclipse/plugins/com.st.stm32cube.ide.mcu.externaltools.gnu-tools-for-stm32.13.3.rel1.macos64_1.0.0.202411102158/tools/bin/../lib/gcc/arm-none-eabi/13.3.1/thumb/v7e-m+fp/hard/libgcc.a(_dvmd_tls.o)
                0x08000950                __aeabi_ldiv0
                0x08000950                __aeabi_idiv0
 *(.text*)
 .text.HAL_GPIO_EXTI_Callback
                0x08000954       0x3c ./Core/Src/main.o
                0x08000954                HAL_GPIO_EXTI_Callback
 .text.main     0x08000990       0xf4 ./Core/Src/main.o
                0x08000990                main
 .text.SystemClock_Config
                0x08000a84       0xa2 ./Core/Src/main.o
                0x08000a84                SystemClock_Config
 *fill*         0x08000b26        0x2 
 .text.MX_I2C1_Init
                0x08000b28       0x80 ./Core/Src/main.o
 .text.MX_I2C2_Init
                0x08000ba8       0x80 ./Core/Src/main.o
 .text.MX_I2C3_Init
                0x08000c28       0x80 ./Core/Src/main.o
 .text.MX_I2C4_Init
                0x08000ca8       0x80 ./Core/Src/main.o
 .text.MX_USART1_UART_Init
                0x08000d28       0x98 ./Core/Src/main.o
 .text.MX_GPIO_Init
                0x08000dc0       0x9c ./Core/Src/main.o
 .text.Error_Handler
                0x08000e5c        0xc ./Core/Src/main.o
                0x08000e5c                Error_Handler
 .text.I2Cx_MspInit
                0x08000e68       0xb0 ./Core/Src/stm32l4s5i_iot01.o
 .text.I2Cx_Init
                0x08000f18       0x5c ./Core/Src/stm32l4s5i_iot01.o
 .text.I2Cx_ReadMultiple
                0x08000f74       0x5a ./Core/Src/stm32l4s5i_iot01.o
 .text.I2Cx_WriteMultiple
                0x08000fce       0x5a ./Core/Src/stm32l4s5i_iot01.o
 .text.I2Cx_Error
                0x08001028       0x20 ./Core/Src/stm32l4s5i_iot01.o
 .text.SENSOR_IO_Init
                0x08001048       0x14 ./Core/Src/stm32l4s5i_iot01.o
                0x08001048                SENSOR_IO_Init
 .text.SENSOR_IO_Write
                0x0800105c       0x34 ./Core/Src/stm32l4s5i_iot01.o
                0x0800105c                SENSOR_IO_Write
 .text.SENSOR_IO_Read
                0x08001090       0x3c ./Core/Src/stm32l4s5i_iot01.o
                0x08001090                SENSOR_IO_Read
 .text.SENSOR_IO_ReadMultiple
                0x080010cc       0x3c ./Core/Src/stm32l4s5i_iot01.o
                0x080010cc                SENSOR_IO_ReadMultiple
 .text.BSP_ACCELERO_Init
                0x08001108       0x80 ./Core/Src/stm32l4s5i_iot01_accelero.o
                0x08001108                BSP_ACCELERO_Init
 .text.BSP_ACCELERO_AccGetXYZ
                0x08001188       0x30 ./Core/Src/stm32l4s5i_iot01_accelero.o
                0x08001188                BSP_ACCELERO_AccGetXYZ
 .text.BSP_GYRO_Init
                0x080011b8       0x88 ./Core/Src/stm32l4s5i_iot01_gyro.o
                0x080011b8                BSP_GYRO_Init
 .text.BSP_GYRO_GetXYZ
                0x08001240       0x30 ./Core/Src/stm32l4s5i_iot01_gyro.o
                0x08001240                BSP_GYRO_GetXYZ
 .text.BSP_HSENSOR_Init
                0x08001270       0x40 ./Core/Src/stm32l4s5i_iot01_hsensor.o
                0x08001270                BSP_HSENSOR_Init
 .text.BSP_HSENSOR_ReadHumidity
                0x080012b0       0x1c ./Core/Src/stm32l4s5i_iot01_hsensor.o
                0x080012b0                BSP_HSENSOR_ReadHumidity
 .text.BSP_MAGNETO_Init
                0x080012cc       0x58 ./Core/Src/stm32l4s5i_iot01_magneto.o
                0x080012cc                BSP_MAGNETO_Init
 .text.BSP_MAGNETO_GetXYZ
                0x08001324       0x30 ./Core/Src/stm32l4s5i_iot01_magneto.o
                0x08001324                BSP_MAGNETO_GetXYZ
 .text.HAL_MspInit
                0x08001354       0x48 ./Core/Src/stm32l4xx_hal_msp.o
                0x08001354                HAL_MspInit
 .text.HAL_I2C_MspInit
                0x0800139c      0x264 ./Core/Src/stm32l4xx_hal_msp.o
                0x0800139c                HAL_I2C_MspInit
 .text.HAL_I2C_MspDeInit
                0x08001600       0xdc ./Core/Src/stm32l4xx_hal_msp.o
                0x08001600                HAL_I2C_MspDeInit
 .text.HAL_UART_MspInit
                0x080016dc       0xbc ./Core/Src/stm32l4xx_hal_msp.o
                0x080016dc                HAL_UART_MspInit
 .text.NMI_Handler
                0x08001798        0x8 ./Core/Src/stm32l4xx_it.o
                0x08001798                NMI_Handler
 .text.HardFault_Handler
                0x080017a0        0x8 ./Core/Src/stm32l4xx_it.o
                0x080017a0                HardFault_Handler
 .text.MemManage_Handler
                0x080017a8        0x8 ./Core/Src/stm32l4xx_it.o
                0x080017a8                MemManage_Handler
 .text.BusFault_Handler
                0x080017b0        0x8 ./Core/Src/stm32l4xx_it.o
                0x080017b0                BusFault_Handler
 .text.UsageFault_Handler
                0x080017b8        0x8 ./Core/Src/stm32l4xx_it.o
                0x080017b8                UsageFault_Handler
 .text.SVC_Handler
                0x080017c0        0xe ./Core/Src/stm32l4xx_it.o
                0x080017c0                SVC_Handler
 .text.DebugMon_Handler
                0x080017ce        0xe ./Core/Src/stm32l4xx_it.o
                0x080017ce                DebugMon_Handler
 .text.PendSV_Handler
                0x080017dc        0xe ./Core/Src/stm32l4xx_it.o
                0x080017dc                PendSV_Handler
 .text.SysTick_Handler
                0x080017ea        0xc ./Core/Src/stm32l4xx_it.o
                0x080017ea                SysTick_Handler
 .text.EXTI15_10_IRQHandler
                0x080017f6       0x10 ./Core/Src/stm32l4xx_it.o
                0x080017f6                EXTI15_10_IRQHandler
 *fill*         0x08001806        0x2 
 .text._sbrk    0x08001808       0x6c ./Core/Src/sysmem.o
                0x08001808                _sbrk
 .text.SystemInit
                0x08001874       0x24 ./Core/Src/system_stm32l4xx.o
                0x08001874                SystemInit
 .text.Reset_Handler
                0x08001898       0x50 ./Core/Startup/startup_stm32l4s5vitx.o
                0x08001898                Reset_Handler
 .text.Default_Handler
                0x080018e8        0x2 ./Core/Startup/startup_stm32l4s5vitx.o
                0x080018e8                TIM1_BRK_TIM15_IRQHandler
                0x080018e8                EXTI2_IRQHandler
                0x080018e8                TIM8_TRG_COM_IRQHandler
                0x080018e8                TIM8_CC_IRQHandler
                0x080018e8                TIM1_CC_IRQHandler
                0x080018e8                TSC_IRQHandler
                0x080018e8                TAMP_STAMP_IRQHandler
                0x080018e8                EXTI3_IRQHandler
                0x080018e8                LPTIM2_IRQHandler
                0x080018e8                DFSDM1_FLT1_IRQHandler
                0x080018e8                GFXMMU_IRQHandler
                0x080018e8                I2C3_ER_IRQHandler
                0x080018e8                DFSDM1_FLT2_IRQHandler
                0x080018e8                EXTI0_IRQHandler
                0x080018e8                I2C2_EV_IRQHandler
                0x080018e8                CAN1_RX0_IRQHandler
                0x080018e8                FPU_IRQHandler
                0x080018e8                TIM1_UP_TIM16_IRQHandler
                0x080018e8                LTDC_ER_IRQHandler
                0x080018e8                SPI1_IRQHandler
                0x080018e8                OCTOSPI1_IRQHandler
                0x080018e8                TIM6_DAC_IRQHandler
                0x080018e8                DCMI_IRQHandler
                0x080018e8                TIM8_UP_IRQHandler
                0x080018e8                OCTOSPI2_IRQHandler
                0x080018e8                DMA2_Channel2_IRQHandler
                0x080018e8                DMA1_Channel4_IRQHandler
                0x080018e8                SAI2_IRQHandler
                0x080018e8                ADC1_IRQHandler
                0x080018e8                DFSDM1_FLT3_IRQHandler
                0x080018e8                USART3_IRQHandler
                0x080018e8                DMA1_Channel7_IRQHandler
                0x080018e8                CAN1_RX1_IRQHandler
                0x080018e8                UART5_IRQHandler
                0x080018e8                TIM4_IRQHandler
                0x080018e8                DMA2_Channel1_IRQHandler
                0x080018e8                I2C1_EV_IRQHandler
                0x080018e8                DMAMUX1_OVR_IRQHandler
                0x080018e8                DMA1_Channel6_IRQHandler
                0x080018e8                UART4_IRQHandler
                0x080018e8                DMA2_Channel4_IRQHandler
                0x080018e8                TIM3_IRQHandler
                0x080018e8                RCC_IRQHandler
                0x080018e8                DMA1_Channel1_IRQHandler
                0x080018e8                Default_Handler
                0x080018e8                DMA2_Channel7_IRQHandler
                0x080018e8                TIM7_IRQHandler
                0x080018e8                SDMMC1_IRQHandler
                0x080018e8                TIM5_IRQHandler
                0x080018e8                I2C3_EV_IRQHandler
                0x080018e8                EXTI9_5_IRQHandler
                0x080018e8                RTC_WKUP_IRQHandler
                0x080018e8                LTDC_IRQHandler
                0x080018e8                PVD_PVM_IRQHandler
                0x080018e8                SPI2_IRQHandler
                0x080018e8                CAN1_TX_IRQHandler
                0x080018e8                DMA2_Channel5_IRQHandler
                0x080018e8                DMA1_Channel5_IRQHandler
                0x080018e8                EXTI4_IRQHandler
                0x080018e8                RNG_IRQHandler
                0x080018e8                TIM1_TRG_COM_TIM17_IRQHandler
                0x080018e8                DMA1_Channel3_IRQHandler
                0x080018e8                COMP_IRQHandler
                0x080018e8                HASH_CRS_IRQHandler
                0x080018e8                WWDG_IRQHandler
                0x080018e8                I2C4_EV_IRQHandler
                0x080018e8                LPUART1_IRQHandler
                0x080018e8                DMA2_Channel6_IRQHandler
                0x080018e8                TIM2_IRQHandler
                0x080018e8                DMA2D_IRQHandler
                0x080018e8                EXTI1_IRQHandler
                0x080018e8                AES_IRQHandler
                0x080018e8                USART2_IRQHandler
                0x080018e8                DFSDM1_FLT0_IRQHandler
                0x080018e8                I2C2_ER_IRQHandler
                0x080018e8                DMA1_Channel2_IRQHandler
                0x080018e8                TIM8_BRK_IRQHandler
                0x080018e8                CAN1_SCE_IRQHandler
                0x080018e8                FLASH_IRQHandler
                0x080018e8                USART1_IRQHandler
                0x080018e8                OTG_FS_IRQHandler
                0x080018e8                SPI3_IRQHandler
                0x080018e8                I2C1_ER_IRQHandler
                0x080018e8                FMC_IRQHandler
                0x080018e8                LPTIM1_IRQHandler
                0x080018e8                I2C4_ER_IRQHandler
                0x080018e8                SAI1_IRQHandler
                0x080018e8                DMA2_Channel3_IRQHandler
                0x080018e8                RTC_Alarm_IRQHandler
 .text.HTS221_H_Init
                0x080018ea       0x58 ./Drivers/Components/hts221/hts221.o
                0x080018ea                HTS221_H_Init
 .text.HTS221_H_ReadID
                0x08001942       0x2c ./Drivers/Components/hts221/hts221.o
                0x08001942                HTS221_H_ReadID
 *fill*         0x0800196e        0x2 
 .text.HTS221_H_ReadHumidity
                0x08001970      0x13c ./Drivers/Components/hts221/hts221.o
                0x08001970                HTS221_H_ReadHumidity
 .text.LIS3MDL_MagInit
                0x08001aac       0x50 ./Drivers/Components/lis3mdl/lis3mdl.o
                0x08001aac                LIS3MDL_MagInit
 .text.LIS3MDL_MagDeInit
                0x08001afc       0x3a ./Drivers/Components/lis3mdl/lis3mdl.o
                0x08001afc                LIS3MDL_MagDeInit
 .text.LIS3MDL_MagReadID
                0x08001b36       0x16 ./Drivers/Components/lis3mdl/lis3mdl.o
                0x08001b36                LIS3MDL_MagReadID
 .text.LIS3MDL_MagLowPower
                0x08001b4c       0x44 ./Drivers/Components/lis3mdl/lis3mdl.o
                0x08001b4c                LIS3MDL_MagLowPower
 .text.LIS3MDL_MagReadXYZ
                0x08001b90      0x108 ./Drivers/Components/lis3mdl/lis3mdl.o
                0x08001b90                LIS3MDL_MagReadXYZ
 .text.LSM6DSL_AccInit
                0x08001c98       0x72 ./Drivers/Components/lsm6dsl/lsm6dsl.o
                0x08001c98                LSM6DSL_AccInit
 .text.LSM6DSL_AccDeInit
                0x08001d0a       0x32 ./Drivers/Components/lsm6dsl/lsm6dsl.o
                0x08001d0a                LSM6DSL_AccDeInit
 .text.LSM6DSL_AccReadID
                0x08001d3c       0x16 ./Drivers/Components/lsm6dsl/lsm6dsl.o
                0x08001d3c                LSM6DSL_AccReadID
 .text.LSM6DSL_AccLowPower
                0x08001d52       0x44 ./Drivers/Components/lsm6dsl/lsm6dsl.o
                0x08001d52                LSM6DSL_AccLowPower
 *fill*         0x08001d96        0x2 
 .text.LSM6DSL_AccReadXYZ
                0x08001d98      0x12c ./Drivers/Components/lsm6dsl/lsm6dsl.o
                0x08001d98                LSM6DSL_AccReadXYZ
 .text.LSM6DSL_GyroInit
                0x08001ec4       0x72 ./Drivers/Components/lsm6dsl/lsm6dsl.o
                0x08001ec4                LSM6DSL_GyroInit
 .text.LSM6DSL_GyroDeInit
                0x08001f36       0x32 ./Drivers/Components/lsm6dsl/lsm6dsl.o
                0x08001f36                LSM6DSL_GyroDeInit
 .text.LSM6DSL_GyroReadID
                0x08001f68       0x16 ./Drivers/Components/lsm6dsl/lsm6dsl.o
                0x08001f68                LSM6DSL_GyroReadID
 .text.LSM6DSL_GyroLowPower
                0x08001f7e       0x44 ./Drivers/Components/lsm6dsl/lsm6dsl.o
                0x08001f7e                LSM6DSL_GyroLowPower
 *fill*         0x08001fc2        0x2 
 .text.LSM6DSL_GyroReadXYZAngRate
                0x08001fc4      0x124 ./Drivers/Components/lsm6dsl/lsm6dsl.o
                0x08001fc4                LSM6DSL_GyroReadXYZAngRate
 .text.HAL_Init
                0x080020e8       0x30 ./Drivers/STM32L4xx_HAL_Driver/Src/stm32l4xx_hal.o
                0x080020e8                HAL_Init
 .text.HAL_InitTick
                0x08002118       0x78 ./Drivers/STM32L4xx_HAL_Driver/Src/stm32l4xx_hal.o
                0x08002118                HAL_InitTick
 .text.HAL_IncTick
                0x08002190       0x28 ./Drivers/STM32L4xx_HAL_Driver/Src/stm32l4xx_hal.o
                0x08002190                HAL_IncTick
 .text.HAL_GetTick
                0x080021b8       0x18 ./Drivers/STM32L4xx_HAL_Driver/Src/stm32l4xx_hal.o
                0x080021b8                HAL_GetTick
 .text.__NVIC_SetPriorityGrouping
                0x080021d0       0x48 ./Drivers/STM32L4xx_HAL_Driver/Src/stm32l4xx_hal_cortex.o
 .text.__NVIC_GetPriorityGrouping
                0x08002218       0x1c ./Drivers/STM32L4xx_HAL_Driver/Src/stm32l4xx_hal_cortex.o
 .text.__NVIC_EnableIRQ
                0x08002234       0x3c ./Drivers/STM32L4xx_HAL_Driver/Src/stm32l4xx_hal_cortex.o
 .text.__NVIC_SetPriority
                0x08002270       0x54 ./Drivers/STM32L4xx_HAL_Driver/Src/stm32l4xx_hal_cortex.o
 .text.NVIC_EncodePriority
                0x080022c4       0x66 ./Drivers/STM32L4xx_HAL_Driver/Src/stm32l4xx_hal_cortex.o
 *fill*         0x0800232a        0x2 
 .text.SysTick_Config
                0x0800232c       0x44 ./Drivers/STM32L4xx_HAL_Driver/Src/stm32l4xx_hal_cortex.o
 .text.HAL_NVIC_SetPriorityGrouping
                0x08002370       0x16 ./Drivers/STM32L4xx_HAL_Driver/Src/stm32l4xx_hal_cortex.o
                0x08002370                HAL_NVIC_SetPriorityGrouping
 .text.HAL_NVIC_SetPriority
                0x08002386       0x38 ./Drivers/STM32L4xx_HAL_Driver/Src/stm32l4xx_hal_cortex.o
                0x08002386                HAL_NVIC_SetPriority
 .text.HAL_NVIC_EnableIRQ
                0x080023be       0x1c ./Drivers/STM32L4xx_HAL_Driver/Src/stm32l4xx_hal_cortex.o
                0x080023be                HAL_NVIC_EnableIRQ
 .text.HAL_SYSTICK_Config
                0x080023da       0x18 ./Drivers/STM32L4xx_HAL_Driver/Src/stm32l4xx_hal_cortex.o
                0x080023da                HAL_SYSTICK_Config
 *fill*         0x080023f2        0x2 
 .text.HAL_GPIO_Init
                0x080023f4      0x324 ./Drivers/STM32L4xx_HAL_Driver/Src/stm32l4xx_hal_gpio.o
                0x080023f4                HAL_GPIO_Init
 .text.HAL_GPIO_DeInit
                0x08002718      0x1e4 ./Drivers/STM32L4xx_HAL_Driver/Src/stm32l4xx_hal_gpio.o
                0x08002718                HAL_GPIO_DeInit
 .text.HAL_GPIO_EXTI_IRQHandler
                0x080028fc       0x30 ./Drivers/STM32L4xx_HAL_Driver/Src/stm32l4xx_hal_gpio.o
                0x080028fc                HAL_GPIO_EXTI_IRQHandler
 .text.HAL_I2C_Init
                0x0800292c      0x136 ./Drivers/STM32L4xx_HAL_Driver/Src/stm32l4xx_hal_i2c.o
                0x0800292c                HAL_I2C_Init
 .text.HAL_I2C_DeInit
                0x08002a62       0x5e ./Drivers/STM32L4xx_HAL_Driver/Src/stm32l4xx_hal_i2c.o
                0x08002a62                HAL_I2C_DeInit
 .text.HAL_I2C_Mem_Write
                0x08002ac0      0x228 ./Drivers/STM32L4xx_HAL_Driver/Src/stm32l4xx_hal_i2c.o
                0x08002ac0                HAL_I2C_Mem_Write
 .text.HAL_I2C_Mem_Read
                0x08002ce8      0x234 ./Drivers/STM32L4xx_HAL_Driver/Src/stm32l4xx_hal_i2c.o
                0x08002ce8                HAL_I2C_Mem_Read
 .text.I2C_RequestMemoryWrite
                0x08002f1c       0xa8 ./Drivers/STM32L4xx_HAL_Driver/Src/stm32l4xx_hal_i2c.o
 .text.I2C_RequestMemoryRead
                0x08002fc4       0xa8 ./Drivers/STM32L4xx_HAL_Driver/Src/stm32l4xx_hal_i2c.o
 .text.I2C_Flush_TXDR
                0x0800306c       0x48 ./Drivers/STM32L4xx_HAL_Driver/Src/stm32l4xx_hal_i2c.o
 .text.I2C_WaitOnFlagUntilTimeout
                0x080030b4       0xb2 ./Drivers/STM32L4xx_HAL_Driver/Src/stm32l4xx_hal_i2c.o
 .text.I2C_WaitOnTXISFlagUntilTimeout
                0x08003166       0x8e ./Drivers/STM32L4xx_HAL_Driver/Src/stm32l4xx_hal_i2c.o
 .text.I2C_WaitOnSTOPFlagUntilTimeout
                0x080031f4       0x86 ./Drivers/STM32L4xx_HAL_Driver/Src/stm32l4xx_hal_i2c.o
 *fill*         0x0800327a        0x2 
 .text.I2C_IsErrorOccurred
                0x0800327c      0x1c0 ./Drivers/STM32L4xx_HAL_Driver/Src/stm32l4xx_hal_i2c.o
 .text.I2C_TransferConfig
                0x0800343c       0x64 ./Drivers/STM32L4xx_HAL_Driver/Src/stm32l4xx_hal_i2c.o
 .text.HAL_I2CEx_ConfigAnalogFilter
                0x080034a0       0x96 ./Drivers/STM32L4xx_HAL_Driver/Src/stm32l4xx_hal_i2c_ex.o
                0x080034a0                HAL_I2CEx_ConfigAnalogFilter
 .text.HAL_I2CEx_ConfigDigitalFilter
                0x08003536       0x98 ./Drivers/STM32L4xx_HAL_Driver/Src/stm32l4xx_hal_i2c_ex.o
                0x08003536                HAL_I2CEx_ConfigDigitalFilter
 *fill*         0x080035ce        0x2 
 .text.HAL_PWREx_GetVoltageRange
                0x080035d0       0x40 ./Drivers/STM32L4xx_HAL_Driver/Src/stm32l4xx_hal_pwr_ex.o
                0x080035d0                HAL_PWREx_GetVoltageRange
 .text.HAL_PWREx_ControlVoltageScaling
                0x08003610      0x148 ./Drivers/STM32L4xx_HAL_Driver/Src/stm32l4xx_hal_pwr_ex.o
                0x08003610                HAL_PWREx_ControlVoltageScaling
 .text.HAL_RCC_OscConfig
                0x08003758      0x834 ./Drivers/STM32L4xx_HAL_Driver/Src/stm32l4xx_hal_rcc.o
                0x08003758                HAL_RCC_OscConfig
 .text.HAL_RCC_ClockConfig
                0x08003f8c      0x274 ./Drivers/STM32L4xx_HAL_Driver/Src/stm32l4xx_hal_rcc.o
                0x08003f8c                HAL_RCC_ClockConfig
 .text.HAL_RCC_GetSysClockFreq
                0x08004200      0x118 ./Drivers/STM32L4xx_HAL_Driver/Src/stm32l4xx_hal_rcc.o
                0x08004200                HAL_RCC_GetSysClockFreq
 .text.HAL_RCC_GetHCLKFreq
                0x08004318       0x18 ./Drivers/STM32L4xx_HAL_Driver/Src/stm32l4xx_hal_rcc.o
                0x08004318                HAL_RCC_GetHCLKFreq
 .text.HAL_RCC_GetPCLK1Freq
                0x08004330       0x2c ./Drivers/STM32L4xx_HAL_Driver/Src/stm32l4xx_hal_rcc.o
                0x08004330                HAL_RCC_GetPCLK1Freq
 .text.HAL_RCC_GetPCLK2Freq
                0x0800435c       0x2c ./Drivers/STM32L4xx_HAL_Driver/Src/stm32l4xx_hal_rcc.o
                0x0800435c                HAL_RCC_GetPCLK2Freq
 .text.RCC_SetFlashLatencyFromMSIRange
                0x08004388       0xb4 ./Drivers/STM32L4xx_HAL_Driver/Src/stm32l4xx_hal_rcc.o
 .text.RCC_GetSysClockFreqFromPLLSource
                0x0800443c       0xcc ./Drivers/STM32L4xx_HAL_Driver/Src/stm32l4xx_hal_rcc.o
 .text.HAL_RCCEx_PeriphCLKConfig
                0x08004508      0x660 ./Drivers/STM32L4xx_HAL_Driver/Src/stm32l4xx_hal_rcc_ex.o
                0x08004508                HAL_RCCEx_PeriphCLKConfig
 .text.RCCEx_PLLSAI1_Config
                0x08004b68      0x1e8 ./Drivers/STM32L4xx_HAL_Driver/Src/stm32l4xx_hal_rcc_ex.o
 .text.RCCEx_PLLSAI2_Config
                0x08004d50      0x1e8 ./Drivers/STM32L4xx_HAL_Driver/Src/stm32l4xx_hal_rcc_ex.o
 .text.HAL_UART_Init
                0x08004f38       0xa0 ./Drivers/STM32L4xx_HAL_Driver/Src/stm32l4xx_hal_uart.o
                0x08004f38                HAL_UART_Init
 .text.HAL_UART_Transmit
                0x08004fd8      0x11c ./Drivers/STM32L4xx_HAL_Driver/Src/stm32l4xx_hal_uart.o
                0x08004fd8                HAL_UART_Transmit
 .text.UART_SetConfig
                0x080050f4      0x5f8 ./Drivers/STM32L4xx_HAL_Driver/Src/stm32l4xx_hal_uart.o
                0x080050f4                UART_SetConfig
 .text.UART_AdvFeatureConfig
                0x080056ec      0x144 ./Drivers/STM32L4xx_HAL_Driver/Src/stm32l4xx_hal_uart.o
                0x080056ec                UART_AdvFeatureConfig
 .text.UART_CheckIdleState
                0x08005830      0x154 ./Drivers/STM32L4xx_HAL_Driver/Src/stm32l4xx_hal_uart.o
                0x08005830                UART_CheckIdleState
 .text.UART_WaitOnFlagUntilTimeout
                0x08005984       0xda ./Drivers/STM32L4xx_HAL_Driver/Src/stm32l4xx_hal_uart.o
                0x08005984                UART_WaitOnFlagUntilTimeout
 .text.UART_EndRxTransfer
                0x08005a5e       0xcc ./Drivers/STM32L4xx_HAL_Driver/Src/stm32l4xx_hal_uart.o
 .text.HAL_UARTEx_DisableFifoMode
                0x08005b2a       0x72 ./Drivers/STM32L4xx_HAL_Driver/Src/stm32l4xx_hal_uart_ex.o
                0x08005b2a                HAL_UARTEx_DisableFifoMode
 .text.HAL_UARTEx_SetTxFifoThreshold
                0x08005b9c       0x7c ./Drivers/STM32L4xx_HAL_Driver/Src/stm32l4xx_hal_uart_ex.o
                0x08005b9c                HAL_UARTEx_SetTxFifoThreshold
 .text.HAL_UARTEx_SetRxFifoThreshold
                0x08005c18       0x7c ./Drivers/STM32L4xx_HAL_Driver/Src/stm32l4xx_hal_uart_ex.o
                0x08005c18                HAL_UARTEx_SetRxFifoThreshold
 .text.UARTEx_SetNbDataToProcess
                0x08005c94       0x9c ./Drivers/STM32L4xx_HAL_Driver/Src/stm32l4xx_hal_uart_ex.o
 .text.sprintf  0x08005d30       0x44 /Applications/STM32CubeIDE.app/Contents/Eclipse/plugins/com.st.stm32cube.ide.mcu.externaltools.gnu-tools-for-stm32.13.3.rel1.macos64_1.0.0.202411102158/tools/bin/../lib/gcc/arm-none-eabi/13.3.1/../../../../arm-none-eabi/lib/thumb/v7e-m+fp/hard/libc_nano.a(libc_a-sprintf.o)
                0x08005d30                sprintf
                0x08005d30                siprintf
 .text.memset   0x08005d74       0x10 /Applications/STM32CubeIDE.app/Contents/Eclipse/plugins/com.st.stm32cube.ide.mcu.externaltools.gnu-tools-for-stm32.13.3.rel1.macos64_1.0.0.202411102158/tools/bin/../lib/gcc/arm-none-eabi/13.3.1/../../../../arm-none-eabi/lib/thumb/v7e-m+fp/hard/libc_nano.a(libc_a-memset.o)
                0x08005d74                memset
 .text.__errno  0x08005d84        0xc /Applications/STM32CubeIDE.app/Contents/Eclipse/plugins/com.st.stm32cube.ide.mcu.externaltools.gnu-tools-for-stm32.13.3.rel1.macos64_1.0.0.202411102158/tools/bin/../lib/gcc/arm-none-eabi/13.3.1/../../../../arm-none-eabi/lib/thumb/v7e-m+fp/hard/libc_nano.a(libc_a-errno.o)
                0x08005d84                __errno
 .text.__libc_init_array
                0x08005d90       0x48 /Applications/STM32CubeIDE.app/Contents/Eclipse/plugins/com.st.stm32cube.ide.mcu.externaltools.gnu-tools-for-stm32.13.3.rel1.macos64_1.0.0.202411102158/tools/bin/../lib/gcc/arm-none-eabi/13.3.1/../../../../arm-none-eabi/lib/thumb/v7e-m+fp/hard/libc_nano.a(libc_a-init.o)
                0x08005d90                __libc_init_array
 .text.__retarget_lock_acquire_recursive
                0x08005dd8        0x2 /Applications/STM32CubeIDE.app/Contents/Eclipse/plugins/com.st.stm32cube.ide.mcu.externaltools.gnu-tools-for-stm32.13.3.rel1.macos64_1.0.0.202411102158/tools/bin/../lib/gcc/arm-none-eabi/13.3.1/../../../../arm-none-eabi/lib/thumb/v7e-m+fp/hard/libc_nano.a(libc_a-lock.o)
                0x08005dd8                __retarget_lock_acquire_recursive
 .text.__retarget_lock_release_recursive
                0x08005dda        0x2 /Applications/STM32CubeIDE.app/Contents/Eclipse/plugins/com.st.stm32cube.ide.mcu.externaltools.gnu-tools-for-stm32.13.3.rel1.macos64_1.0.0.202411102158/tools/bin/../lib/gcc/arm-none-eabi/13.3.1/../../../../arm-none-eabi/lib/thumb/v7e-m+fp/hard/libc_nano.a(libc_a-lock.o)
                0x08005dda                __retarget_lock_release_recursive
 .text.memcpy   0x08005ddc       0x1c /Applications/STM32CubeIDE.app/Contents/Eclipse/plugins/com.st.stm32cube.ide.mcu.externaltools.gnu-tools-for-stm32.13.3.rel1.macos64_1.0.0.202411102158/tools/bin/../lib/gcc/arm-none-eabi/13.3.1/../../../../arm-none-eabi/lib/thumb/v7e-m+fp/hard/libc_nano.a(libc_a-memcpy-stub.o)
                0x08005ddc                memcpy
 .text.__ssputs_r
                0x08005df8       0xb6 /Applications/STM32CubeIDE.app/Contents/Eclipse/plugins/com.st.stm32cube.ide.mcu.externaltools.gnu-tools-for-stm32.13.3.rel1.macos64_1.0.0.202411102158/tools/bin/../lib/gcc/arm-none-eabi/13.3.1/../../../../arm-none-eabi/lib/thumb/v7e-m+fp/hard/libc_nano.a(libc_a-nano-svfprintf.o)
                0x08005df8                __ssputs_r
 *fill*         0x08005eae        0x2 
 .text._svfprintf_r
                0x08005eb0      0x1f8 /Applications/STM32CubeIDE.app/Contents/Eclipse/plugins/com.st.stm32cube.ide.mcu.externaltools.gnu-tools-for-stm32.13.3.rel1.macos64_1.0.0.202411102158/tools/bin/../lib/gcc/arm-none-eabi/13.3.1/../../../../arm-none-eabi/lib/thumb/v7e-m+fp/hard/libc_nano.a(libc_a-nano-svfprintf.o)
                0x08005eb0                _svfprintf_r
                0x08005eb0                _svfiprintf_r
 .text.sbrk_aligned
                0x080060a8       0x44 /Applications/STM32CubeIDE.app/Contents/Eclipse/plugins/com.st.stm32cube.ide.mcu.externaltools.gnu-tools-for-stm32.13.3.rel1.macos64_1.0.0.202411102158/tools/bin/../lib/gcc/arm-none-eabi/13.3.1/../../../../arm-none-eabi/lib/thumb/v7e-m+fp/hard/libc_nano.a(libc_a-mallocr.o)
 .text._malloc_r
                0x080060ec      0x100 /Applications/STM32CubeIDE.app/Contents/Eclipse/plugins/com.st.stm32cube.ide.mcu.externaltools.gnu-tools-for-stm32.13.3.rel1.macos64_1.0.0.202411102158/tools/bin/../lib/gcc/arm-none-eabi/13.3.1/../../../../arm-none-eabi/lib/thumb/v7e-m+fp/hard/libc_nano.a(libc_a-mallocr.o)
                0x080060ec                _malloc_r
 .text._printf_common
                0x080061ec       0xda /Applications/STM32CubeIDE.app/Contents/Eclipse/plugins/com.st.stm32cube.ide.mcu.externaltools.gnu-tools-for-stm32.13.3.rel1.macos64_1.0.0.202411102158/tools/bin/../lib/gcc/arm-none-eabi/13.3.1/../../../../arm-none-eabi/lib/thumb/v7e-m+fp/hard/libc_nano.a(libc_a-nano-vfprintf_i.o)
                0x080061ec                _printf_common
 *fill*         0x080062c6        0x2 
 .text._printf_i
                0x080062c8      0x23c /Applications/STM32CubeIDE.app/Contents/Eclipse/plugins/com.st.stm32cube.ide.mcu.externaltools.gnu-tools-for-stm32.13.3.rel1.macos64_1.0.0.202411102158/tools/bin/../lib/gcc/arm-none-eabi/13.3.1/../../../../arm-none-eabi/lib/thumb/v7e-m+fp/hard/libc_nano.a(libc_a-nano-vfprintf_i.o)
                0x080062c8                _printf_i
 .text.__malloc_lock
                0x08006504        0xc /Applications/STM32CubeIDE.app/Contents/Eclipse/plugins/com.st.stm32cube.ide.mcu.externaltools.gnu-tools-for-stm32.13.3.rel1.macos64_1.0.0.202411102158/tools/bin/../lib/gcc/arm-none-eabi/13.3.1/../../../../arm-none-eabi/lib/thumb/v7e-m+fp/hard/libc_nano.a(libc_a-mlock.o)
                0x08006504                __malloc_lock
 .text.__malloc_unlock
                0x08006510        0xc /Applications/STM32CubeIDE.app/Contents/Eclipse/plugins/com.st.stm32cube.ide.mcu.externaltools.gnu-tools-for-stm32.13.3.rel1.macos64_1.0.0.202411102158/tools/bin/../lib/gcc/arm-none-eabi/13.3.1/../../../../arm-none-eabi/lib/thumb/v7e-m+fp/hard/libc_nano.a(libc_a-mlock.o)
                0x08006510                __malloc_unlock
 .text._realloc_r
                0x0800651c       0x5c /Applications/STM32CubeIDE.app/Contents/Eclipse/plugins/com.st.stm32cube.ide.mcu.externaltools.gnu-tools-for-stm32.13.3.rel1.macos64_1.0.0.202411102158/tools/bin/../lib/gcc/arm-none-eabi/13.3.1/../../../../arm-none-eabi/lib/thumb/v7e-m+fp/hard/libc_nano.a(libc_a-reallocr.o)
                0x0800651c                _realloc_r
 .text.memmove  0x08006578       0x34 /Applications/STM32CubeIDE.app/Contents/Eclipse/plugins/com.st.stm32cube.ide.mcu.externaltools.gnu-tools-for-stm32.13.3.rel1.macos64_1.0.0.202411102158/tools/bin/../lib/gcc/arm-none-eabi/13.3.1/../../../../arm-none-eabi/lib/thumb/v7e-m+fp/hard/libc_nano.a(libc_a-memmove.o)
                0x08006578                memmove
 .text._sbrk_r  0x080065ac       0x20 /Applications/STM32CubeIDE.app/Contents/Eclipse/plugins/com.st.stm32cube.ide.mcu.externaltools.gnu-tools-for-stm32.13.3.rel1.macos64_1.0.0.202411102158/tools/bin/../lib/gcc/arm-none-eabi/13.3.1/../../../../arm-none-eabi/lib/thumb/v7e-m+fp/hard/libc_nano.a(libc_a-sbrkr.o)
                0x080065ac                _sbrk_r
 .text._free_r  0x080065cc       0x94 /Applications/STM32CubeIDE.app/Contents/Eclipse/plugins/com.st.stm32cube.ide.mcu.externaltools.gnu-tools-for-stm32.13.3.rel1.macos64_1.0.0.202411102158/tools/bin/../lib/gcc/arm-none-eabi/13.3.1/../../../../arm-none-eabi/lib/thumb/v7e-m+fp/hard/libc_nano.a(libc_a-freer.o)
                0x080065cc                _free_r
 .text._malloc_usable_size_r
                0x08006660       0x10 /Applications/STM32CubeIDE.app/Contents/Eclipse/plugins/com.st.stm32cube.ide.mcu.externaltools.gnu-tools-for-stm32.13.3.rel1.macos64_1.0.0.202411102158/tools/bin/../lib/gcc/arm-none-eabi/13.3.1/../../../../arm-none-eabi/lib/thumb/v7e-m+fp/hard/libc_nano.a(libc_a-msizer.o)
                0x08006660                _malloc_usable_size_r
 *(.glue_7)
 .glue_7        0x08006670        0x0 linker stubs
 *(.glue_7t)
 .glue_7t       0x08006670        0x0 linker stubs
 *(.eh_frame)
 .eh_frame      0x08006670        0x0 /Applications/STM32CubeIDE.app/Contents/Eclipse/plugins/com.st.stm32cube.ide.mcu.externaltools.gnu-tools-for-stm32.13.3.rel1.macos64_1.0.0.202411102158/tools/bin/../lib/gcc/arm-none-eabi/13.3.1/thumb/v7e-m+fp/hard/crtbegin.o
 *(.init)
 .init          0x08006670        0x4 /Applications/STM32CubeIDE.app/Contents/Eclipse/plugins/com.st.stm32cube.ide.mcu.externaltools.gnu-tools-for-stm32.13.3.rel1.macos64_1.0.0.202411102158/tools/bin/../lib/gcc/arm-none-eabi/13.3.1/thumb/v7e-m+fp/hard/crti.o
                0x08006670                _init
 .init          0x08006674        0x8 /Applications/STM32CubeIDE.app/Contents/Eclipse/plugins/com.st.stm32cube.ide.mcu.externaltools.gnu-tools-for-stm32.13.3.rel1.macos64_1.0.0.202411102158/tools/bin/../lib/gcc/arm-none-eabi/13.3.1/thumb/v7e-m+fp/hard/crtn.o
 *(.fini)
 .fini          0x0800667c        0x4 /Applications/STM32CubeIDE.app/Contents/Eclipse/plugins/com.st.stm32cube.ide.mcu.externaltools.gnu-tools-for-stm32.13.3.rel1.macos64_1.0.0.202411102158/tools/bin/../lib/gcc/arm-none-eabi/13.3.1/thumb/v7e-m+fp/hard/crti.o
                0x0800667c                _fini
 .fini          0x08006680        0x8 /Applications/STM32CubeIDE.app/Contents/Eclipse/plugins/com.st.stm32cube.ide.mcu.externaltools.gnu-tools-for-stm32.13.3.rel1.macos64_1.0.0.202411102158/tools/bin/../lib/gcc/arm-none-eabi/13.3.1/thumb/v7e-m+fp/hard/crtn.o
                0x08006688                        . = ALIGN (0x4)
                0x08006688                        _etext = .

.vfp11_veneer   0x08006688        0x0
 .vfp11_veneer  0x08006688        0x0 linker stubs

.v4_bx          0x08006688        0x0
 .v4_bx         0x08006688        0x0 linker stubs

.iplt           0x08006688        0x0
 .iplt          0x08006688        0x0 /Applications/STM32CubeIDE.app/Contents/Eclipse/plugins/com.st.stm32cube.ide.mcu.externaltools.gnu-tools-for-stm32.13.3.rel1.macos64_1.0.0.202411102158/tools/bin/../lib/gcc/arm-none-eabi/13.3.1/thumb/v7e-m+fp/hard/crtbegin.o

.rodata         0x08006688       0xf0
                0x08006688                        . = ALIGN (0x4)
 *(.rodata)
 .rodata        0x08006688       0x4a ./Core/Src/main.o
 *(.rodata*)
 *fill*         0x080066d2        0x2 
 .rodata.AHBPrescTable
                0x080066d4       0x10 ./Core/Src/system_stm32l4xx.o
                0x080066d4                AHBPrescTable
 .rodata.APBPrescTable
                0x080066e4        0x8 ./Core/Src/system_stm32l4xx.o
                0x080066e4                APBPrescTable
 .rodata.MSIRangeTable
                0x080066ec       0x30 ./Core/Src/system_stm32l4xx.o
                0x080066ec                MSIRangeTable
 .rodata.UARTPrescTable
                0x0800671c       0x18 ./Drivers/STM32L4xx_HAL_Driver/Src/stm32l4xx_hal_uart.o
                0x0800671c                UARTPrescTable
 .rodata.numerator.1
                0x08006734        0x8 ./Drivers/STM32L4xx_HAL_Driver/Src/stm32l4xx_hal_uart_ex.o
 .rodata.denominator.0
                0x0800673c        0x8 ./Drivers/STM32L4xx_HAL_Driver/Src/stm32l4xx_hal_uart_ex.o
 .rodata._svfprintf_r.str1.1
                0x08006744       0x33 /Applications/STM32CubeIDE.app/Contents/Eclipse/plugins/com.st.stm32cube.ide.mcu.externaltools.gnu-tools-for-stm32.13.3.rel1.macos64_1.0.0.202411102158/tools/bin/../lib/gcc/arm-none-eabi/13.3.1/../../../../arm-none-eabi/lib/thumb/v7e-m+fp/hard/libc_nano.a(libc_a-nano-svfprintf.o)
                                 0x11 (size before relaxing)
 .rodata._printf_i.str1.1
                0x08006777       0x22 /Applications/STM32CubeIDE.app/Contents/Eclipse/plugins/com.st.stm32cube.ide.mcu.externaltools.gnu-tools-for-stm32.13.3.rel1.macos64_1.0.0.202411102158/tools/bin/../lib/gcc/arm-none-eabi/13.3.1/../../../../arm-none-eabi/lib/thumb/v7e-m+fp/hard/libc_nano.a(libc_a-nano-vfprintf_i.o)
                0x0800679c                        . = ALIGN (0x4)
 *fill*         0x08006777        0x1 

.ARM.extab      0x08006778        0x0
                0x08006778                        . = ALIGN (0x4)
 *(.ARM.extab* .gnu.linkonce.armextab.*)
                0x08006778                        . = ALIGN (0x4)

.ARM            0x08006778        0x8
                0x08006778                        . = ALIGN (0x4)
                0x08006778                        __exidx_start = .
 *(.ARM.exidx*)
 .ARM.exidx     0x08006778        0x8 /Applications/STM32CubeIDE.app/Contents/Eclipse/plugins/com.st.stm32cube.ide.mcu.externaltools.gnu-tools-for-stm32.13.3.rel1.macos64_1.0.0.202411102158/tools/bin/../lib/gcc/arm-none-eabi/13.3.1/../../../../arm-none-eabi/lib/thumb/v7e-m+fp/hard/libc_nano.a(libc_a-strlen.o)
 .ARM.exidx     0x08006780        0x0 /Applications/STM32CubeIDE.app/Contents/Eclipse/plugins/com.st.stm32cube.ide.mcu.externaltools.gnu-tools-for-stm32.13.3.rel1.macos64_1.0.0.202411102158/tools/bin/../lib/gcc/arm-none-eabi/13.3.1/../../../../arm-none-eabi/lib/thumb/v7e-m+fp/hard/libc_nano.a(libc_a-memchr.o)
                                  0x8 (size before relaxing)
 .ARM.exidx     0x08006780        0x0 /Applications/STM32CubeIDE.app/Contents/Eclipse/plugins/com.st.stm32cube.ide.mcu.externaltools.gnu-tools-for-stm32.13.3.rel1.macos64_1.0.0.202411102158/tools/bin/../lib/gcc/arm-none-eabi/13.3.1/thumb/v7e-m+fp/hard/libgcc.a(_udivmoddi4.o)
                                  0x8 (size before relaxing)
                0x08006780                        __exidx_end = .
                0x08006780                        . = ALIGN (0x4)

.preinit_array  0x08006780        0x0
                0x08006780                        . = ALIGN (0x4)
                0x08006780                        PROVIDE (__preinit_array_start = .)
 *(.preinit_array*)
                0x08006780                        PROVIDE (__preinit_array_end = .)
                0x08006780                        . = ALIGN (0x4)

.init_array     0x08006780        0x4
                0x08006780                        . = ALIGN (0x4)
                0x08006780                        PROVIDE (__init_array_start = .)
 *(SORT_BY_NAME(.init_array.*))
 *(.init_array*)
 .init_array    0x08006780        0x4 /Applications/STM32CubeIDE.app/Contents/Eclipse/plugins/com.st.stm32cube.ide.mcu.externaltools.gnu-tools-for-stm32.13.3.rel1.macos64_1.0.0.202411102158/tools/bin/../lib/gcc/arm-none-eabi/13.3.1/thumb/v7e-m+fp/hard/crtbegin.o
                0x08006784                        PROVIDE (__init_array_end = .)
                0x08006784                        . = ALIGN (0x4)

.fini_array     0x08006784        0x4
                0x08006784                        . = ALIGN (0x4)
                [!provide]                        PROVIDE (__fini_array_start = .)
 *(SORT_BY_NAME(.fini_array.*))
 *(.fini_array*)
 .fini_array    0x08006784        0x4 /Applications/STM32CubeIDE.app/Contents/Eclipse/plugins/com.st.stm32cube.ide.mcu.externaltools.gnu-tools-for-stm32.13.3.rel1.macos64_1.0.0.202411102158/tools/bin/../lib/gcc/arm-none-eabi/13.3.1/thumb/v7e-m+fp/hard/crtbegin.o
                [!provide]                        PROVIDE (__fini_array_end = .)
                0x08006788                        . = ALIGN (0x4)
                0x08006788                        _sidata = LOADADDR (.data)

.rel.dyn        0x08006788        0x0
 .rel.iplt      0x08006788        0x0 /Applications/STM32CubeIDE.app/Contents/Eclipse/plugins/com.st.stm32cube.ide.mcu.externaltools.gnu-tools-for-stm32.13.3.rel1.macos64_1.0.0.202411102158/tools/bin/../lib/gcc/arm-none-eabi/13.3.1/thumb/v7e-m+fp/hard/crtbegin.o

.data           0x20000000      0x104 load address 0x08006788
                0x20000000                        . = ALIGN (0x4)
                0x20000000                        _sdata = .
 *(.data)
 *(.data*)
 .data.SystemCoreClock
                0x20000000        0x4 ./Core/Src/system_stm32l4xx.o
                0x20000000                SystemCoreClock
 .data.HTS221_H_Drv
                0x20000004        0xc ./Drivers/Components/hts221/hts221.o
                0x20000004                HTS221_H_Drv
 .data.Lis3mdlMagDrv
                0x20000010       0x34 ./Drivers/Components/lis3mdl/lis3mdl.o
                0x20000010                Lis3mdlMagDrv
 .data.Lsm6dslAccDrv
                0x20000044       0x34 ./Drivers/Components/lsm6dsl/lsm6dsl.o
                0x20000044                Lsm6dslAccDrv
 .data.Lsm6dslGyroDrv
                0x20000078       0x34 ./Drivers/Components/lsm6dsl/lsm6dsl.o
                0x20000078                Lsm6dslGyroDrv
 .data.uwTickPrio
                0x200000ac        0x4 ./Drivers/STM32L4xx_HAL_Driver/Src/stm32l4xx_hal.o
                0x200000ac                uwTickPrio
 .data.uwTickFreq
                0x200000b0        0x1 ./Drivers/STM32L4xx_HAL_Driver/Src/stm32l4xx_hal.o
                0x200000b0                uwTickFreq
 *fill*         0x200000b1        0x3 
 .data._impure_ptr
                0x200000b4        0x4 /Applications/STM32CubeIDE.app/Contents/Eclipse/plugins/com.st.stm32cube.ide.mcu.externaltools.gnu-tools-for-stm32.13.3.rel1.macos64_1.0.0.202411102158/tools/bin/../lib/gcc/arm-none-eabi/13.3.1/../../../../arm-none-eabi/lib/thumb/v7e-m+fp/hard/libc_nano.a(libc_a-impure.o)
                0x200000b4                _impure_ptr
 .data._impure_data
                0x200000b8       0x4c /Applications/STM32CubeIDE.app/Contents/Eclipse/plugins/com.st.stm32cube.ide.mcu.externaltools.gnu-tools-for-stm32.13.3.rel1.macos64_1.0.0.202411102158/tools/bin/../lib/gcc/arm-none-eabi/13.3.1/../../../../arm-none-eabi/lib/thumb/v7e-m+fp/hard/libc_nano.a(libc_a-impure.o)
                0x200000b8                _impure_data
 *(.RamFunc)
 *(.RamFunc*)
                0x20000104                        . = ALIGN (0x4)
                0x20000104                        _edata = .

.igot.plt       0x20000104        0x0 load address 0x0800688c
 .igot.plt      0x20000104        0x0 /Applications/STM32CubeIDE.app/Contents/Eclipse/plugins/com.st.stm32cube.ide.mcu.externaltools.gnu-tools-for-stm32.13.3.rel1.macos64_1.0.0.202411102158/tools/bin/../lib/gcc/arm-none-eabi/13.3.1/thumb/v7e-m+fp/hard/crtbegin.o
                0x20000104                        . = ALIGN (0x4)

.bss            0x20000104      0x3b8 load address 0x0800688c
                0x20000104                        _sbss = .
                0x20000104                        __bss_start__ = _sbss
 *(.bss)
 .bss           0x20000104       0x1c /Applications/STM32CubeIDE.app/Contents/Eclipse/plugins/com.st.stm32cube.ide.mcu.externaltools.gnu-tools-for-stm32.13.3.rel1.macos64_1.0.0.202411102158/tools/bin/../lib/gcc/arm-none-eabi/13.3.1/thumb/v7e-m+fp/hard/crtbegin.o
 *(.bss*)
 .bss.hi2c1     0x20000120       0x54 ./Core/Src/main.o
                0x20000120                hi2c1
 .bss.hi2c2     0x20000174       0x54 ./Core/Src/main.o
                0x20000174                hi2c2
 .bss.hi2c3     0x200001c8       0x54 ./Core/Src/main.o
                0x200001c8                hi2c3
 .bss.hi2c4     0x2000021c       0x54 ./Core/Src/main.o
                0x2000021c                hi2c4
 .bss.huart1    0x20000270       0x94 ./Core/Src/main.o
                0x20000270                huart1
 .bss.sensorType
                0x20000304        0x4 ./Core/Src/main.o
                0x20000304                sensorType
 .bss.hI2cHandler
                0x20000308       0x54 ./Core/Src/stm32l4s5i_iot01.o
                0x20000308                hI2cHandler
 .bss.AccelerometerDrv
                0x2000035c        0x4 ./Core/Src/stm32l4s5i_iot01_accelero.o
 .bss.GyroscopeDrv
                0x20000360        0x4 ./Core/Src/stm32l4s5i_iot01_gyro.o
 .bss.Hsensor_drv
                0x20000364        0x4 ./Core/Src/stm32l4s5i_iot01_hsensor.o
 .bss.MagnetoDrv
                0x20000368        0x4 ./Core/Src/stm32l4s5i_iot01_magneto.o
 .bss.__sbrk_heap_end
                0x2000036c        0x4 ./Core/Src/sysmem.o
 .bss.uwTick    0x20000370        0x4 ./Drivers/STM32L4xx_HAL_Driver/Src/stm32l4xx_hal.o
                0x20000370                uwTick
 .bss.__sf      0x20000374      0x138 /Applications/STM32CubeIDE.app/Contents/Eclipse/plugins/com.st.stm32cube.ide.mcu.externaltools.gnu-tools-for-stm32.13.3.rel1.macos64_1.0.0.202411102158/tools/bin/../lib/gcc/arm-none-eabi/13.3.1/../../../../arm-none-eabi/lib/thumb/v7e-m+fp/hard/libc_nano.a(libc_a-findfp.o)
                0x20000374                __sf
 .bss.__lock___malloc_recursive_mutex
                0x200004ac        0x1 /Applications/STM32CubeIDE.app/Contents/Eclipse/plugins/com.st.stm32cube.ide.mcu.externaltools.gnu-tools-for-stm32.13.3.rel1.macos64_1.0.0.202411102158/tools/bin/../lib/gcc/arm-none-eabi/13.3.1/../../../../arm-none-eabi/lib/thumb/v7e-m+fp/hard/libc_nano.a(libc_a-lock.o)
                0x200004ac                __lock___malloc_recursive_mutex
 *fill*         0x200004ad        0x3 
 .bss.__malloc_sbrk_start
                0x200004b0        0x4 /Applications/STM32CubeIDE.app/Contents/Eclipse/plugins/com.st.stm32cube.ide.mcu.externaltools.gnu-tools-for-stm32.13.3.rel1.macos64_1.0.0.202411102158/tools/bin/../lib/gcc/arm-none-eabi/13.3.1/../../../../arm-none-eabi/lib/thumb/v7e-m+fp/hard/libc_nano.a(libc_a-mallocr.o)
                0x200004b0                __malloc_sbrk_start
 .bss.__malloc_free_list
                0x200004b4        0x4 /Applications/STM32CubeIDE.app/Contents/Eclipse/plugins/com.st.stm32cube.ide.mcu.externaltools.gnu-tools-for-stm32.13.3.rel1.macos64_1.0.0.202411102158/tools/bin/../lib/gcc/arm-none-eabi/13.3.1/../../../../arm-none-eabi/lib/thumb/v7e-m+fp/hard/libc_nano.a(libc_a-mallocr.o)
                0x200004b4                __malloc_free_list
 .bss.errno     0x200004b8        0x4 /Applications/STM32CubeIDE.app/Contents/Eclipse/plugins/com.st.stm32cube.ide.mcu.externaltools.gnu-tools-for-stm32.13.3.rel1.macos64_1.0.0.202411102158/tools/bin/../lib/gcc/arm-none-eabi/13.3.1/../../../../arm-none-eabi/lib/thumb/v7e-m+fp/hard/libc_nano.a(libc_a-reent.o)
                0x200004b8                errno
 *(COMMON)
                0x200004bc                        . = ALIGN (0x4)
                0x200004bc                        _ebss = .
                0x200004bc                        __bss_end__ = _ebss

._user_heap_stack
                0x200004bc      0x604 load address 0x0800688c
                0x200004c0                        . = ALIGN (0x8)
 *fill*         0x200004bc        0x4 
                [!provide]                        PROVIDE (end = .)
                0x200004c0                        PROVIDE (_end = .)
                0x200006c0                        . = (. + _Min_Heap_Size)
 *fill*         0x200004c0      0x200 
                0x20000ac0                        . = (. + _Min_Stack_Size)
 *fill*         0x200006c0      0x400 
                0x20000ac0                        . = ALIGN (0x8)

/DISCARD/
 libc.a(*)
 libm.a(*)
 libgcc.a(*)

.ARM.attributes
                0x00000000       0x30
 *(.ARM.attributes)
 .ARM.attributes
                0x00000000       0x22 /Applications/STM32CubeIDE.app/Contents/Eclipse/plugins/com.st.stm32cube.ide.mcu.externaltools.gnu-tools-for-stm32.13.3.rel1.macos64_1.0.0.202411102158/tools/bin/../lib/gcc/arm-none-eabi/13.3.1/thumb/v7e-m+fp/hard/crti.o
 .ARM.attributes
                0x00000022       0x34 /Applications/STM32CubeIDE.app/Contents/Eclipse/plugins/com.st.stm32cube.ide.mcu.externaltools.gnu-tools-for-stm32.13.3.rel1.macos64_1.0.0.202411102158/tools/bin/../lib/gcc/arm-none-eabi/13.3.1/thumb/v7e-m+fp/hard/crtbegin.o
 .ARM.attributes
                0x00000056       0x34 ./Core/Src/main.o
 .ARM.attributes
                0x0000008a       0x34 ./Core/Src/stm32l4s5i_iot01.o
 .ARM.attributes
                0x000000be       0x34 ./Core/Src/stm32l4s5i_iot01_accelero.o
 .ARM.attributes
                0x000000f2       0x34 ./Core/Src/stm32l4s5i_iot01_gyro.o
 .ARM.attributes
                0x00000126       0x34 ./Core/Src/stm32l4s5i_iot01_hsensor.o
 .ARM.attributes
                0x0000015a       0x34 ./Core/Src/stm32l4s5i_iot01_magneto.o
 .ARM.attributes
                0x0000018e       0x34 ./Core/Src/stm32l4xx_hal_msp.o
 .ARM.attributes
                0x000001c2       0x34 ./Core/Src/stm32l4xx_it.o
 .ARM.attributes
                0x000001f6       0x34 ./Core/Src/sysmem.o
 .ARM.attributes
                0x0000022a       0x34 ./Core/Src/system_stm32l4xx.o
 .ARM.attributes
                0x0000025e       0x21 ./Core/Startup/startup_stm32l4s5vitx.o
 .ARM.attributes
                0x0000027f       0x34 ./Drivers/Components/hts221/hts221.o
 .ARM.attributes
                0x000002b3       0x34 ./Drivers/Components/lis3mdl/lis3mdl.o
 .ARM.attributes
                0x000002e7       0x34 ./Drivers/Components/lsm6dsl/lsm6dsl.o
 .ARM.attributes
                0x0000031b       0x34 ./Drivers/STM32L4xx_HAL_Driver/Src/stm32l4xx_hal.o
 .ARM.attributes
                0x0000034f       0x34 ./Drivers/STM32L4xx_HAL_Driver/Src/stm32l4xx_hal_cortex.o
 .ARM.attributes
                0x00000383       0x34 ./Drivers/STM32L4xx_HAL_Driver/Src/stm32l4xx_hal_gpio.o
 .ARM.attributes
                0x000003b7       0x34 ./Drivers/STM32L4xx_HAL_Driver/Src/stm32l4xx_hal_i2c.o
 .ARM.attributes
                0x000003eb       0x34 ./Drivers/STM32L4xx_HAL_Driver/Src/stm32l4xx_hal_i2c_ex.o
 .ARM.attributes
                0x0000041f       0x34 ./Drivers/STM32L4xx_HAL_Driver/Src/stm32l4xx_hal_pwr_ex.o
 .ARM.attributes
                0x00000453       0x34 ./Drivers/STM32L4xx_HAL_Driver/Src/stm32l4xx_hal_rcc.o
 .ARM.attributes
                0x00000487       0x34 ./Drivers/STM32L4xx_HAL_Driver/Src/stm32l4xx_hal_rcc_ex.o
 .ARM.attributes
                0x000004bb       0x34 ./Drivers/STM32L4xx_HAL_Driver/Src/stm32l4xx_hal_uart.o
 .ARM.attributes
                0x000004ef       0x34 ./Drivers/STM32L4xx_HAL_Driver/Src/stm32l4xx_hal_uart_ex.o
 .ARM.attributes
                0x00000523       0x34 /Applications/STM32CubeIDE.app/Contents/Eclipse/plugins/com.st.stm32cube.ide.mcu.externaltools.gnu-tools-for-stm32.13.3.rel1.macos64_1.0.0.202411102158/tools/bin/../lib/gcc/arm-none-eabi/13.3.1/../../../../arm-none-eabi/lib/thumb/v7e-m+fp/hard/libc_nano.a(libc_a-sprintf.o)
 .ARM.attributes
                0x00000557       0x34 /Applications/STM32CubeIDE.app/Contents/Eclipse/plugins/com.st.stm32cube.ide.mcu.externaltools.gnu-tools-for-stm32.13.3.rel1.macos64_1.0.0.202411102158/tools/bin/../lib/gcc/arm-none-eabi/13.3.1/../../../../arm-none-eabi/lib/thumb/v7e-m+fp/hard/libc_nano.a(libc_a-findfp.o)
 .ARM.attributes
                0x0000058b       0x34 /Applications/STM32CubeIDE.app/Contents/Eclipse/plugins/com.st.stm32cube.ide.mcu.externaltools.gnu-tools-for-stm32.13.3.rel1.macos64_1.0.0.202411102158/tools/bin/../lib/gcc/arm-none-eabi/13.3.1/../../../../arm-none-eabi/lib/thumb/v7e-m+fp/hard/libc_nano.a(libc_a-memset.o)
 .ARM.attributes
                0x000005bf       0x34 /Applications/STM32CubeIDE.app/Contents/Eclipse/plugins/com.st.stm32cube.ide.mcu.externaltools.gnu-tools-for-stm32.13.3.rel1.macos64_1.0.0.202411102158/tools/bin/../lib/gcc/arm-none-eabi/13.3.1/../../../../arm-none-eabi/lib/thumb/v7e-m+fp/hard/libc_nano.a(libc_a-errno.o)
 .ARM.attributes
                0x000005f3       0x34 /Applications/STM32CubeIDE.app/Contents/Eclipse/plugins/com.st.stm32cube.ide.mcu.externaltools.gnu-tools-for-stm32.13.3.rel1.macos64_1.0.0.202411102158/tools/bin/../lib/gcc/arm-none-eabi/13.3.1/../../../../arm-none-eabi/lib/thumb/v7e-m+fp/hard/libc_nano.a(libc_a-init.o)
 .ARM.attributes
                0x00000627       0x34 /Applications/STM32CubeIDE.app/Contents/Eclipse/plugins/com.st.stm32cube.ide.mcu.externaltools.gnu-tools-for-stm32.13.3.rel1.macos64_1.0.0.202411102158/tools/bin/../lib/gcc/arm-none-eabi/13.3.1/../../../../arm-none-eabi/lib/thumb/v7e-m+fp/hard/libc_nano.a(libc_a-lock.o)
 .ARM.attributes
                0x0000065b       0x34 /Applications/STM32CubeIDE.app/Contents/Eclipse/plugins/com.st.stm32cube.ide.mcu.externaltools.gnu-tools-for-stm32.13.3.rel1.macos64_1.0.0.202411102158/tools/bin/../lib/gcc/arm-none-eabi/13.3.1/../../../../arm-none-eabi/lib/thumb/v7e-m+fp/hard/libc_nano.a(libc_a-impure.o)
 .ARM.attributes
                0x0000068f       0x34 /Applications/STM32CubeIDE.app/Contents/Eclipse/plugins/com.st.stm32cube.ide.mcu.externaltools.gnu-tools-for-stm32.13.3.rel1.macos64_1.0.0.202411102158/tools/bin/../lib/gcc/arm-none-eabi/13.3.1/../../../../arm-none-eabi/lib/thumb/v7e-m+fp/hard/libc_nano.a(libc_a-memcpy-stub.o)
 .ARM.attributes
                0x000006c3       0x17 /Applications/STM32CubeIDE.app/Contents/Eclipse/plugins/com.st.stm32cube.ide.mcu.externaltools.gnu-tools-for-stm32.13.3.rel1.macos64_1.0.0.202411102158/tools/bin/../lib/gcc/arm-none-eabi/13.3.1/../../../../arm-none-eabi/lib/thumb/v7e-m+fp/hard/libc_nano.a(libc_a-strlen.o)
 .ARM.attributes
                0x000006da       0x34 /Applications/STM32CubeIDE.app/Contents/Eclipse/plugins/com.st.stm32cube.ide.mcu.externaltools.gnu-tools-for-stm32.13.3.rel1.macos64_1.0.0.202411102158/tools/bin/../lib/gcc/arm-none-eabi/13.3.1/../../../../arm-none-eabi/lib/thumb/v7e-m+fp/hard/libc_nano.a(libc_a-nano-svfprintf.o)
 .ARM.attributes
                0x0000070e       0x34 /Applications/STM32CubeIDE.app/Contents/Eclipse/plugins/com.st.stm32cube.ide.mcu.externaltools.gnu-tools-for-stm32.13.3.rel1.macos64_1.0.0.202411102158/tools/bin/../lib/gcc/arm-none-eabi/13.3.1/../../../../arm-none-eabi/lib/thumb/v7e-m+fp/hard/libc_nano.a(libc_a-mallocr.o)
 .ARM.attributes
                0x00000742       0x34 /Applications/STM32CubeIDE.app/Contents/Eclipse/plugins/com.st.stm32cube.ide.mcu.externaltools.gnu-tools-for-stm32.13.3.rel1.macos64_1.0.0.202411102158/tools/bin/../lib/gcc/arm-none-eabi/13.3.1/../../../../arm-none-eabi/lib/thumb/v7e-m+fp/hard/libc_nano.a(libc_a-nano-vfprintf_i.o)
 .ARM.attributes
                0x00000776       0x34 /Applications/STM32CubeIDE.app/Contents/Eclipse/plugins/com.st.stm32cube.ide.mcu.externaltools.gnu-tools-for-stm32.13.3.rel1.macos64_1.0.0.202411102158/tools/bin/../lib/gcc/arm-none-eabi/13.3.1/../../../../arm-none-eabi/lib/thumb/v7e-m+fp/hard/libc_nano.a(libc_a-mlock.o)
 .ARM.attributes
                0x000007aa       0x34 /Applications/STM32CubeIDE.app/Contents/Eclipse/plugins/com.st.stm32cube.ide.mcu.externaltools.gnu-tools-for-stm32.13.3.rel1.macos64_1.0.0.202411102158/tools/bin/../lib/gcc/arm-none-eabi/13.3.1/../../../../arm-none-eabi/lib/thumb/v7e-m+fp/hard/libc_nano.a(libc_a-reallocr.o)
 .ARM.attributes
                0x000007de       0x34 /Applications/STM32CubeIDE.app/Contents/Eclipse/plugins/com.st.stm32cube.ide.mcu.externaltools.gnu-tools-for-stm32.13.3.rel1.macos64_1.0.0.202411102158/tools/bin/../lib/gcc/arm-none-eabi/13.3.1/../../../../arm-none-eabi/lib/thumb/v7e-m+fp/hard/libc_nano.a(libc_a-memmove.o)
 .ARM.attributes
                0x00000812       0x34 /Applications/STM32CubeIDE.app/Contents/Eclipse/plugins/com.st.stm32cube.ide.mcu.externaltools.gnu-tools-for-stm32.13.3.rel1.macos64_1.0.0.202411102158/tools/bin/../lib/gcc/arm-none-eabi/13.3.1/../../../../arm-none-eabi/lib/thumb/v7e-m+fp/hard/libc_nano.a(libc_a-sbrkr.o)
 .ARM.attributes
                0x00000846       0x34 /Applications/STM32CubeIDE.app/Contents/Eclipse/plugins/com.st.stm32cube.ide.mcu.externaltools.gnu-tools-for-stm32.13.3.rel1.macos64_1.0.0.202411102158/tools/bin/../lib/gcc/arm-none-eabi/13.3.1/../../../../arm-none-eabi/lib/thumb/v7e-m+fp/hard/libc_nano.a(libc_a-reent.o)
 .ARM.attributes
                0x0000087a       0x1c /Applications/STM32CubeIDE.app/Contents/Eclipse/plugins/com.st.stm32cube.ide.mcu.externaltools.gnu-tools-for-stm32.13.3.rel1.macos64_1.0.0.202411102158/tools/bin/../lib/gcc/arm-none-eabi/13.3.1/../../../../arm-none-eabi/lib/thumb/v7e-m+fp/hard/libc_nano.a(libc_a-memchr.o)
 .ARM.attributes
                0x00000896       0x34 /Applications/STM32CubeIDE.app/Contents/Eclipse/plugins/com.st.stm32cube.ide.mcu.externaltools.gnu-tools-for-stm32.13.3.rel1.macos64_1.0.0.202411102158/tools/bin/../lib/gcc/arm-none-eabi/13.3.1/../../../../arm-none-eabi/lib/thumb/v7e-m+fp/hard/libc_nano.a(libc_a-freer.o)
 .ARM.attributes
                0x000008ca       0x34 /Applications/STM32CubeIDE.app/Contents/Eclipse/plugins/com.st.stm32cube.ide.mcu.externaltools.gnu-tools-for-stm32.13.3.rel1.macos64_1.0.0.202411102158/tools/bin/../lib/gcc/arm-none-eabi/13.3.1/../../../../arm-none-eabi/lib/thumb/v7e-m+fp/hard/libc_nano.a(libc_a-msizer.o)
 .ARM.attributes
                0x000008fe       0x22 /Applications/STM32CubeIDE.app/Contents/Eclipse/plugins/com.st.stm32cube.ide.mcu.externaltools.gnu-tools-for-stm32.13.3.rel1.macos64_1.0.0.202411102158/tools/bin/../lib/gcc/arm-none-eabi/13.3.1/thumb/v7e-m+fp/hard/libgcc.a(_arm_addsubdf3.o)
 .ARM.attributes
                0x00000920       0x22 /Applications/STM32CubeIDE.app/Contents/Eclipse/plugins/com.st.stm32cube.ide.mcu.externaltools.gnu-tools-for-stm32.13.3.rel1.macos64_1.0.0.202411102158/tools/bin/../lib/gcc/arm-none-eabi/13.3.1/thumb/v7e-m+fp/hard/libgcc.a(_aeabi_uldivmod.o)
 .ARM.attributes
                0x00000942       0x34 /Applications/STM32CubeIDE.app/Contents/Eclipse/plugins/com.st.stm32cube.ide.mcu.externaltools.gnu-tools-for-stm32.13.3.rel1.macos64_1.0.0.202411102158/tools/bin/../lib/gcc/arm-none-eabi/13.3.1/thumb/v7e-m+fp/hard/libgcc.a(_udivmoddi4.o)
 .ARM.attributes
                0x00000976       0x22 /Applications/STM32CubeIDE.app/Contents/Eclipse/plugins/com.st.stm32cube.ide.mcu.externaltools.gnu-tools-for-stm32.13.3.rel1.macos64_1.0.0.202411102158/tools/bin/../lib/gcc/arm-none-eabi/13.3.1/thumb/v7e-m+fp/hard/libgcc.a(_dvmd_tls.o)
 .ARM.attributes
                0x00000998       0x22 /Applications/STM32CubeIDE.app/Contents/Eclipse/plugins/com.st.stm32cube.ide.mcu.externaltools.gnu-tools-for-stm32.13.3.rel1.macos64_1.0.0.202411102158/tools/bin/../lib/gcc/arm-none-eabi/13.3.1/thumb/v7e-m+fp/hard/crtn.o
OUTPUT(Lab4.elf elf32-littlearm)
LOAD linker stubs
LOAD /Applications/STM32CubeIDE.app/Contents/Eclipse/plugins/com.st.stm32cube.ide.mcu.externaltools.gnu-tools-for-stm32.13.3.rel1.macos64_1.0.0.202411102158/tools/bin/../lib/gcc/arm-none-eabi/13.3.1/../../../../arm-none-eabi/lib/thumb/v7e-m+fp/hard/libc.a
LOAD /Applications/STM32CubeIDE.app/Contents/Eclipse/plugins/com.st.stm32cube.ide.mcu.externaltools.gnu-tools-for-stm32.13.3.rel1.macos64_1.0.0.202411102158/tools/bin/../lib/gcc/arm-none-eabi/13.3.1/../../../../arm-none-eabi/lib/thumb/v7e-m+fp/hard/libm.a
LOAD /Applications/STM32CubeIDE.app/Contents/Eclipse/plugins/com.st.stm32cube.ide.mcu.externaltools.gnu-tools-for-stm32.13.3.rel1.macos64_1.0.0.202411102158/tools/bin/../lib/gcc/arm-none-eabi/13.3.1/thumb/v7e-m+fp/hard/libgcc.a

.debug_info     0x00000000    0x137e8
 .debug_info    0x00000000     0x1741 ./Core/Src/main.o
 .debug_info    0x00001741     0x1cf8 ./Core/Src/stm32l4s5i_iot01.o
 .debug_info    0x00003439      0x32e ./Core/Src/stm32l4s5i_iot01_accelero.o
 .debug_info    0x00003767      0x318 ./Core/Src/stm32l4s5i_iot01_gyro.o
 .debug_info    0x00003a7f      0x1c5 ./Core/Src/stm32l4s5i_iot01_hsensor.o
 .debug_info    0x00003c44      0x304 ./Core/Src/stm32l4s5i_iot01_magneto.o
 .debug_info    0x00003f48     0x12f5 ./Core/Src/stm32l4xx_hal_msp.o
 .debug_info    0x0000523d      0x14c ./Core/Src/stm32l4xx_it.o
 .debug_info    0x00005389      0x168 ./Core/Src/sysmem.o
 .debug_info    0x000054f1      0x5e9 ./Core/Src/system_stm32l4xx.o
 .debug_info    0x00005ada       0x30 ./Core/Startup/startup_stm32l4s5vitx.o
 .debug_info    0x00005b0a      0x4de ./Drivers/Components/hts221/hts221.o
 .debug_info    0x00005fe8      0x3bb ./Drivers/Components/lis3mdl/lis3mdl.o
 .debug_info    0x000063a3      0x5b9 ./Drivers/Components/lsm6dsl/lsm6dsl.o
 .debug_info    0x0000695c      0xb4f ./Drivers/STM32L4xx_HAL_Driver/Src/stm32l4xx_hal.o
 .debug_info    0x000074ab      0xd9f ./Drivers/STM32L4xx_HAL_Driver/Src/stm32l4xx_hal_cortex.o
 .debug_info    0x0000824a      0x787 ./Drivers/STM32L4xx_HAL_Driver/Src/stm32l4xx_hal_gpio.o
 .debug_info    0x000089d1     0x21ea ./Drivers/STM32L4xx_HAL_Driver/Src/stm32l4xx_hal_i2c.o
 .debug_info    0x0000abbb      0xafd ./Drivers/STM32L4xx_HAL_Driver/Src/stm32l4xx_hal_i2c_ex.o
 .debug_info    0x0000b6b8      0xa0a ./Drivers/STM32L4xx_HAL_Driver/Src/stm32l4xx_hal_pwr_ex.o
 .debug_info    0x0000c0c2      0xd32 ./Drivers/STM32L4xx_HAL_Driver/Src/stm32l4xx_hal_rcc.o
 .debug_info    0x0000cdf4     0x1167 ./Drivers/STM32L4xx_HAL_Driver/Src/stm32l4xx_hal_rcc_ex.o
 .debug_info    0x0000df5b     0x4875 ./Drivers/STM32L4xx_HAL_Driver/Src/stm32l4xx_hal_uart.o
 .debug_info    0x000127d0     0x1018 ./Drivers/STM32L4xx_HAL_Driver/Src/stm32l4xx_hal_uart_ex.o

.debug_abbrev   0x00000000     0x2d84
 .debug_abbrev  0x00000000      0x307 ./Core/Src/main.o
 .debug_abbrev  0x00000307      0x317 ./Core/Src/stm32l4s5i_iot01.o
 .debug_abbrev  0x0000061e      0x148 ./Core/Src/stm32l4s5i_iot01_accelero.o
 .debug_abbrev  0x00000766      0x148 ./Core/Src/stm32l4s5i_iot01_gyro.o
 .debug_abbrev  0x000008ae      0x10a ./Core/Src/stm32l4s5i_iot01_hsensor.o
 .debug_abbrev  0x000009b8      0x148 ./Core/Src/stm32l4s5i_iot01_magneto.o
 .debug_abbrev  0x00000b00      0x21d ./Core/Src/stm32l4xx_hal_msp.o
 .debug_abbrev  0x00000d1d       0xa0 ./Core/Src/stm32l4xx_it.o
 .debug_abbrev  0x00000dbd       0xbc ./Core/Src/sysmem.o
 .debug_abbrev  0x00000e79      0x11a ./Core/Src/system_stm32l4xx.o
 .debug_abbrev  0x00000f93       0x24 ./Core/Startup/startup_stm32l4s5vitx.o
 .debug_abbrev  0x00000fb7      0x182 ./Drivers/Components/hts221/hts221.o
 .debug_abbrev  0x00001139      0x18e ./Drivers/Components/lis3mdl/lis3mdl.o
 .debug_abbrev  0x000012c7      0x1fe ./Drivers/Components/lsm6dsl/lsm6dsl.o
 .debug_abbrev  0x000014c5      0x242 ./Drivers/STM32L4xx_HAL_Driver/Src/stm32l4xx_hal.o
 .debug_abbrev  0x00001707      0x31c ./Drivers/STM32L4xx_HAL_Driver/Src/stm32l4xx_hal_cortex.o
 .debug_abbrev  0x00001a23      0x1cb ./Drivers/STM32L4xx_HAL_Driver/Src/stm32l4xx_hal_gpio.o
 .debug_abbrev  0x00001bee      0x25e ./Drivers/STM32L4xx_HAL_Driver/Src/stm32l4xx_hal_i2c.o
 .debug_abbrev  0x00001e4c      0x1c0 ./Drivers/STM32L4xx_HAL_Driver/Src/stm32l4xx_hal_i2c_ex.o
 .debug_abbrev  0x0000200c      0x1f9 ./Drivers/STM32L4xx_HAL_Driver/Src/stm32l4xx_hal_pwr_ex.o
 .debug_abbrev  0x00002205      0x306 ./Drivers/STM32L4xx_HAL_Driver/Src/stm32l4xx_hal_rcc.o
 .debug_abbrev  0x0000250b      0x2a3 ./Drivers/STM32L4xx_HAL_Driver/Src/stm32l4xx_hal_rcc_ex.o
 .debug_abbrev  0x000027ae      0x304 ./Drivers/STM32L4xx_HAL_Driver/Src/stm32l4xx_hal_uart.o
 .debug_abbrev  0x00002ab2      0x2d2 ./Drivers/STM32L4xx_HAL_Driver/Src/stm32l4xx_hal_uart_ex.o

.debug_aranges  0x00000000     0x1000
 .debug_aranges
                0x00000000       0x68 ./Core/Src/main.o
 .debug_aranges
                0x00000068      0x120 ./Core/Src/stm32l4s5i_iot01.o
 .debug_aranges
                0x00000188       0x38 ./Core/Src/stm32l4s5i_iot01_accelero.o
 .debug_aranges
                0x000001c0       0x38 ./Core/Src/stm32l4s5i_iot01_gyro.o
 .debug_aranges
                0x000001f8       0x30 ./Core/Src/stm32l4s5i_iot01_hsensor.o
 .debug_aranges
                0x00000228       0x38 ./Core/Src/stm32l4s5i_iot01_magneto.o
 .debug_aranges
                0x00000260       0x40 ./Core/Src/stm32l4xx_hal_msp.o
 .debug_aranges
                0x000002a0       0x68 ./Core/Src/stm32l4xx_it.o
 .debug_aranges
                0x00000308       0x20 ./Core/Src/sysmem.o
 .debug_aranges
                0x00000328       0x28 ./Core/Src/system_stm32l4xx.o
 .debug_aranges
                0x00000350       0x28 ./Core/Startup/startup_stm32l4s5vitx.o
 .debug_aranges
                0x00000378       0x40 ./Drivers/Components/hts221/hts221.o
 .debug_aranges
                0x000003b8       0x40 ./Drivers/Components/lis3mdl/lis3mdl.o
 .debug_aranges
                0x000003f8       0x68 ./Drivers/Components/lsm6dsl/lsm6dsl.o
 .debug_aranges
                0x00000460      0x130 ./Drivers/STM32L4xx_HAL_Driver/Src/stm32l4xx_hal.o
 .debug_aranges
                0x00000590      0x128 ./Drivers/STM32L4xx_HAL_Driver/Src/stm32l4xx_hal_cortex.o
 .debug_aranges
                0x000006b8       0x58 ./Drivers/STM32L4xx_HAL_Driver/Src/stm32l4xx_hal_gpio.o
 .debug_aranges
                0x00000710      0x2a0 ./Drivers/STM32L4xx_HAL_Driver/Src/stm32l4xx_hal_i2c.o
 .debug_aranges
                0x000009b0       0x48 ./Drivers/STM32L4xx_HAL_Driver/Src/stm32l4xx_hal_i2c_ex.o
 .debug_aranges
                0x000009f8      0x170 ./Drivers/STM32L4xx_HAL_Driver/Src/stm32l4xx_hal_pwr_ex.o
 .debug_aranges
                0x00000b68       0x98 ./Drivers/STM32L4xx_HAL_Driver/Src/stm32l4xx_hal_rcc.o
 .debug_aranges
                0x00000c00      0x110 ./Drivers/STM32L4xx_HAL_Driver/Src/stm32l4xx_hal_rcc_ex.o
 .debug_aranges
                0x00000d10      0x248 ./Drivers/STM32L4xx_HAL_Driver/Src/stm32l4xx_hal_uart.o
 .debug_aranges
                0x00000f58       0xa8 ./Drivers/STM32L4xx_HAL_Driver/Src/stm32l4xx_hal_uart_ex.o

.debug_rnglists
                0x00000000      0xc43
 .debug_rnglists
                0x00000000       0x51 ./Core/Src/main.o
 .debug_rnglists
                0x00000051       0xd6 ./Core/Src/stm32l4s5i_iot01.o
 .debug_rnglists
                0x00000127       0x26 ./Core/Src/stm32l4s5i_iot01_accelero.o
 .debug_rnglists
                0x0000014d       0x26 ./Core/Src/stm32l4s5i_iot01_gyro.o
 .debug_rnglists
                0x00000173       0x1f ./Core/Src/stm32l4s5i_iot01_hsensor.o
 .debug_rnglists
                0x00000192       0x25 ./Core/Src/stm32l4s5i_iot01_magneto.o
 .debug_rnglists
                0x000001b7       0x2e ./Core/Src/stm32l4xx_hal_msp.o
 .debug_rnglists
                0x000001e5       0x49 ./Core/Src/stm32l4xx_it.o
 .debug_rnglists
                0x0000022e       0x13 ./Core/Src/sysmem.o
 .debug_rnglists
                0x00000241       0x1a ./Core/Src/system_stm32l4xx.o
 .debug_rnglists
                0x0000025b       0x19 ./Core/Startup/startup_stm32l4s5vitx.o
 .debug_rnglists
                0x00000274       0x2d ./Drivers/Components/hts221/hts221.o
 .debug_rnglists
                0x000002a1       0x2c ./Drivers/Components/lis3mdl/lis3mdl.o
 .debug_rnglists
                0x000002cd       0x4b ./Drivers/Components/lsm6dsl/lsm6dsl.o
 .debug_rnglists
                0x00000318       0xdf ./Drivers/STM32L4xx_HAL_Driver/Src/stm32l4xx_hal.o
 .debug_rnglists
                0x000003f7       0xda ./Drivers/STM32L4xx_HAL_Driver/Src/stm32l4xx_hal_cortex.o
 .debug_rnglists
                0x000004d1       0x3f ./Drivers/STM32L4xx_HAL_Driver/Src/stm32l4xx_hal_gpio.o
 .debug_rnglists
                0x00000510      0x228 ./Drivers/STM32L4xx_HAL_Driver/Src/stm32l4xx_hal_i2c.o
 .debug_rnglists
                0x00000738       0x35 ./Drivers/STM32L4xx_HAL_Driver/Src/stm32l4xx_hal_i2c_ex.o
 .debug_rnglists
                0x0000076d      0x115 ./Drivers/STM32L4xx_HAL_Driver/Src/stm32l4xx_hal_pwr_ex.o
 .debug_rnglists
                0x00000882       0x74 ./Drivers/STM32L4xx_HAL_Driver/Src/stm32l4xx_hal_rcc.o
 .debug_rnglists
                0x000008f6       0xd4 ./Drivers/STM32L4xx_HAL_Driver/Src/stm32l4xx_hal_rcc_ex.o
 .debug_rnglists
                0x000009ca      0x1fa ./Drivers/STM32L4xx_HAL_Driver/Src/stm32l4xx_hal_uart.o
 .debug_rnglists
                0x00000bc4       0x7f ./Drivers/STM32L4xx_HAL_Driver/Src/stm32l4xx_hal_uart_ex.o

.debug_macro    0x00000000    0x2b6e0
 .debug_macro   0x00000000      0x2b0 ./Core/Src/main.o
 .debug_macro   0x000002b0      0xad8 ./Core/Src/main.o
 .debug_macro   0x00000d88      0x1a7 ./Core/Src/main.o
 .debug_macro   0x00000f2f       0x2e ./Core/Src/main.o
 .debug_macro   0x00000f5d       0x28 ./Core/Src/main.o
 .debug_macro   0x00000f85       0x22 ./Core/Src/main.o
 .debug_macro   0x00000fa7       0x8e ./Core/Src/main.o
 .debug_macro   0x00001035       0x51 ./Core/Src/main.o
 .debug_macro   0x00001086      0x103 ./Core/Src/main.o
 .debug_macro   0x00001189       0x6a ./Core/Src/main.o
 .debug_macro   0x000011f3      0x1df ./Core/Src/main.o
 .debug_macro   0x000013d2       0x1c ./Core/Src/main.o
 .debug_macro   0x000013ee       0x22 ./Core/Src/main.o
 .debug_macro   0x00001410       0xfb ./Core/Src/main.o
 .debug_macro   0x0000150b     0x1011 ./Core/Src/main.o
 .debug_macro   0x0000251c      0x11f ./Core/Src/main.o
 .debug_macro   0x0000263b    0x1d292 ./Core/Src/main.o
 .debug_macro   0x0001f8cd       0x6d ./Core/Src/main.o
 .debug_macro   0x0001f93a     0x3902 ./Core/Src/main.o
 .debug_macro   0x0002323c      0x190 ./Core/Src/main.o
 .debug_macro   0x000233cc       0x5c ./Core/Src/main.o
 .debug_macro   0x00023428     0x1910 ./Core/Src/main.o
 .debug_macro   0x00024d38      0x7dc ./Core/Src/main.o
 .debug_macro   0x00025514      0x1b9 ./Core/Src/main.o
 .debug_macro   0x000256cd      0x225 ./Core/Src/main.o
 .debug_macro   0x000258f2      0x486 ./Core/Src/main.o
 .debug_macro   0x00025d78      0x1ce ./Core/Src/main.o
 .debug_macro   0x00025f46       0x43 ./Core/Src/main.o
 .debug_macro   0x00025f89      0x23d ./Core/Src/main.o
 .debug_macro   0x000261c6      0x241 ./Core/Src/main.o
 .debug_macro   0x00026407      0x416 ./Core/Src/main.o
 .debug_macro   0x0002681d       0x1c ./Core/Src/main.o
 .debug_macro   0x00026839       0xf2 ./Core/Src/main.o
 .debug_macro   0x0002692b      0x22c ./Core/Src/main.o
 .debug_macro   0x00026b57       0x61 ./Core/Src/main.o
 .debug_macro   0x00026bb8       0xa5 ./Core/Src/main.o
 .debug_macro   0x00026c5d      0x122 ./Core/Src/main.o
 .debug_macro   0x00026d7f      0x3f6 ./Core/Src/main.o
 .debug_macro   0x00027175      0x693 ./Core/Src/main.o
 .debug_macro   0x00027808       0xa6 ./Core/Src/main.o
 .debug_macro   0x000278ae      0x432 ./Core/Src/main.o
 .debug_macro   0x00027ce0       0x16 ./Core/Src/main.o
 .debug_macro   0x00027cf6       0x61 ./Core/Src/main.o
 .debug_macro   0x00027d57       0x2a ./Core/Src/main.o
 .debug_macro   0x00027d81       0x43 ./Core/Src/main.o
 .debug_macro   0x00027dc4       0x34 ./Core/Src/main.o
 .debug_macro   0x00027df8      0x370 ./Core/Src/main.o
 .debug_macro   0x00028168       0x16 ./Core/Src/main.o
 .debug_macro   0x0002817e       0x4a ./Core/Src/main.o
 .debug_macro   0x000281c8       0x34 ./Core/Src/main.o
 .debug_macro   0x000281fc       0x10 ./Core/Src/main.o
 .debug_macro   0x0002820c       0x58 ./Core/Src/main.o
 .debug_macro   0x00028264       0x8e ./Core/Src/main.o
 .debug_macro   0x000282f2       0x1c ./Core/Src/main.o
 .debug_macro   0x0002830e      0x185 ./Core/Src/main.o
 .debug_macro   0x00028493       0x10 ./Core/Src/main.o
 .debug_macro   0x000284a3       0x3c ./Core/Src/main.o
 .debug_macro   0x000284df       0x20 ./Core/Src/main.o
 .debug_macro   0x000284ff      0x200 ./Core/Src/stm32l4s5i_iot01.o
 .debug_macro   0x000286ff      0x1cf ./Core/Src/stm32l4s5i_iot01.o
 .debug_macro   0x000288ce      0x20f ./Core/Src/stm32l4s5i_iot01_accelero.o
 .debug_macro   0x00028add      0x428 ./Core/Src/stm32l4s5i_iot01_accelero.o
 .debug_macro   0x00028f05      0x20f ./Core/Src/stm32l4s5i_iot01_gyro.o
 .debug_macro   0x00029114      0x20f ./Core/Src/stm32l4s5i_iot01_hsensor.o
 .debug_macro   0x00029323      0x15f ./Core/Src/stm32l4s5i_iot01_hsensor.o
 .debug_macro   0x00029482      0x205 ./Core/Src/stm32l4s5i_iot01_magneto.o
 .debug_macro   0x00029687      0x1aa ./Core/Src/stm32l4s5i_iot01_magneto.o
 .debug_macro   0x00029831      0x1e2 ./Core/Src/stm32l4xx_hal_msp.o
 .debug_macro   0x00029a13      0x1ec ./Core/Src/stm32l4xx_it.o
 .debug_macro   0x00029bff      0x112 ./Core/Src/sysmem.o
 .debug_macro   0x00029d11      0x23c ./Core/Src/sysmem.o
 .debug_macro   0x00029f4d      0x1d3 ./Core/Src/system_stm32l4xx.o
 .debug_macro   0x0002a120       0x86 ./Drivers/Components/hts221/hts221.o
 .debug_macro   0x0002a1a6       0x7c ./Drivers/Components/lis3mdl/lis3mdl.o
 .debug_macro   0x0002a222       0x86 ./Drivers/Components/lsm6dsl/lsm6dsl.o
 .debug_macro   0x0002a2a8      0x221 ./Drivers/STM32L4xx_HAL_Driver/Src/stm32l4xx_hal.o
 .debug_macro   0x0002a4c9      0x1d3 ./Drivers/STM32L4xx_HAL_Driver/Src/stm32l4xx_hal_cortex.o
 .debug_macro   0x0002a69c      0x1da ./Drivers/STM32L4xx_HAL_Driver/Src/stm32l4xx_hal_gpio.o
 .debug_macro   0x0002a876      0x29f ./Drivers/STM32L4xx_HAL_Driver/Src/stm32l4xx_hal_i2c.o
 .debug_macro   0x0002ab15      0x1d3 ./Drivers/STM32L4xx_HAL_Driver/Src/stm32l4xx_hal_i2c_ex.o
 .debug_macro   0x0002ace8      0x1fd ./Drivers/STM32L4xx_HAL_Driver/Src/stm32l4xx_hal_pwr_ex.o
 .debug_macro   0x0002aee5      0x215 ./Drivers/STM32L4xx_HAL_Driver/Src/stm32l4xx_hal_rcc.o
 .debug_macro   0x0002b0fa      0x209 ./Drivers/STM32L4xx_HAL_Driver/Src/stm32l4xx_hal_rcc_ex.o
 .debug_macro   0x0002b303      0x1fe ./Drivers/STM32L4xx_HAL_Driver/Src/stm32l4xx_hal_uart.o
 .debug_macro   0x0002b501      0x1df ./Drivers/STM32L4xx_HAL_Driver/Src/stm32l4xx_hal_uart_ex.o

.debug_line     0x00000000    0x1434a
 .debug_line    0x00000000      0xb4c ./Core/Src/main.o
 .debug_line    0x00000b4c      0xb9d ./Core/Src/stm32l4s5i_iot01.o
 .debug_line    0x000016e9      0x8b6 ./Core/Src/stm32l4s5i_iot01_accelero.o
 .debug_line    0x00001f9f      0x8b2 ./Core/Src/stm32l4s5i_iot01_gyro.o
 .debug_line    0x00002851      0x850 ./Core/Src/stm32l4s5i_iot01_hsensor.o
 .debug_line    0x000030a1      0x88c ./Core/Src/stm32l4s5i_iot01_magneto.o
 .debug_line    0x0000392d      0x896 ./Core/Src/stm32l4xx_hal_msp.o
 .debug_line    0x000041c3      0x7bd ./Core/Src/stm32l4xx_it.o
 .debug_line    0x00004980      0x521 ./Core/Src/sysmem.o
 .debug_line    0x00004ea1      0x794 ./Core/Src/system_stm32l4xx.o
 .debug_line    0x00005635       0x7a ./Core/Startup/startup_stm32l4s5vitx.o
 .debug_line    0x000056af      0x54f ./Drivers/Components/hts221/hts221.o
 .debug_line    0x00005bfe      0x4f3 ./Drivers/Components/lis3mdl/lis3mdl.o
 .debug_line    0x000060f1      0x645 ./Drivers/Components/lsm6dsl/lsm6dsl.o
 .debug_line    0x00006736      0xafc ./Drivers/STM32L4xx_HAL_Driver/Src/stm32l4xx_hal.o
 .debug_line    0x00007232      0xc97 ./Drivers/STM32L4xx_HAL_Driver/Src/stm32l4xx_hal_cortex.o
 .debug_line    0x00007ec9      0xb38 ./Drivers/STM32L4xx_HAL_Driver/Src/stm32l4xx_hal_gpio.o
 .debug_line    0x00008a01     0x36fd ./Drivers/STM32L4xx_HAL_Driver/Src/stm32l4xx_hal_i2c.o
 .debug_line    0x0000c0fe      0x85c ./Drivers/STM32L4xx_HAL_Driver/Src/stm32l4xx_hal_i2c_ex.o
 .debug_line    0x0000c95a      0xd53 ./Drivers/STM32L4xx_HAL_Driver/Src/stm32l4xx_hal_pwr_ex.o
 .debug_line    0x0000d6ad     0x1141 ./Drivers/STM32L4xx_HAL_Driver/Src/stm32l4xx_hal_rcc.o
 .debug_line    0x0000e7ee     0x197b ./Drivers/STM32L4xx_HAL_Driver/Src/stm32l4xx_hal_rcc_ex.o
 .debug_line    0x00010169     0x357d ./Drivers/STM32L4xx_HAL_Driver/Src/stm32l4xx_hal_uart.o
 .debug_line    0x000136e6      0xc64 ./Drivers/STM32L4xx_HAL_Driver/Src/stm32l4xx_hal_uart_ex.o

.debug_str      0x00000000   0x106282
 .debug_str     0x00000000   0x106282 ./Core/Src/main.o
                              0xfe6f7 (size before relaxing)
 .debug_str     0x00106282    0xfc462 ./Core/Src/stm32l4s5i_iot01.o
 .debug_str     0x00106282    0xfc74c ./Core/Src/stm32l4s5i_iot01_accelero.o
 .debug_str     0x00106282    0xfc6d1 ./Core/Src/stm32l4s5i_iot01_gyro.o
 .debug_str     0x00106282    0xfb5d6 ./Core/Src/stm32l4s5i_iot01_hsensor.o
 .debug_str     0x00106282    0xfba8a ./Core/Src/stm32l4s5i_iot01_magneto.o
 .debug_str     0x00106282    0xfaee9 ./Core/Src/stm32l4xx_hal_msp.o
 .debug_str     0x00106282    0xfa262 ./Core/Src/stm32l4xx_it.o
 .debug_str     0x00106282     0x7774 ./Core/Src/sysmem.o
 .debug_str     0x00106282    0xfa37c ./Core/Src/system_stm32l4xx.o
 .debug_str     0x00106282       0x76 ./Core/Startup/startup_stm32l4s5vitx.o
 .debug_str     0x00106282     0x4684 ./Drivers/Components/hts221/hts221.o
 .debug_str     0x00106282     0x49c7 ./Drivers/Components/lis3mdl/lis3mdl.o
 .debug_str     0x00106282     0x566d ./Drivers/Components/lsm6dsl/lsm6dsl.o
 .debug_str     0x00106282    0xfaf5a ./Drivers/STM32L4xx_HAL_Driver/Src/stm32l4xx_hal.o
 .debug_str     0x00106282    0xfac1b ./Drivers/STM32L4xx_HAL_Driver/Src/stm32l4xx_hal_cortex.o
 .debug_str     0x00106282    0xfa4f6 ./Drivers/STM32L4xx_HAL_Driver/Src/stm32l4xx_hal_gpio.o
 .debug_str     0x00106282    0xfb659 ./Drivers/STM32L4xx_HAL_Driver/Src/stm32l4xx_hal_i2c.o
 .debug_str     0x00106282    0xfa98a ./Drivers/STM32L4xx_HAL_Driver/Src/stm32l4xx_hal_i2c_ex.o
 .debug_str     0x00106282    0xfa94f ./Drivers/STM32L4xx_HAL_Driver/Src/stm32l4xx_hal_pwr_ex.o
 .debug_str     0x00106282    0xfa9ef ./Drivers/STM32L4xx_HAL_Driver/Src/stm32l4xx_hal_rcc.o
 .debug_str     0x00106282    0xfadb0 ./Drivers/STM32L4xx_HAL_Driver/Src/stm32l4xx_hal_rcc_ex.o
 .debug_str     0x00106282    0xfb320 ./Drivers/STM32L4xx_HAL_Driver/Src/stm32l4xx_hal_uart.o
 .debug_str     0x00106282    0xfab30 ./Drivers/STM32L4xx_HAL_Driver/Src/stm32l4xx_hal_uart_ex.o

.comment        0x00000000       0x43
 .comment       0x00000000       0x43 ./Core/Src/main.o
                                 0x44 (size before relaxing)
 .comment       0x00000043       0x44 ./Core/Src/stm32l4s5i_iot01.o
 .comment       0x00000043       0x44 ./Core/Src/stm32l4s5i_iot01_accelero.o
 .comment       0x00000043       0x44 ./Core/Src/stm32l4s5i_iot01_gyro.o
 .comment       0x00000043       0x44 ./Core/Src/stm32l4s5i_iot01_hsensor.o
 .comment       0x00000043       0x44 ./Core/Src/stm32l4s5i_iot01_magneto.o
 .comment       0x00000043       0x44 ./Core/Src/stm32l4xx_hal_msp.o
 .comment       0x00000043       0x44 ./Core/Src/stm32l4xx_it.o
 .comment       0x00000043       0x44 ./Core/Src/sysmem.o
 .comment       0x00000043       0x44 ./Core/Src/system_stm32l4xx.o
 .comment       0x00000043       0x44 ./Drivers/Components/hts221/hts221.o
 .comment       0x00000043       0x44 ./Drivers/Components/lis3mdl/lis3mdl.o
 .comment       0x00000043       0x44 ./Drivers/Components/lsm6dsl/lsm6dsl.o
 .comment       0x00000043       0x44 ./Drivers/STM32L4xx_HAL_Driver/Src/stm32l4xx_hal.o
 .comment       0x00000043       0x44 ./Drivers/STM32L4xx_HAL_Driver/Src/stm32l4xx_hal_cortex.o
 .comment       0x00000043       0x44 ./Drivers/STM32L4xx_HAL_Driver/Src/stm32l4xx_hal_gpio.o
 .comment       0x00000043       0x44 ./Drivers/STM32L4xx_HAL_Driver/Src/stm32l4xx_hal_i2c.o
 .comment       0x00000043       0x44 ./Drivers/STM32L4xx_HAL_Driver/Src/stm32l4xx_hal_i2c_ex.o
 .comment       0x00000043       0x44 ./Drivers/STM32L4xx_HAL_Driver/Src/stm32l4xx_hal_pwr_ex.o
 .comment       0x00000043       0x44 ./Drivers/STM32L4xx_HAL_Driver/Src/stm32l4xx_hal_rcc.o
 .comment       0x00000043       0x44 ./Drivers/STM32L4xx_HAL_Driver/Src/stm32l4xx_hal_rcc_ex.o
 .comment       0x00000043       0x44 ./Drivers/STM32L4xx_HAL_Driver/Src/stm32l4xx_hal_uart.o
 .comment       0x00000043       0x44 ./Drivers/STM32L4xx_HAL_Driver/Src/stm32l4xx_hal_uart_ex.o

.debug_frame    0x00000000     0x45cc
 .debug_frame   0x00000000      0x144 ./Core/Src/main.o
 .debug_frame   0x00000144      0x490 ./Core/Src/stm32l4s5i_iot01.o
 .debug_frame   0x000005d4       0x98 ./Core/Src/stm32l4s5i_iot01_accelero.o
 .debug_frame   0x0000066c       0x98 ./Core/Src/stm32l4s5i_iot01_gyro.o
 .debug_frame   0x00000704       0x6c ./Core/Src/stm32l4s5i_iot01_hsensor.o
 .debug_frame   0x00000770       0x98 ./Core/Src/stm32l4s5i_iot01_magneto.o
 .debug_frame   0x00000808       0xd0 ./Core/Src/stm32l4xx_hal_msp.o
 .debug_frame   0x000008d8      0x120 ./Core/Src/stm32l4xx_it.o
 .debug_frame   0x000009f8       0x34 ./Core/Src/sysmem.o
 .debug_frame   0x00000a2c       0x58 ./Core/Src/system_stm32l4xx.o
 .debug_frame   0x00000a84       0xc4 ./Drivers/Components/hts221/hts221.o
 .debug_frame   0x00000b48       0xbc ./Drivers/Components/lis3mdl/lis3mdl.o
 .debug_frame   0x00000c04      0x168 ./Drivers/Components/lsm6dsl/lsm6dsl.o
 .debug_frame   0x00000d6c      0x498 ./Drivers/STM32L4xx_HAL_Driver/Src/stm32l4xx_hal.o
 .debug_frame   0x00001204      0x4e8 ./Drivers/STM32L4xx_HAL_Driver/Src/stm32l4xx_hal_cortex.o
 .debug_frame   0x000016ec      0x14c ./Drivers/STM32L4xx_HAL_Driver/Src/stm32l4xx_hal_gpio.o
 .debug_frame   0x00001838      0xc38 ./Drivers/STM32L4xx_HAL_Driver/Src/stm32l4xx_hal_i2c.o
 .debug_frame   0x00002470      0x100 ./Drivers/STM32L4xx_HAL_Driver/Src/stm32l4xx_hal_i2c_ex.o
 .debug_frame   0x00002570      0x5c4 ./Drivers/STM32L4xx_HAL_Driver/Src/stm32l4xx_hal_pwr_ex.o
 .debug_frame   0x00002b34      0x248 ./Drivers/STM32L4xx_HAL_Driver/Src/stm32l4xx_hal_rcc.o
 .debug_frame   0x00002d7c      0x464 ./Drivers/STM32L4xx_HAL_Driver/Src/stm32l4xx_hal_rcc_ex.o
 .debug_frame   0x000031e0      0xa94 ./Drivers/STM32L4xx_HAL_Driver/Src/stm32l4xx_hal_uart.o
 .debug_frame   0x00003c74      0x2c0 ./Drivers/STM32L4xx_HAL_Driver/Src/stm32l4xx_hal_uart_ex.o
 .debug_frame   0x00003f34       0x74 /Applications/STM32CubeIDE.app/Contents/Eclipse/plugins/com.st.stm32cube.ide.mcu.externaltools.gnu-tools-for-stm32.13.3.rel1.macos64_1.0.0.202411102158/tools/bin/../lib/gcc/arm-none-eabi/13.3.1/../../../../arm-none-eabi/lib/thumb/v7e-m+fp/hard/libc_nano.a(libc_a-sprintf.o)
 .debug_frame   0x00003fa8      0x144 /Applications/STM32CubeIDE.app/Contents/Eclipse/plugins/com.st.stm32cube.ide.mcu.externaltools.gnu-tools-for-stm32.13.3.rel1.macos64_1.0.0.202411102158/tools/bin/../lib/gcc/arm-none-eabi/13.3.1/../../../../arm-none-eabi/lib/thumb/v7e-m+fp/hard/libc_nano.a(libc_a-findfp.o)
 .debug_frame   0x000040ec       0x20 /Applications/STM32CubeIDE.app/Contents/Eclipse/plugins/com.st.stm32cube.ide.mcu.externaltools.gnu-tools-for-stm32.13.3.rel1.macos64_1.0.0.202411102158/tools/bin/../lib/gcc/arm-none-eabi/13.3.1/../../../../arm-none-eabi/lib/thumb/v7e-m+fp/hard/libc_nano.a(libc_a-memset.o)
 .debug_frame   0x0000410c       0x20 /Applications/STM32CubeIDE.app/Contents/Eclipse/plugins/com.st.stm32cube.ide.mcu.externaltools.gnu-tools-for-stm32.13.3.rel1.macos64_1.0.0.202411102158/tools/bin/../lib/gcc/arm-none-eabi/13.3.1/../../../../arm-none-eabi/lib/thumb/v7e-m+fp/hard/libc_nano.a(libc_a-errno.o)
 .debug_frame   0x0000412c       0x2c /Applications/STM32CubeIDE.app/Contents/Eclipse/plugins/com.st.stm32cube.ide.mcu.externaltools.gnu-tools-for-stm32.13.3.rel1.macos64_1.0.0.202411102158/tools/bin/../lib/gcc/arm-none-eabi/13.3.1/../../../../arm-none-eabi/lib/thumb/v7e-m+fp/hard/libc_nano.a(libc_a-init.o)
 .debug_frame   0x00004158       0xb0 /Applications/STM32CubeIDE.app/Contents/Eclipse/plugins/com.st.stm32cube.ide.mcu.externaltools.gnu-tools-for-stm32.13.3.rel1.macos64_1.0.0.202411102158/tools/bin/../lib/gcc/arm-none-eabi/13.3.1/../../../../arm-none-eabi/lib/thumb/v7e-m+fp/hard/libc_nano.a(libc_a-lock.o)
 .debug_frame   0x00004208       0x28 /Applications/STM32CubeIDE.app/Contents/Eclipse/plugins/com.st.stm32cube.ide.mcu.externaltools.gnu-tools-for-stm32.13.3.rel1.macos64_1.0.0.202411102158/tools/bin/../lib/gcc/arm-none-eabi/13.3.1/../../../../arm-none-eabi/lib/thumb/v7e-m+fp/hard/libc_nano.a(libc_a-memcpy-stub.o)
 .debug_frame   0x00004230       0x90 /Applications/STM32CubeIDE.app/Contents/Eclipse/plugins/com.st.stm32cube.ide.mcu.externaltools.gnu-tools-for-stm32.13.3.rel1.macos64_1.0.0.202411102158/tools/bin/../lib/gcc/arm-none-eabi/13.3.1/../../../../arm-none-eabi/lib/thumb/v7e-m+fp/hard/libc_nano.a(libc_a-nano-svfprintf.o)
 .debug_frame   0x000042c0       0x50 /Applications/STM32CubeIDE.app/Contents/Eclipse/plugins/com.st.stm32cube.ide.mcu.externaltools.gnu-tools-for-stm32.13.3.rel1.macos64_1.0.0.202411102158/tools/bin/../lib/gcc/arm-none-eabi/13.3.1/../../../../arm-none-eabi/lib/thumb/v7e-m+fp/hard/libc_nano.a(libc_a-mallocr.o)
 .debug_frame   0x00004310       0x60 /Applications/STM32CubeIDE.app/Contents/Eclipse/plugins/com.st.stm32cube.ide.mcu.externaltools.gnu-tools-for-stm32.13.3.rel1.macos64_1.0.0.202411102158/tools/bin/../lib/gcc/arm-none-eabi/13.3.1/../../../../arm-none-eabi/lib/thumb/v7e-m+fp/hard/libc_nano.a(libc_a-nano-vfprintf_i.o)
 .debug_frame   0x00004370       0x30 /Applications/STM32CubeIDE.app/Contents/Eclipse/plugins/com.st.stm32cube.ide.mcu.externaltools.gnu-tools-for-stm32.13.3.rel1.macos64_1.0.0.202411102158/tools/bin/../lib/gcc/arm-none-eabi/13.3.1/../../../../arm-none-eabi/lib/thumb/v7e-m+fp/hard/libc_nano.a(libc_a-mlock.o)
 .debug_frame   0x000043a0       0x3c /Applications/STM32CubeIDE.app/Contents/Eclipse/plugins/com.st.stm32cube.ide.mcu.externaltools.gnu-tools-for-stm32.13.3.rel1.macos64_1.0.0.202411102158/tools/bin/../lib/gcc/arm-none-eabi/13.3.1/../../../../arm-none-eabi/lib/thumb/v7e-m+fp/hard/libc_nano.a(libc_a-reallocr.o)