../Core/Src/main.c:95:5:main	104	static
../Core/Src/main.c:187:6:SystemClock_Config	96	static
../Core/Src/main.c:238:13:MX_I2C2_Init	8	static
../Core/Src/main.c:286:13:MX_USART1_UART_Init	8	static
../Core/Src/main.c:334:13:MX_GPIO_Init	40	static
../Core/Src/main.c:379:6:StartAlternateSensor	16	static
../Core/Src/main.c:404:6:StartTransmitData	16	static
../Core/Src/main.c:423:6:StartReadSensorData	24	static
../Core/Src/main.c:462:6:HAL_TIM_PeriodElapsedCallback	16	static
../Core/Src/main.c:479:6:Error_Handler	4	static,ignoring_inline_asm
