17:20:59 **** Build of configuration Debug for project Lab 1 ****
make -j8 all 
arm-none-eabi-gcc "../Drivers/STM32L4xx_HAL_Driver/Src/stm32l4xx_hal.c" -mcpu=cortex-m4 -std=gnu11 -g3 -DDEBUG -DUSE_HAL_DRIVER -DSTM32L4S5xx -c -I../Core/Inc -I../Drivers/STM32L4xx_HAL_Driver/Inc -I../Drivers/STM32L4xx_HAL_Driver/Inc/Legacy -I../Drivers/CMSIS/Device/ST/STM32L4xx/Include -I../Drivers/CMSIS/Include -O0 -ffunction-sections -fdata-sections -Wall -fstack-usage -MMD -MP -MF"Drivers/STM32L4xx_HAL_Driver/Src/stm32l4xx_hal.d" -MT"Drivers/STM32L4xx_HAL_Driver/Src/stm32l4xx_hal.o" --specs=nano.specs -mfpu=fpv4-sp-d16 -mfloat-abi=hard -mthumb -o "Drivers/STM32L4xx_HAL_Driver/Src/stm32l4xx_hal.o"
arm-none-eabi-gcc "../Drivers/STM32L4xx_HAL_Driver/Src/stm32l4xx_hal_adc.c" -mcpu=cortex-m4 -std=gnu11 -g3 -DDEBUG -DUSE_HAL_DRIVER -DSTM32L4S5xx -c -I../Core/Inc -I../Drivers/STM32L4xx_HAL_Driver/Inc -I../Drivers/STM32L4xx_HAL_Driver/Inc/Legacy -I../Drivers/CMSIS/Device/ST/STM32L4xx/Include -I../Drivers/CMSIS/Include -O0 -ffunction-sections -fdata-sections -Wall -fstack-usage -MMD -MP -MF"Drivers/STM32L4xx_HAL_Driver/Src/stm32l4xx_hal_adc.d" -MT"Drivers/STM32L4xx_HAL_Driver/Src/stm32l4xx_hal_adc.o" --specs=nano.specs -mfpu=fpv4-sp-d16 -mfloat-abi=hard -mthumb -o "Drivers/STM32L4xx_HAL_Driver/Src/stm32l4xx_hal_adc.o"
arm-none-eabi-gcc "../Drivers/STM32L4xx_HAL_Driver/Src/stm32l4xx_hal_adc_ex.c" -mcpu=cortex-m4 -std=gnu11 -g3 -DDEBUG -DUSE_HAL_DRIVER -DSTM32L4S5xx -c -I../Core/Inc -I../Drivers/STM32L4xx_HAL_Driver/Inc -I../Drivers/STM32L4xx_HAL_Driver/Inc/Legacy -I../Drivers/CMSIS/Device/ST/STM32L4xx/Include -I../Drivers/CMSIS/Include -O0 -ffunction-sections -fdata-sections -Wall -fstack-usage -MMD -MP -MF"Drivers/STM32L4xx_HAL_Driver/Src/stm32l4xx_hal_adc_ex.d" -MT"Drivers/STM32L4xx_HAL_Driver/Src/stm32l4xx_hal_adc_ex.o" --specs=nano.specs -mfpu=fpv4-sp-d16 -mfloat-abi=hard -mthumb -o "Drivers/STM32L4xx_HAL_Driver/Src/stm32l4xx_hal_adc_ex.o"
arm-none-eabi-gcc "../Drivers/STM32L4xx_HAL_Driver/Src/stm32l4xx_hal_cortex.c" -mcpu=cortex-m4 -std=gnu11 -g3 -DDEBUG -DUSE_HAL_DRIVER -DSTM32L4S5xx -c -I../Core/Inc -I../Drivers/STM32L4xx_HAL_Driver/Inc -I../Drivers/STM32L4xx_HAL_Driver/Inc/Legacy -I../Drivers/CMSIS/Device/ST/STM32L4xx/Include -I../Drivers/CMSIS/Include -O0 -ffunction-sections -fdata-sections -Wall -fstack-usage -MMD -MP -MF"Drivers/STM32L4xx_HAL_Driver/Src/stm32l4xx_hal_cortex.d" -MT"Drivers/STM32L4xx_HAL_Driver/Src/stm32l4xx_hal_cortex.o" --specs=nano.specs -mfpu=fpv4-sp-d16 -mfloat-abi=hard -mthumb -o "Drivers/STM32L4xx_HAL_Driver/Src/stm32l4xx_hal_cortex.o"
arm-none-eabi-gcc "../Drivers/STM32L4xx_HAL_Driver/Src/stm32l4xx_hal_dfsdm.c" -mcpu=cortex-m4 -std=gnu11 -g3 -DDEBUG -DUSE_HAL_DRIVER -DSTM32L4S5xx -c -I../Core/Inc -I../Drivers/STM32L4xx_HAL_Driver/Inc -I../Drivers/STM32L4xx_HAL_Driver/Inc/Legacy -I../Drivers/CMSIS/Device/ST/STM32L4xx/Include -I../Drivers/CMSIS/Include -O0 -ffunction-sections -fdata-sections -Wall -fstack-usage -MMD -MP -MF"Drivers/STM32L4xx_HAL_Driver/Src/stm32l4xx_hal_dfsdm.d" -MT"Drivers/STM32L4xx_HAL_Driver/Src/stm32l4xx_hal_dfsdm.o" --specs=nano.specs -mfpu=fpv4-sp-d16 -mfloat-abi=hard -mthumb -o "Drivers/STM32L4xx_HAL_Driver/Src/stm32l4xx_hal_dfsdm.o"
arm-none-eabi-gcc "../Drivers/STM32L4xx_HAL_Driver/Src/stm32l4xx_hal_dfsdm_ex.c" -mcpu=cortex-m4 -std=gnu11 -g3 -DDEBUG -DUSE_HAL_DRIVER -DSTM32L4S5xx -c -I../Core/Inc -I../Drivers/STM32L4xx_HAL_Driver/Inc -I../Drivers/STM32L4xx_HAL_Driver/Inc/Legacy -I../Drivers/CMSIS/Device/ST/STM32L4xx/Include -I../Drivers/CMSIS/Include -O0 -ffunction-sections -fdata-sections -Wall -fstack-usage -MMD -MP -MF"Drivers/STM32L4xx_HAL_Driver/Src/stm32l4xx_hal_dfsdm_ex.d" -MT"Drivers/STM32L4xx_HAL_Driver/Src/stm32l4xx_hal_dfsdm_ex.o" --specs=nano.specs -mfpu=fpv4-sp-d16 -mfloat-abi=hard -mthumb -o "Drivers/STM32L4xx_HAL_Driver/Src/stm32l4xx_hal_dfsdm_ex.o"
arm-none-eabi-gcc "../Drivers/STM32L4xx_HAL_Driver/Src/stm32l4xx_hal_dma.c" -mcpu=cortex-m4 -std=gnu11 -g3 -DDEBUG -DUSE_HAL_DRIVER -DSTM32L4S5xx -c -I../Core/Inc -I../Drivers/STM32L4xx_HAL_Driver/Inc -I../Drivers/STM32L4xx_HAL_Driver/Inc/Legacy -I../Drivers/CMSIS/Device/ST/STM32L4xx/Include -I../Drivers/CMSIS/Include -O0 -ffunction-sections -fdata-sections -Wall -fstack-usage -MMD -MP -MF"Drivers/STM32L4xx_HAL_Driver/Src/stm32l4xx_hal_dma.d" -MT"Drivers/STM32L4xx_HAL_Driver/Src/stm32l4xx_hal_dma.o" --specs=nano.specs -mfpu=fpv4-sp-d16 -mfloat-abi=hard -mthumb -o "Drivers/STM32L4xx_HAL_Driver/Src/stm32l4xx_hal_dma.o"
arm-none-eabi-gcc "../Drivers/STM32L4xx_HAL_Driver/Src/stm32l4xx_hal_dma_ex.c" -mcpu=cortex-m4 -std=gnu11 -g3 -DDEBUG -DUSE_HAL_DRIVER -DSTM32L4S5xx -c -I../Core/Inc -I../Drivers/STM32L4xx_HAL_Driver/Inc -I../Drivers/STM32L4xx_HAL_Driver/Inc/Legacy -I../Drivers/CMSIS/Device/ST/STM32L4xx/Include -I../Drivers/CMSIS/Include -O0 -ffunction-sections -fdata-sections -Wall -fstack-usage -MMD -MP -MF"Drivers/STM32L4xx_HAL_Driver/Src/stm32l4xx_hal_dma_ex.d" -MT"Drivers/STM32L4xx_HAL_Driver/Src/stm32l4xx_hal_dma_ex.o" --specs=nano.specs -mfpu=fpv4-sp-d16 -mfloat-abi=hard -mthumb -o "Drivers/STM32L4xx_HAL_Driver/Src/stm32l4xx_hal_dma_ex.o"
arm-none-eabi-gcc "../Drivers/STM32L4xx_HAL_Driver/Src/stm32l4xx_hal_exti.c" -mcpu=cortex-m4 -std=gnu11 -g3 -DDEBUG -DUSE_HAL_DRIVER -DSTM32L4S5xx -c -I../Core/Inc -I../Drivers/STM32L4xx_HAL_Driver/Inc -I../Drivers/STM32L4xx_HAL_Driver/Inc/Legacy -I../Drivers/CMSIS/Device/ST/STM32L4xx/Include -I../Drivers/CMSIS/Include -O0 -ffunction-sections -fdata-sections -Wall -fstack-usage -MMD -MP -MF"Drivers/STM32L4xx_HAL_Driver/Src/stm32l4xx_hal_exti.d" -MT"Drivers/STM32L4xx_HAL_Driver/Src/stm32l4xx_hal_exti.o" --specs=nano.specs -mfpu=fpv4-sp-d16 -mfloat-abi=hard -mthumb -o "Drivers/STM32L4xx_HAL_Driver/Src/stm32l4xx_hal_exti.o"
arm-none-eabi-gcc "../Drivers/STM32L4xx_HAL_Driver/Src/stm32l4xx_hal_flash.c" -mcpu=cortex-m4 -std=gnu11 -g3 -DDEBUG -DUSE_HAL_DRIVER -DSTM32L4S5xx -c -I../Core/Inc -I../Drivers/STM32L4xx_HAL_Driver/Inc -I../Drivers/STM32L4xx_HAL_Driver/Inc/Legacy -I../Drivers/CMSIS/Device/ST/STM32L4xx/Include -I../Drivers/CMSIS/Include -O0 -ffunction-sections -fdata-sections -Wall -fstack-usage -MMD -MP -MF"Drivers/STM32L4xx_HAL_Driver/Src/stm32l4xx_hal_flash.d" -MT"Drivers/STM32L4xx_HAL_Driver/Src/stm32l4xx_hal_flash.o" --specs=nano.specs -mfpu=fpv4-sp-d16 -mfloat-abi=hard -mthumb -o "Drivers/STM32L4xx_HAL_Driver/Src/stm32l4xx_hal_flash.o"
arm-none-eabi-gcc "../Drivers/STM32L4xx_HAL_Driver/Src/stm32l4xx_hal_flash_ex.c" -mcpu=cortex-m4 -std=gnu11 -g3 -DDEBUG -DUSE_HAL_DRIVER -DSTM32L4S5xx -c -I../Core/Inc -I../Drivers/STM32L4xx_HAL_Driver/Inc -I../Drivers/STM32L4xx_HAL_Driver/Inc/Legacy -I../Drivers/CMSIS/Device/ST/STM32L4xx/Include -I../Drivers/CMSIS/Include -O0 -ffunction-sections -fdata-sections -Wall -fstack-usage -MMD -MP -MF"Drivers/STM32L4xx_HAL_Driver/Src/stm32l4xx_hal_flash_ex.d" -MT"Drivers/STM32L4xx_HAL_Driver/Src/stm32l4xx_hal_flash_ex.o" --specs=nano.specs -mfpu=fpv4-sp-d16 -mfloat-abi=hard -mthumb -o "Drivers/STM32L4xx_HAL_Driver/Src/stm32l4xx_hal_flash_ex.o"
arm-none-eabi-gcc "../Drivers/STM32L4xx_HAL_Driver/Src/stm32l4xx_hal_flash_ramfunc.c" -mcpu=cortex-m4 -std=gnu11 -g3 -DDEBUG -DUSE_HAL_DRIVER -DSTM32L4S5xx -c -I../Core/Inc -I../Drivers/STM32L4xx_HAL_Driver/Inc -I../Drivers/STM32L4xx_HAL_Driver/Inc/Legacy -I../Drivers/CMSIS/Device/ST/STM32L4xx/Include -I../Drivers/CMSIS/Include -O0 -ffunction-sections -fdata-sections -Wall -fstack-usage -MMD -MP -MF"Drivers/STM32L4xx_HAL_Driver/Src/stm32l4xx_hal_flash_ramfunc.d" -MT"Drivers/STM32L4xx_HAL_Driver/Src/stm32l4xx_hal_flash_ramfunc.o" --specs=nano.specs -mfpu=fpv4-sp-d16 -mfloat-abi=hard -mthumb -o "Drivers/STM32L4xx_HAL_Driver/Src/stm32l4xx_hal_flash_ramfunc.o"
arm-none-eabi-gcc "../Drivers/STM32L4xx_HAL_Driver/Src/stm32l4xx_hal_gpio.c" -mcpu=cortex-m4 -std=gnu11 -g3 -DDEBUG -DUSE_HAL_DRIVER -DSTM32L4S5xx -c -I../Core/Inc -I../Drivers/STM32L4xx_HAL_Driver/Inc -I../Drivers/STM32L4xx_HAL_Driver/Inc/Legacy -I../Drivers/CMSIS/Device/ST/STM32L4xx/Include -I../Drivers/CMSIS/Include -O0 -ffunction-sections -fdata-sections -Wall -fstack-usage -MMD -MP -MF"Drivers/STM32L4xx_HAL_Driver/Src/stm32l4xx_hal_gpio.d" -MT"Drivers/STM32L4xx_HAL_Driver/Src/stm32l4xx_hal_gpio.o" --specs=nano.specs -mfpu=fpv4-sp-d16 -mfloat-abi=hard -mthumb -o "Drivers/STM32L4xx_HAL_Driver/Src/stm32l4xx_hal_gpio.o"
arm-none-eabi-gcc "../Drivers/STM32L4xx_HAL_Driver/Src/stm32l4xx_hal_i2c.c" -mcpu=cortex-m4 -std=gnu11 -g3 -DDEBUG -DUSE_HAL_DRIVER -DSTM32L4S5xx -c -I../Core/Inc -I../Drivers/STM32L4xx_HAL_Driver/Inc -I../Drivers/STM32L4xx_HAL_Driver/Inc/Legacy -I../Drivers/CMSIS/Device/ST/STM32L4xx/Include -I../Drivers/CMSIS/Include -O0 -ffunction-sections -fdata-sections -Wall -fstack-usage -MMD -MP -MF"Drivers/STM32L4xx_HAL_Driver/Src/stm32l4xx_hal_i2c.d" -MT"Drivers/STM32L4xx_HAL_Driver/Src/stm32l4xx_hal_i2c.o" --specs=nano.specs -mfpu=fpv4-sp-d16 -mfloat-abi=hard -mthumb -o "Drivers/STM32L4xx_HAL_Driver/Src/stm32l4xx_hal_i2c.o"
arm-none-eabi-gcc "../Drivers/STM32L4xx_HAL_Driver/Src/stm32l4xx_hal_i2c_ex.c" -mcpu=cortex-m4 -std=gnu11 -g3 -DDEBUG -DUSE_HAL_DRIVER -DSTM32L4S5xx -c -I../Core/Inc -I../Drivers/STM32L4xx_HAL_Driver/Inc -I../Drivers/STM32L4xx_HAL_Driver/Inc/Legacy -I../Drivers/CMSIS/Device/ST/STM32L4xx/Include -I../Drivers/CMSIS/Include -O0 -ffunction-sections -fdata-sections -Wall -fstack-usage -MMD -MP -MF"Drivers/STM32L4xx_HAL_Driver/Src/stm32l4xx_hal_i2c_ex.d" -MT"Drivers/STM32L4xx_HAL_Driver/Src/stm32l4xx_hal_i2c_ex.o" --specs=nano.specs -mfpu=fpv4-sp-d16 -mfloat-abi=hard -mthumb -o "Drivers/STM32L4xx_HAL_Driver/Src/stm32l4xx_hal_i2c_ex.o"
arm-none-eabi-gcc "../Drivers/STM32L4xx_HAL_Driver/Src/stm32l4xx_hal_ospi.c" -mcpu=cortex-m4 -std=gnu11 -g3 -DDEBUG -DUSE_HAL_DRIVER -DSTM32L4S5xx -c -I../Core/Inc -I../Drivers/STM32L4xx_HAL_Driver/Inc -I../Drivers/STM32L4xx_HAL_Driver/Inc/Legacy -I../Drivers/CMSIS/Device/ST/STM32L4xx/Include -I../Drivers/CMSIS/Include -O0 -ffunction-sections -fdata-sections -Wall -fstack-usage -MMD -MP -MF"Drivers/STM32L4xx_HAL_Driver/Src/stm32l4xx_hal_ospi.d" -MT"Drivers/STM32L4xx_HAL_Driver/Src/stm32l4xx_hal_ospi.o" --specs=nano.specs -mfpu=fpv4-sp-d16 -mfloat-abi=hard -mthumb -o "Drivers/STM32L4xx_HAL_Driver/Src/stm32l4xx_hal_ospi.o"
arm-none-eabi-gcc "../Drivers/STM32L4xx_HAL_Driver/Src/stm32l4xx_hal_pwr.c" -mcpu=cortex-m4 -std=gnu11 -g3 -DDEBUG -DUSE_HAL_DRIVER -DSTM32L4S5xx -c -I../Core/Inc -I../Drivers/STM32L4xx_HAL_Driver/Inc -I../Drivers/STM32L4xx_HAL_Driver/Inc/Legacy -I../Drivers/CMSIS/Device/ST/STM32L4xx/Include -I../Drivers/CMSIS/Include -O0 -ffunction-sections -fdata-sections -Wall -fstack-usage -MMD -MP -MF"Drivers/STM32L4xx_HAL_Driver/Src/stm32l4xx_hal_pwr.d" -MT"Drivers/STM32L4xx_HAL_Driver/Src/stm32l4xx_hal_pwr.o" --specs=nano.specs -mfpu=fpv4-sp-d16 -mfloat-abi=hard -mthumb -o "Drivers/STM32L4xx_HAL_Driver/Src/stm32l4xx_hal_pwr.o"
arm-none-eabi-gcc "../Drivers/STM32L4xx_HAL_Driver/Src/stm32l4xx_hal_pwr_ex.c" -mcpu=cortex-m4 -std=gnu11 -g3 -DDEBUG -DUSE_HAL_DRIVER -DSTM32L4S5xx -c -I../Core/Inc -I../Drivers/STM32L4xx_HAL_Driver/Inc -I../Drivers/STM32L4xx_HAL_Driver/Inc/Legacy -I../Drivers/CMSIS/Device/ST/STM32L4xx/Include -I../Drivers/CMSIS/Include -O0 -ffunction-sections -fdata-sections -Wall -fstack-usage -MMD -MP -MF"Drivers/STM32L4xx_HAL_Driver/Src/stm32l4xx_hal_pwr_ex.d" -MT"Drivers/STM32L4xx_HAL_Driver/Src/stm32l4xx_hal_pwr_ex.o" --specs=nano.specs -mfpu=fpv4-sp-d16 -mfloat-abi=hard -mthumb -o "Drivers/STM32L4xx_HAL_Driver/Src/stm32l4xx_hal_pwr_ex.o"
arm-none-eabi-gcc "../Drivers/STM32L4xx_HAL_Driver/Src/stm32l4xx_hal_rcc.c" -mcpu=cortex-m4 -std=gnu11 -g3 -DDEBUG -DUSE_HAL_DRIVER -DSTM32L4S5xx -c -I../Core/Inc -I../Drivers/STM32L4xx_HAL_Driver/Inc -I../Drivers/STM32L4xx_HAL_Driver/Inc/Legacy -I../Drivers/CMSIS/Device/ST/STM32L4xx/Include -I../Drivers/CMSIS/Include -O0 -ffunction-sections -fdata-sections -Wall -fstack-usage -MMD -MP -MF"Drivers/STM32L4xx_HAL_Driver/Src/stm32l4xx_hal_rcc.d" -MT"Drivers/STM32L4xx_HAL_Driver/Src/stm32l4xx_hal_rcc.o" --specs=nano.specs -mfpu=fpv4-sp-d16 -mfloat-abi=hard -mthumb -o "Drivers/STM32L4xx_HAL_Driver/Src/stm32l4xx_hal_rcc.o"
arm-none-eabi-gcc "../Drivers/STM32L4xx_HAL_Driver/Src/stm32l4xx_hal_rcc_ex.c" -mcpu=cortex-m4 -std=gnu11 -g3 -DDEBUG -DUSE_HAL_DRIVER -DSTM32L4S5xx -c -I../Core/Inc -I../Drivers/STM32L4xx_HAL_Driver/Inc -I../Drivers/STM32L4xx_HAL_Driver/Inc/Legacy -I../Drivers/CMSIS/Device/ST/STM32L4xx/Include -I../Drivers/CMSIS/Include -O0 -ffunction-sections -fdata-sections -Wall -fstack-usage -MMD -MP -MF"Drivers/STM32L4xx_HAL_Driver/Src/stm32l4xx_hal_rcc_ex.d" -MT"Drivers/STM32L4xx_HAL_Driver/Src/stm32l4xx_hal_rcc_ex.o" --specs=nano.specs -mfpu=fpv4-sp-d16 -mfloat-abi=hard -mthumb -o "Drivers/STM32L4xx_HAL_Driver/Src/stm32l4xx_hal_rcc_ex.o"
arm-none-eabi-gcc "../Drivers/STM32L4xx_HAL_Driver/Src/stm32l4xx_hal_spi.c" -mcpu=cortex-m4 -std=gnu11 -g3 -DDEBUG -DUSE_HAL_DRIVER -DSTM32L4S5xx -c -I../Core/Inc -I../Drivers/STM32L4xx_HAL_Driver/Inc -I../Drivers/STM32L4xx_HAL_Driver/Inc/Legacy -I../Drivers/CMSIS/Device/ST/STM32L4xx/Include -I../Drivers/CMSIS/Include -O0 -ffunction-sections -fdata-sections -Wall -fstack-usage -MMD -MP -MF"Drivers/STM32L4xx_HAL_Driver/Src/stm32l4xx_hal_spi.d" -MT"Drivers/STM32L4xx_HAL_Driver/Src/stm32l4xx_hal_spi.o" --specs=nano.specs -mfpu=fpv4-sp-d16 -mfloat-abi=hard -mthumb -o "Drivers/STM32L4xx_HAL_Driver/Src/stm32l4xx_hal_spi.o"
arm-none-eabi-gcc "../Drivers/STM32L4xx_HAL_Driver/Src/stm32l4xx_hal_spi_ex.c" -mcpu=cortex-m4 -std=gnu11 -g3 -DDEBUG -DUSE_HAL_DRIVER -DSTM32L4S5xx -c -I../Core/Inc -I../Drivers/STM32L4xx_HAL_Driver/Inc -I../Drivers/STM32L4xx_HAL_Driver/Inc/Legacy -I../Drivers/CMSIS/Device/ST/STM32L4xx/Include -I../Drivers/CMSIS/Include -O0 -ffunction-sections -fdata-sections -Wall -fstack-usage -MMD -MP -MF"Drivers/STM32L4xx_HAL_Driver/Src/stm32l4xx_hal_spi_ex.d" -MT"Drivers/STM32L4xx_HAL_Driver/Src/stm32l4xx_hal_spi_ex.o" --specs=nano.specs -mfpu=fpv4-sp-d16 -mfloat-abi=hard -mthumb -o "Drivers/STM32L4xx_HAL_Driver/Src/stm32l4xx_hal_spi_ex.o"
arm-none-eabi-gcc "../Drivers/STM32L4xx_HAL_Driver/Src/stm32l4xx_hal_tim.c" -mcpu=cortex-m4 -std=gnu11 -g3 -DDEBUG -DUSE_HAL_DRIVER -DSTM32L4S5xx -c -I../Core/Inc -I../Drivers/STM32L4xx_HAL_Driver/Inc -I../Drivers/STM32L4xx_HAL_Driver/Inc/Legacy -I../Drivers/CMSIS/Device/ST/STM32L4xx/Include -I../Drivers/CMSIS/Include -O0 -ffunction-sections -fdata-sections -Wall -fstack-usage -MMD -MP -MF"Drivers/STM32L4xx_HAL_Driver/Src/stm32l4xx_hal_tim.d" -MT"Drivers/STM32L4xx_HAL_Driver/Src/stm32l4xx_hal_tim.o" --specs=nano.specs -mfpu=fpv4-sp-d16 -mfloat-abi=hard -mthumb -o "Drivers/STM32L4xx_HAL_Driver/Src/stm32l4xx_hal_tim.o"
arm-none-eabi-gcc "../Drivers/STM32L4xx_HAL_Driver/Src/stm32l4xx_hal_tim_ex.c" -mcpu=cortex-m4 -std=gnu11 -g3 -DDEBUG -DUSE_HAL_DRIVER -DSTM32L4S5xx -c -I../Core/Inc -I../Drivers/STM32L4xx_HAL_Driver/Inc -I../Drivers/STM32L4xx_HAL_Driver/Inc/Legacy -I../Drivers/CMSIS/Device/ST/STM32L4xx/Include -I../Drivers/CMSIS/Include -O0 -ffunction-sections -fdata-sections -Wall -fstack-usage -MMD -MP -MF"Drivers/STM32L4xx_HAL_Driver/Src/stm32l4xx_hal_tim_ex.d" -MT"Drivers/STM32L4xx_HAL_Driver/Src/stm32l4xx_hal_tim_ex.o" --specs=nano.specs -mfpu=fpv4-sp-d16 -mfloat-abi=hard -mthumb -o "Drivers/STM32L4xx_HAL_Driver/Src/stm32l4xx_hal_tim_ex.o"
arm-none-eabi-gcc "../Drivers/STM32L4xx_HAL_Driver/Src/stm32l4xx_hal_uart.c" -mcpu=cortex-m4 -std=gnu11 -g3 -DDEBUG -DUSE_HAL_DRIVER -DSTM32L4S5xx -c -I../Core/Inc -I../Drivers/STM32L4xx_HAL_Driver/Inc -I../Drivers/STM32L4xx_HAL_Driver/Inc/Legacy -I../Drivers/CMSIS/Device/ST/STM32L4xx/Include -I../Drivers/CMSIS/Include -O0 -ffunction-sections -fdata-sections -Wall -fstack-usage -MMD -MP -MF"Drivers/STM32L4xx_HAL_Driver/Src/stm32l4xx_hal_uart.d" -MT"Drivers/STM32L4xx_HAL_Driver/Src/stm32l4xx_hal_uart.o" --specs=nano.specs -mfpu=fpv4-sp-d16 -mfloat-abi=hard -mthumb -o "Drivers/STM32L4xx_HAL_Driver/Src/stm32l4xx_hal_uart.o"
arm-none-eabi-gcc "../Drivers/STM32L4xx_HAL_Driver/Src/stm32l4xx_hal_uart_ex.c" -mcpu=cortex-m4 -std=gnu11 -g3 -DDEBUG -DUSE_HAL_DRIVER -DSTM32L4S5xx -c -I../Core/Inc -I../Drivers/STM32L4xx_HAL_Driver/Inc -I../Drivers/STM32L4xx_HAL_Driver/Inc/Legacy -I../Drivers/CMSIS/Device/ST/STM32L4xx/Include -I../Drivers/CMSIS/Include -O0 -ffunction-sections -fdata-sections -Wall -fstack-usage -MMD -MP -MF"Drivers/STM32L4xx_HAL_Driver/Src/stm32l4xx_hal_uart_ex.d" -MT"Drivers/STM32L4xx_HAL_Driver/Src/stm32l4xx_hal_uart_ex.o" --specs=nano.specs -mfpu=fpv4-sp-d16 -mfloat-abi=hard -mthumb -o "Drivers/STM32L4xx_HAL_Driver/Src/stm32l4xx_hal_uart_ex.o"
arm-none-eabi-gcc -mcpu=cortex-m4 -g3 -DDEBUG -c -x assembler-with-cpp -MMD -MP -MF"Core/Startup/startup_stm32l4s5vitx.d" -MT"Core/Startup/startup_stm32l4s5vitx.o" --specs=nano.specs -mfpu=fpv4-sp-d16 -mfloat-abi=hard -mthumb -o "Core/Startup/startup_stm32l4s5vitx.o" "../Core/Startup/startup_stm32l4s5vitx.s"
arm-none-eabi-gcc -mcpu=cortex-m4 -g3 -DDEBUG -c -x assembler-with-cpp -MMD -MP -MF"Core/Src/KalmanfilterAssembly.d" -MT"Core/Src/KalmanfilterAssembly.o" --specs=nano.specs -mfpu=fpv4-sp-d16 -mfloat-abi=hard -mthumb -o "Core/Src/KalmanfilterAssembly.o" "../Core/Src/KalmanfilterAssembly.s"
arm-none-eabi-gcc "../Core/Src/main.c" -mcpu=cortex-m4 -std=gnu11 -g3 -DDEBUG -DUSE_HAL_DRIVER -DSTM32L4S5xx -c -I../Core/Inc -I../Drivers/STM32L4xx_HAL_Driver/Inc -I../Drivers/STM32L4xx_HAL_Driver/Inc/Legacy -I../Drivers/CMSIS/Device/ST/STM32L4xx/Include -I../Drivers/CMSIS/Include -O0 -ffunction-sections -fdata-sections -Wall -fstack-usage -MMD -MP -MF"Core/Src/main.d" -MT"Core/Src/main.o" --specs=nano.specs -mfpu=fpv4-sp-d16 -mfloat-abi=hard -mthumb -o "Core/Src/main.o"
arm-none-eabi-gcc "../Core/Src/stm32l4xx_hal_msp.c" -mcpu=cortex-m4 -std=gnu11 -g3 -DDEBUG -DUSE_HAL_DRIVER -DSTM32L4S5xx -c -I../Core/Inc -I../Drivers/STM32L4xx_HAL_Driver/Inc -I../Drivers/STM32L4xx_HAL_Driver/Inc/Legacy -I../Drivers/CMSIS/Device/ST/STM32L4xx/Include -I../Drivers/CMSIS/Include -O0 -ffunction-sections -fdata-sections -Wall -fstack-usage -MMD -MP -MF"Core/Src/stm32l4xx_hal_msp.d" -MT"Core/Src/stm32l4xx_hal_msp.o" --specs=nano.specs -mfpu=fpv4-sp-d16 -mfloat-abi=hard -mthumb -o "Core/Src/stm32l4xx_hal_msp.o"
arm-none-eabi-gcc "../Core/Src/stm32l4xx_it.c" -mcpu=cortex-m4 -std=gnu11 -g3 -DDEBUG -DUSE_HAL_DRIVER -DSTM32L4S5xx -c -I../Core/Inc -I../Drivers/STM32L4xx_HAL_Driver/Inc -I../Drivers/STM32L4xx_HAL_Driver/Inc/Legacy -I../Drivers/CMSIS/Device/ST/STM32L4xx/Include -I../Drivers/CMSIS/Include -O0 -ffunction-sections -fdata-sections -Wall -fstack-usage -MMD -MP -MF"Core/Src/stm32l4xx_it.d" -MT"Core/Src/stm32l4xx_it.o" --specs=nano.specs -mfpu=fpv4-sp-d16 -mfloat-abi=hard -mthumb -o "Core/Src/stm32l4xx_it.o"
../Core/Src/KalmanfilterAssembly.s: Assembler messages:
../Core/Src/KalmanfilterAssembly.s:27: Error: VFP single, double or Neon quad precision register expected -- `vsub.f32 S6,1,S5'
make: *** [Core/Src/subdir.mk:41: Core/Src/KalmanfilterAssembly.o] Error 1
make: *** Waiting for unfinished jobs....
"make -j8 all" terminated with exit code 2. Build might be incomplete.
17:24:35 **** Incremental Build of configuration Debug for project Lab 1 ****
make -j8 all 
arm-none-eabi-gcc -mcpu=cortex-m4 -g3 -DDEBUG -c -x assembler-with-cpp -MMD -MP -MF"Core/Src/KalmanfilterAssembly.d" -MT"Core/Src/KalmanfilterAssembly.o" --specs=nano.specs -mfpu=fpv4-sp-d16 -mfloat-abi=hard -mthumb -o "Core/Src/KalmanfilterAssembly.o" "../Core/Src/KalmanfilterAssembly.s"
arm-none-eabi-gcc "../Core/Src/syscalls.c" -mcpu=cortex-m4 -std=gnu11 -g3 -DDEBUG -DUSE_HAL_DRIVER -DSTM32L4S5xx -c -I../Core/Inc -I../Drivers/STM32L4xx_HAL_Driver/Inc -I../Drivers/STM32L4xx_HAL_Driver/Inc/Legacy -I../Drivers/CMSIS/Device/ST/STM32L4xx/Include -I../Drivers/CMSIS/Include -O0 -ffunction-sections -fdata-sections -Wall -fstack-usage -MMD -MP -MF"Core/Src/syscalls.d" -MT"Core/Src/syscalls.o" --specs=nano.specs -mfpu=fpv4-sp-d16 -mfloat-abi=hard -mthumb -o "Core/Src/syscalls.o"
arm-none-eabi-gcc "../Core/Src/sysmem.c" -mcpu=cortex-m4 -std=gnu11 -g3 -DDEBUG -DUSE_HAL_DRIVER -DSTM32L4S5xx -c -I../Core/Inc -I../Drivers/STM32L4xx_HAL_Driver/Inc -I../Drivers/STM32L4xx_HAL_Driver/Inc/Legacy -I../Drivers/CMSIS/Device/ST/STM32L4xx/Include -I../Drivers/CMSIS/Include -O0 -ffunction-sections -fdata-sections -Wall -fstack-usage -MMD -MP -MF"Core/Src/sysmem.d" -MT"Core/Src/sysmem.o" --specs=nano.specs -mfpu=fpv4-sp-d16 -mfloat-abi=hard -mthumb -o "Core/Src/sysmem.o"
arm-none-eabi-gcc "../Core/Src/system_stm32l4xx.c" -mcpu=cortex-m4 -std=gnu11 -g3 -DDEBUG -DUSE_HAL_DRIVER -DSTM32L4S5xx -c -I../Core/Inc -I../Drivers/STM32L4xx_HAL_Driver/Inc -I../Drivers/STM32L4xx_HAL_Driver/Inc/Legacy -I../Drivers/CMSIS/Device/ST/STM32L4xx/Include -I../Drivers/CMSIS/Include -O0 -ffunction-sections -fdata-sections -Wall -fstack-usage -MMD -MP -MF"Core/Src/system_stm32l4xx.d" -MT"Core/Src/system_stm32l4xx.o" --specs=nano.specs -mfpu=fpv4-sp-d16 -mfloat-abi=hard -mthumb -o "Core/Src/system_stm32l4xx.o"
../Core/Src/KalmanfilterAssembly.s: Assembler messages:
../Core/Src/KalmanfilterAssembly.s:27: Error: VFP single, double or Neon quad precision register expected -- `vsub.f32 S6,1,S5'
make: *** [Core/Src/subdir.mk:41: Core/Src/KalmanfilterAssembly.o] Error 1
make: *** Waiting for unfinished jobs....
"make -j8 all" terminated with exit code 2. Build might be incomplete.
17:26:47 **** Incremental Build of configuration Debug for project Lab 1 ****
make -j8 all 
arm-none-eabi-gcc -mcpu=cortex-m4 -g3 -DDEBUG -c -x assembler-with-cpp -MMD -MP -MF"Core/Src/KalmanfilterAssembly.d" -MT"Core/Src/KalmanfilterAssembly.o" --specs=nano.specs -mfpu=fpv4-sp-d16 -mfloat-abi=hard -mthumb -o "Core/Src/KalmanfilterAssembly.o" "../Core/Src/KalmanfilterAssembly.s"
../Core/Src/KalmanfilterAssembly.s: Assembler messages:
../Core/Src/KalmanfilterAssembly.s:27: Error: VFP single, double or Neon quad precision register expected -- `vsub.f32 S6,1,S5'
make: *** [Core/Src/subdir.mk:41: Core/Src/KalmanfilterAssembly.o] Error 1
"make -j8 all" terminated with exit code 2. Build might be incomplete.
17:27:40 **** Incremental Build of configuration Debug for project Lab 1 ****
make -j8 all 
arm-none-eabi-gcc -mcpu=cortex-m4 -g3 -DDEBUG -c -x assembler-with-cpp -MMD -MP -MF"Core/Src/KalmanfilterAssembly.d" -MT"Core/Src/KalmanfilterAssembly.o" --specs=nano.specs -mfpu=fpv4-sp-d16 -mfloat-abi=hard -mthumb -o "Core/Src/KalmanfilterAssembly.o" "../Core/Src/KalmanfilterAssembly.s"
../Core/Src/KalmanfilterAssembly.s: Assembler messages:
../Core/Src/KalmanfilterAssembly.s:27: Error: VFP single, double or Neon quad precision register expected -- `vsub.f32 S6,1,S5'
make: *** [Core/Src/subdir.mk:41: Core/Src/KalmanfilterAssembly.o] Error 1
"make -j8 all" terminated with exit code 2. Build might be incomplete.
17:31:33 **** Incremental Build of configuration Debug for project Lab 1 ****
make -j8 all 
arm-none-eabi-gcc -mcpu=cortex-m4 -g3 -DDEBUG -c -x assembler-with-cpp -MMD -MP -MF"Core/Src/KalmanfilterAssembly.d" -MT"Core/Src/KalmanfilterAssembly.o" --specs=nano.specs -mfpu=fpv4-sp-d16 -mfloat-abi=hard -mthumb -o "Core/Src/KalmanfilterAssembly.o" "../Core/Src/KalmanfilterAssembly.s"
arm-none-eabi-gcc -o "Lab 1.elf" @"objects.list"   -mcpu=cortex-m4 -T"C:\Users\Neil\STM32CubeIDE\ECSE444\Lab 1\STM32L4S5VITX_FLASH.ld" --specs=nosys.specs -Wl,-Map="Lab 1.map" -Wl,--gc-sections -static -u _printf_float --specs=nano.specs -mfpu=fpv4-sp-d16 -mfloat-abi=hard -mthumb -Wl,--start-group -lc -lm -Wl,--end-group
Finished building target: Lab 1.elf
 
arm-none-eabi-size   Lab\ 1.elf 
arm-none-eabi-objdump -h -S  Lab\ 1.elf  > "Lab 1.list"
   text	   data	    bss	    dec	    hex	filename
  39744	    484	   2812	  43040	   a820	Lab 1.elf
Finished building: default.size.stdout
 
Finished building: Lab 1.list
 
17:56:35 **** Incremental Build of configuration Debug for project Lab 1 ****
make -j8 all 
arm-none-eabi-gcc "../Core/Src/main.c" -mcpu=cortex-m4 -std=gnu11 -g3 -DDEBUG -DUSE_HAL_DRIVER -DSTM32L4S5xx -c -I../Core/Inc -I../Drivers/STM32L4xx_HAL_Driver/Inc -I../Drivers/STM32L4xx_HAL_Driver/Inc/Legacy -I../Drivers/CMSIS/Device/ST/STM32L4xx/Include -I../Drivers/CMSIS/Include -O0 -ffunction-sections -fdata-sections -Wall -fstack-usage -MMD -MP -MF"Core/Src/main.d" -MT"Core/Src/main.o" --specs=nano.specs -mfpu=fpv4-sp-d16 -mfloat-abi=hard -mthumb -o "Core/Src/main.o"
../Core/Src/main.c: In function 'main':
../Core/Src/main.c:152:5: warning: implicit declaration of function 'kalmanFilter' [-Wimplicit-function-declaration]
  152 |     kalmanFilter(&kstate, measurement);
      |     ^~~~~~~~~~~~
../Core/Src/main.c:153:5: warning: implicit declaration of function 'printf' [-Wimplicit-function-declaration]
  153 |     printf("Updated estimate: %f\n", kstate.x);
      |     ^~~~~~
../Core/Src/main.c:153:5: warning: incompatible implicit declaration of built-in function 'printf'
../Core/Src/main.c:22:1: note: include '<stdio.h>' or provide a declaration of 'printf'
   21 | #include "KalmanfilterAssembly.h"
  +++ |+#include <stdio.h>
   22 | /* Private includes ----------------------------------------------------------*/
arm-none-eabi-gcc -o "Lab 1.elf" @"objects.list"   -mcpu=cortex-m4 -T"C:\Users\Neil\STM32CubeIDE\ECSE444\Lab 1\STM32L4S5VITX_FLASH.ld" --specs=nosys.specs -Wl,-Map="Lab 1.map" -Wl,--gc-sections -static -u _printf_float --specs=nano.specs -mfpu=fpv4-sp-d16 -mfloat-abi=hard -mthumb -Wl,--start-group -lc -lm -Wl,--end-group
Finished building target: Lab 1.elf
 
arm-none-eabi-size   Lab\ 1.elf 
arm-none-eabi-objdump -h -S  Lab\ 1.elf  > "Lab 1.list"
   text	   data	    bss	    dec	    hex	filename
  40080	    484	   2812	  43376	   a970	Lab 1.elf
Finished building: default.size.stdout
 
Finished building: Lab 1.list
 
17:59:26 **** Incremental Build of configuration Debug for project Lab 1 ****
make -j8 all 
arm-none-eabi-gcc "../Core/Src/main.c" -mcpu=cortex-m4 -std=gnu11 -g3 -DDEBUG -DUSE_HAL_DRIVER -DSTM32L4S5xx -c -I../Core/Inc -I../Drivers/STM32L4xx_HAL_Driver/Inc -I../Drivers/STM32L4xx_HAL_Driver/Inc/Legacy -I../Drivers/CMSIS/Device/ST/STM32L4xx/Include -I../Drivers/CMSIS/Include -O0 -ffunction-sections -fdata-sections -Wall -fstack-usage -MMD -MP -MF"Core/Src/main.d" -MT"Core/Src/main.o" --specs=nano.specs -mfpu=fpv4-sp-d16 -mfloat-abi=hard -mthumb -o "Core/Src/main.o"
arm-none-eabi-gcc -o "Lab 1.elf" @"objects.list"   -mcpu=cortex-m4 -T"C:\Users\Neil\STM32CubeIDE\ECSE444\Lab 1\STM32L4S5VITX_FLASH.ld" --specs=nosys.specs -Wl,-Map="Lab 1.map" -Wl,--gc-sections -static -u _printf_float --specs=nano.specs -mfpu=fpv4-sp-d16 -mfloat-abi=hard -mthumb -Wl,--start-group -lc -lm -Wl,--end-group
Finished building target: Lab 1.elf
 
arm-none-eabi-size   Lab\ 1.elf 
arm-none-eabi-objdump -h -S  Lab\ 1.elf  > "Lab 1.list"
   text	   data	    bss	    dec	    hex	filename
  40072	    484	   2812	  43368	   a968	Lab 1.elf
Finished building: default.size.stdout
 
Finished building: Lab 1.list
 
18:00:27 **** Incremental Build of configuration Debug for project Lab 1 ****
make -j8 all 
arm-none-eabi-size   Lab\ 1.elf 
   text	   data	    bss	    dec	    hex	filename
  40072	    484	   2812	  43368	   a968	Lab 1.elf
Finished building: default.size.stdout
 
22:23:16 **** Incremental Build of configuration Debug for project Lab 1 ****
make -j8 all 
arm-none-eabi-gcc "../Drivers/STM32L4xx_HAL_Driver/Src/stm32l4xx_hal.c" -mcpu=cortex-m4 -std=gnu11 -g3 -DDEBUG -DUSE_HAL_DRIVER -DSTM32L4S5xx -c -I../Core/Inc -I../Drivers/STM32L4xx_HAL_Driver/Inc -I../Drivers/STM32L4xx_HAL_Driver/Inc/Legacy -I../Drivers/CMSIS/Device/ST/STM32L4xx/Include -I../Drivers/CMSIS/Include -O0 -ffunction-sections -fdata-sections -Wall -fstack-usage -MMD -MP -MF"Drivers/STM32L4xx_HAL_Driver/Src/stm32l4xx_hal.d" -MT"Drivers/STM32L4xx_HAL_Driver/Src/stm32l4xx_hal.o" --specs=nano.specs -mfpu=fpv4-sp-d16 -mfloat-abi=hard -mthumb -o "Drivers/STM32L4xx_HAL_Driver/Src/stm32l4xx_hal.o"
arm-none-eabi-gcc "../Drivers/STM32L4xx_HAL_Driver/Src/stm32l4xx_hal_cortex.c" -mcpu=cortex-m4 -std=gnu11 -g3 -DDEBUG -DUSE_HAL_DRIVER -DSTM32L4S5xx -c -I../Core/Inc -I../Drivers/STM32L4xx_HAL_Driver/Inc -I../Drivers/STM32L4xx_HAL_Driver/Inc/Legacy -I../Drivers/CMSIS/Device/ST/STM32L4xx/Include -I../Drivers/CMSIS/Include -O0 -ffunction-sections -fdata-sections -Wall -fstack-usage -MMD -MP -MF"Drivers/STM32L4xx_HAL_Driver/Src/stm32l4xx_hal_cortex.d" -MT"Drivers/STM32L4xx_HAL_Driver/Src/stm32l4xx_hal_cortex.o" --specs=nano.specs -mfpu=fpv4-sp-d16 -mfloat-abi=hard -mthumb -o "Drivers/STM32L4xx_HAL_Driver/Src/stm32l4xx_hal_cortex.o"
arm-none-eabi-gcc "../Drivers/STM32L4xx_HAL_Driver/Src/stm32l4xx_hal_dma.c" -mcpu=cortex-m4 -std=gnu11 -g3 -DDEBUG -DUSE_HAL_DRIVER -DSTM32L4S5xx -c -I../Core/Inc -I../Drivers/STM32L4xx_HAL_Driver/Inc -I../Drivers/STM32L4xx_HAL_Driver/Inc/Legacy -I../Drivers/CMSIS/Device/ST/STM32L4xx/Include -I../Drivers/CMSIS/Include -O0 -ffunction-sections -fdata-sections -Wall -fstack-usage -MMD -MP -MF"Drivers/STM32L4xx_HAL_Driver/Src/stm32l4xx_hal_dma.d" -MT"Drivers/STM32L4xx_HAL_Driver/Src/stm32l4xx_hal_dma.o" --specs=nano.specs -mfpu=fpv4-sp-d16 -mfloat-abi=hard -mthumb -o "Drivers/STM32L4xx_HAL_Driver/Src/stm32l4xx_hal_dma.o"
arm-none-eabi-gcc "../Drivers/STM32L4xx_HAL_Driver/Src/stm32l4xx_hal_dma_ex.c" -mcpu=cortex-m4 -std=gnu11 -g3 -DDEBUG -DUSE_HAL_DRIVER -DSTM32L4S5xx -c -I../Core/Inc -I../Drivers/STM32L4xx_HAL_Driver/Inc -I../Drivers/STM32L4xx_HAL_Driver/Inc/Legacy -I../Drivers/CMSIS/Device/ST/STM32L4xx/Include -I../Drivers/CMSIS/Include -O0 -ffunction-sections -fdata-sections -Wall -fstack-usage -MMD -MP -MF"Drivers/STM32L4xx_HAL_Driver/Src/stm32l4xx_hal_dma_ex.d" -MT"Drivers/STM32L4xx_HAL_Driver/Src/stm32l4xx_hal_dma_ex.o" --specs=nano.specs -mfpu=fpv4-sp-d16 -mfloat-abi=hard -mthumb -o "Drivers/STM32L4xx_HAL_Driver/Src/stm32l4xx_hal_dma_ex.o"
arm-none-eabi-gcc "../Drivers/STM32L4xx_HAL_Driver/Src/stm32l4xx_hal_exti.c" -mcpu=cortex-m4 -std=gnu11 -g3 -DDEBUG -DUSE_HAL_DRIVER -DSTM32L4S5xx -c -I../Core/Inc -I../Drivers/STM32L4xx_HAL_Driver/Inc -I../Drivers/STM32L4xx_HAL_Driver/Inc/Legacy -I../Drivers/CMSIS/Device/ST/STM32L4xx/Include -I../Drivers/CMSIS/Include -O0 -ffunction-sections -fdata-sections -Wall -fstack-usage -MMD -MP -MF"Drivers/STM32L4xx_HAL_Driver/Src/stm32l4xx_hal_exti.d" -MT"Drivers/STM32L4xx_HAL_Driver/Src/stm32l4xx_hal_exti.o" --specs=nano.specs -mfpu=fpv4-sp-d16 -mfloat-abi=hard -mthumb -o "Drivers/STM32L4xx_HAL_Driver/Src/stm32l4xx_hal_exti.o"
arm-none-eabi-gcc "../Drivers/STM32L4xx_HAL_Driver/Src/stm32l4xx_hal_flash.c" -mcpu=cortex-m4 -std=gnu11 -g3 -DDEBUG -DUSE_HAL_DRIVER -DSTM32L4S5xx -c -I../Core/Inc -I../Drivers/STM32L4xx_HAL_Driver/Inc -I../Drivers/STM32L4xx_HAL_Driver/Inc/Legacy -I../Drivers/CMSIS/Device/ST/STM32L4xx/Include -I../Drivers/CMSIS/Include -O0 -ffunction-sections -fdata-sections -Wall -fstack-usage -MMD -MP -MF"Drivers/STM32L4xx_HAL_Driver/Src/stm32l4xx_hal_flash.d" -MT"Drivers/STM32L4xx_HAL_Driver/Src/stm32l4xx_hal_flash.o" --specs=nano.specs -mfpu=fpv4-sp-d16 -mfloat-abi=hard -mthumb -o "Drivers/STM32L4xx_HAL_Driver/Src/stm32l4xx_hal_flash.o"
arm-none-eabi-gcc "../Drivers/STM32L4xx_HAL_Driver/Src/stm32l4xx_hal_flash_ex.c" -mcpu=cortex-m4 -std=gnu11 -g3 -DDEBUG -DUSE_HAL_DRIVER -DSTM32L4S5xx -c -I../Core/Inc -I../Drivers/STM32L4xx_HAL_Driver/Inc -I../Drivers/STM32L4xx_HAL_Driver/Inc/Legacy -I../Drivers/CMSIS/Device/ST/STM32L4xx/Include -I../Drivers/CMSIS/Include -O0 -ffunction-sections -fdata-sections -Wall -fstack-usage -MMD -MP -MF"Drivers/STM32L4xx_HAL_Driver/Src/stm32l4xx_hal_flash_ex.d" -MT"Drivers/STM32L4xx_HAL_Driver/Src/stm32l4xx_hal_flash_ex.o" --specs=nano.specs -mfpu=fpv4-sp-d16 -mfloat-abi=hard -mthumb -o "Drivers/STM32L4xx_HAL_Driver/Src/stm32l4xx_hal_flash_ex.o"
arm-none-eabi-gcc "../Drivers/STM32L4xx_HAL_Driver/Src/stm32l4xx_hal_flash_ramfunc.c" -mcpu=cortex-m4 -std=gnu11 -g3 -DDEBUG -DUSE_HAL_DRIVER -DSTM32L4S5xx -c -I../Core/Inc -I../Drivers/STM32L4xx_HAL_Driver/Inc -I../Drivers/STM32L4xx_HAL_Driver/Inc/Legacy -I../Drivers/CMSIS/Device/ST/STM32L4xx/Include -I../Drivers/CMSIS/Include -O0 -ffunction-sections -fdata-sections -Wall -fstack-usage -MMD -MP -MF"Drivers/STM32L4xx_HAL_Driver/Src/stm32l4xx_hal_flash_ramfunc.d" -MT"Drivers/STM32L4xx_HAL_Driver/Src/stm32l4xx_hal_flash_ramfunc.o" --specs=nano.specs -mfpu=fpv4-sp-d16 -mfloat-abi=hard -mthumb -o "Drivers/STM32L4xx_HAL_Driver/Src/stm32l4xx_hal_flash_ramfunc.o"
arm-none-eabi-gcc "../Drivers/STM32L4xx_HAL_Driver/Src/stm32l4xx_hal_gpio.c" -mcpu=cortex-m4 -std=gnu11 -g3 -DDEBUG -DUSE_HAL_DRIVER -DSTM32L4S5xx -c -I../Core/Inc -I../Drivers/STM32L4xx_HAL_Driver/Inc -I../Drivers/STM32L4xx_HAL_Driver/Inc/Legacy -I../Drivers/CMSIS/Device/ST/STM32L4xx/Include -I../Drivers/CMSIS/Include -O0 -ffunction-sections -fdata-sections -Wall -fstack-usage -MMD -MP -MF"Drivers/STM32L4xx_HAL_Driver/Src/stm32l4xx_hal_gpio.d" -MT"Drivers/STM32L4xx_HAL_Driver/Src/stm32l4xx_hal_gpio.o" --specs=nano.specs -mfpu=fpv4-sp-d16 -mfloat-abi=hard -mthumb -o "Drivers/STM32L4xx_HAL_Driver/Src/stm32l4xx_hal_gpio.o"
arm-none-eabi-gcc "../Drivers/STM32L4xx_HAL_Driver/Src/stm32l4xx_hal_i2c.c" -mcpu=cortex-m4 -std=gnu11 -g3 -DDEBUG -DUSE_HAL_DRIVER -DSTM32L4S5xx -c -I../Core/Inc -I../Drivers/STM32L4xx_HAL_Driver/Inc -I../Drivers/STM32L4xx_HAL_Driver/Inc/Legacy -I../Drivers/CMSIS/Device/ST/STM32L4xx/Include -I../Drivers/CMSIS/Include -O0 -ffunction-sections -fdata-sections -Wall -fstack-usage -MMD -MP -MF"Drivers/STM32L4xx_HAL_Driver/Src/stm32l4xx_hal_i2c.d" -MT"Drivers/STM32L4xx_HAL_Driver/Src/stm32l4xx_hal_i2c.o" --specs=nano.specs -mfpu=fpv4-sp-d16 -mfloat-abi=hard -mthumb -o "Drivers/STM32L4xx_HAL_Driver/Src/stm32l4xx_hal_i2c.o"
arm-none-eabi-gcc "../Drivers/STM32L4xx_HAL_Driver/Src/stm32l4xx_hal_i2c_ex.c" -mcpu=cortex-m4 -std=gnu11 -g3 -DDEBUG -DUSE_HAL_DRIVER -DSTM32L4S5xx -c -I../Core/Inc -I../Drivers/STM32L4xx_HAL_Driver/Inc -I../Drivers/STM32L4xx_HAL_Driver/Inc/Legacy -I../Drivers/CMSIS/Device/ST/STM32L4xx/Include -I../Drivers/CMSIS/Include -O0 -ffunction-sections -fdata-sections -Wall -fstack-usage -MMD -MP -MF"Drivers/STM32L4xx_HAL_Driver/Src/stm32l4xx_hal_i2c_ex.d" -MT"Drivers/STM32L4xx_HAL_Driver/Src/stm32l4xx_hal_i2c_ex.o" --specs=nano.specs -mfpu=fpv4-sp-d16 -mfloat-abi=hard -mthumb -o "Drivers/STM32L4xx_HAL_Driver/Src/stm32l4xx_hal_i2c_ex.o"
arm-none-eabi-gcc "../Drivers/STM32L4xx_HAL_Driver/Src/stm32l4xx_hal_pwr.c" -mcpu=cortex-m4 -std=gnu11 -g3 -DDEBUG -DUSE_HAL_DRIVER -DSTM32L4S5xx -c -I../Core/Inc -I../Drivers/STM32L4xx_HAL_Driver/Inc -I../Drivers/STM32L4xx_HAL_Driver/Inc/Legacy -I../Drivers/CMSIS/Device/ST/STM32L4xx/Include -I../Drivers/CMSIS/Include -O0 -ffunction-sections -fdata-sections -Wall -fstack-usage -MMD -MP -MF"Drivers/STM32L4xx_HAL_Driver/Src/stm32l4xx_hal_pwr.d" -MT"Drivers/STM32L4xx_HAL_Driver/Src/stm32l4xx_hal_pwr.o" --specs=nano.specs -mfpu=fpv4-sp-d16 -mfloat-abi=hard -mthumb -o "Drivers/STM32L4xx_HAL_Driver/Src/stm32l4xx_hal_pwr.o"
arm-none-eabi-gcc "../Drivers/STM32L4xx_HAL_Driver/Src/stm32l4xx_hal_pwr_ex.c" -mcpu=cortex-m4 -std=gnu11 -g3 -DDEBUG -DUSE_HAL_DRIVER -DSTM32L4S5xx -c -I../Core/Inc -I../Drivers/STM32L4xx_HAL_Driver/Inc -I../Drivers/STM32L4xx_HAL_Driver/Inc/Legacy -I../Drivers/CMSIS/Device/ST/STM32L4xx/Include -I../Drivers/CMSIS/Include -O0 -ffunction-sections -fdata-sections -Wall -fstack-usage -MMD -MP -MF"Drivers/STM32L4xx_HAL_Driver/Src/stm32l4xx_hal_pwr_ex.d" -MT"Drivers/STM32L4xx_HAL_Driver/Src/stm32l4xx_hal_pwr_ex.o" --specs=nano.specs -mfpu=fpv4-sp-d16 -mfloat-abi=hard -mthumb -o "Drivers/STM32L4xx_HAL_Driver/Src/stm32l4xx_hal_pwr_ex.o"
arm-none-eabi-gcc "../Drivers/STM32L4xx_HAL_Driver/Src/stm32l4xx_hal_rcc.c" -mcpu=cortex-m4 -std=gnu11 -g3 -DDEBUG -DUSE_HAL_DRIVER -DSTM32L4S5xx -c -I../Core/Inc -I../Drivers/STM32L4xx_HAL_Driver/Inc -I../Drivers/STM32L4xx_HAL_Driver/Inc/Legacy -I../Drivers/CMSIS/Device/ST/STM32L4xx/Include -I../Drivers/CMSIS/Include -O0 -ffunction-sections -fdata-sections -Wall -fstack-usage -MMD -MP -MF"Drivers/STM32L4xx_HAL_Driver/Src/stm32l4xx_hal_rcc.d" -MT"Drivers/STM32L4xx_HAL_Driver/Src/stm32l4xx_hal_rcc.o" --specs=nano.specs -mfpu=fpv4-sp-d16 -mfloat-abi=hard -mthumb -o "Drivers/STM32L4xx_HAL_Driver/Src/stm32l4xx_hal_rcc.o"
arm-none-eabi-gcc "../Drivers/STM32L4xx_HAL_Driver/Src/stm32l4xx_hal_rcc_ex.c" -mcpu=cortex-m4 -std=gnu11 -g3 -DDEBUG -DUSE_HAL_DRIVER -DSTM32L4S5xx -c -I../Core/Inc -I../Drivers/STM32L4xx_HAL_Driver/Inc -I../Drivers/STM32L4xx_HAL_Driver/Inc/Legacy -I../Drivers/CMSIS/Device/ST/STM32L4xx/Include -I../Drivers/CMSIS/Include -O0 -ffunction-sections -fdata-sections -Wall -fstack-usage -MMD -MP -MF"Drivers/STM32L4xx_HAL_Driver/Src/stm32l4xx_hal_rcc_ex.d" -MT"Drivers/STM32L4xx_HAL_Driver/Src/stm32l4xx_hal_rcc_ex.o" --specs=nano.specs -mfpu=fpv4-sp-d16 -mfloat-abi=hard -mthumb -o "Drivers/STM32L4xx_HAL_Driver/Src/stm32l4xx_hal_rcc_ex.o"
arm-none-eabi-gcc "../Drivers/STM32L4xx_HAL_Driver/Src/stm32l4xx_hal_tim.c" -mcpu=cortex-m4 -std=gnu11 -g3 -DDEBUG -DUSE_HAL_DRIVER -DSTM32L4S5xx -c -I../Core/Inc -I../Drivers/STM32L4xx_HAL_Driver/Inc -I../Drivers/STM32L4xx_HAL_Driver/Inc/Legacy -I../Drivers/CMSIS/Device/ST/STM32L4xx/Include -I../Drivers/CMSIS/Include -O0 -ffunction-sections -fdata-sections -Wall -fstack-usage -MMD -MP -MF"Drivers/STM32L4xx_HAL_Driver/Src/stm32l4xx_hal_tim.d" -MT"Drivers/STM32L4xx_HAL_Driver/Src/stm32l4xx_hal_tim.o" --specs=nano.specs -mfpu=fpv4-sp-d16 -mfloat-abi=hard -mthumb -o "Drivers/STM32L4xx_HAL_Driver/Src/stm32l4xx_hal_tim.o"
arm-none-eabi-gcc "../Drivers/STM32L4xx_HAL_Driver/Src/stm32l4xx_hal_tim_ex.c" -mcpu=cortex-m4 -std=gnu11 -g3 -DDEBUG -DUSE_HAL_DRIVER -DSTM32L4S5xx -c -I../Core/Inc -I../Drivers/STM32L4xx_HAL_Driver/Inc -I../Drivers/STM32L4xx_HAL_Driver/Inc/Legacy -I../Drivers/CMSIS/Device/ST/STM32L4xx/Include -I../Drivers/CMSIS/Include -O0 -ffunction-sections -fdata-sections -Wall -fstack-usage -MMD -MP -MF"Drivers/STM32L4xx_HAL_Driver/Src/stm32l4xx_hal_tim_ex.d" -MT"Drivers/STM32L4xx_HAL_Driver/Src/stm32l4xx_hal_tim_ex.o" --specs=nano.specs -mfpu=fpv4-sp-d16 -mfloat-abi=hard -mthumb -o "Drivers/STM32L4xx_HAL_Driver/Src/stm32l4xx_hal_tim_ex.o"
arm-none-eabi-gcc "../Core/Src/KalmanFilter_C.c" -mcpu=cortex-m4 -std=gnu11 -g3 -DDEBUG -DUSE_HAL_DRIVER -DSTM32L4S5xx -c -I../Core/Inc -I../Drivers/STM32L4xx_HAL_Driver/Inc -I../Drivers/STM32L4xx_HAL_Driver/Inc/Legacy -I../Drivers/CMSIS/Device/ST/STM32L4xx/Include -I../Drivers/CMSIS/Include -O0 -ffunction-sections -fdata-sections -Wall -fstack-usage -MMD -MP -MF"Core/Src/KalmanFilter_C.d" -MT"Core/Src/KalmanFilter_C.o" --specs=nano.specs -mfpu=fpv4-sp-d16 -mfloat-abi=hard -mthumb -o "Core/Src/KalmanFilter_C.o"
arm-none-eabi-gcc "../Core/Src/KalmanFilter_C_CMSIS.c" -mcpu=cortex-m4 -std=gnu11 -g3 -DDEBUG -DUSE_HAL_DRIVER -DSTM32L4S5xx -c -I../Core/Inc -I../Drivers/STM32L4xx_HAL_Driver/Inc -I../Drivers/STM32L4xx_HAL_Driver/Inc/Legacy -I../Drivers/CMSIS/Device/ST/STM32L4xx/Include -I../Drivers/CMSIS/Include -O0 -ffunction-sections -fdata-sections -Wall -fstack-usage -MMD -MP -MF"Core/Src/KalmanFilter_C_CMSIS.d" -MT"Core/Src/KalmanFilter_C_CMSIS.o" --specs=nano.specs -mfpu=fpv4-sp-d16 -mfloat-abi=hard -mthumb -o "Core/Src/KalmanFilter_C_CMSIS.o"
arm-none-eabi-gcc -mcpu=cortex-m4 -g3 -DDEBUG -c -x assembler-with-cpp -MMD -MP -MF"Core/Src/KalmanfilterAssembly.d" -MT"Core/Src/KalmanfilterAssembly.o" --specs=nano.specs -mfpu=fpv4-sp-d16 -mfloat-abi=hard -mthumb -o "Core/Src/KalmanfilterAssembly.o" "../Core/Src/KalmanfilterAssembly.s"
arm-none-eabi-gcc "../Core/Src/main.c" -mcpu=cortex-m4 -std=gnu11 -g3 -DDEBUG -DUSE_HAL_DRIVER -DSTM32L4S5xx -c -I../Core/Inc -I../Drivers/STM32L4xx_HAL_Driver/Inc -I../Drivers/STM32L4xx_HAL_Driver/Inc/Legacy -I../Drivers/CMSIS/Device/ST/STM32L4xx/Include -I../Drivers/CMSIS/Include -O0 -ffunction-sections -fdata-sections -Wall -fstack-usage -MMD -MP -MF"Core/Src/main.d" -MT"Core/Src/main.o" --specs=nano.specs -mfpu=fpv4-sp-d16 -mfloat-abi=hard -mthumb -o "Core/Src/main.o"
../Core/Src/KalmanFilter_C.c:9:22: error: unknown type name 'kalman_state'
    9 | void KalmanFilter_C (kalman_state* kState, float measurement){
      |                      ^~~~~~~~~~~~
make: *** [Core/Src/subdir.mk:47: Core/Src/KalmanFilter_C.o] Error 1
make: *** Waiting for unfinished jobs....
../Core/Src/KalmanFilter_C_CMSIS.c:9:28: error: unknown type name 'kalman_state'
    9 | void KalmanFilter_C_CMSIS (kalman_state* kState, float32_t measurement){
      |                            ^~~~~~~~~~~~
../Core/Src/KalmanFilter_C_CMSIS.c:9:50: error: unknown type name 'float32_t'
    9 | void KalmanFilter_C_CMSIS (kalman_state* kState, float32_t measurement){
      |                                                  ^~~~~~~~~
make: *** [Core/Src/subdir.mk:47: Core/Src/KalmanFilter_C_CMSIS.o] Error 1
In file included from ../Core/Inc/main.h:31,
                 from ../Core/Src/main.c:20:
../Core/Inc/KalmanfilterAssembly.h:11:26: warning: 'struct kalman_state' declared inside parameter list will not be visible outside of this definition or declaration
   11 | void kalmanFilter(struct kalman_state* state, float measurement);
      |                          ^~~~~~~~~~~~
In file included from ../Core/Inc/main.h:33,
                 from ../Core/Src/main.c:20:
../Core/Inc/KalmanFilter_C_CMSIS.h:13:5: error: unknown type name 'float32_t'
   13 |     float32_t q;
      |     ^~~~~~~~~
../Core/Inc/KalmanFilter_C_CMSIS.h:14:5: error: unknown type name 'float32_t'
   14 |     float32_t r;
      |     ^~~~~~~~~
../Core/Inc/KalmanFilter_C_CMSIS.h:15:5: error: unknown type name 'float32_t'
   15 |     float32_t x;
      |     ^~~~~~~~~
../Core/Inc/KalmanFilter_C_CMSIS.h:16:5: error: unknown type name 'float32_t'
   16 |     float32_t p;
      |     ^~~~~~~~~
../Core/Inc/KalmanFilter_C_CMSIS.h:17:5: error: unknown type name 'float32_t'
   17 |     float32_t k;
      |     ^~~~~~~~~
../Core/Inc/KalmanFilter_C_CMSIS.h:18:3: error: conflicting types for 'kalman_state'
   18 | } kalman_state;
      |   ^~~~~~~~~~~~
In file included from ../Core/Inc/main.h:32,
                 from ../Core/Src/main.c:20:
../Core/Inc/KalmanFilter_C.h:17:3: note: previous declaration of 'kalman_state' was here
   17 | } kalman_state;
      |   ^~~~~~~~~~~~
In file included from ../Core/Inc/main.h:33,
                 from ../Core/Src/main.c:20:
../Core/Inc/KalmanFilter_C_CMSIS.h:20:50: error: unknown type name 'float32_t'
   20 | void KalmanFilter_C_CMSIS (kalman_state* kState, float32_t measurement);
      |                                                  ^~~~~~~~~
../Core/Src/main.c: In function 'main':
../Core/Src/main.c:66:9: error: variable 'kstate' has initializer but incomplete type
   66 |  struct kalman_state kstate = {
      |         ^~~~~~~~~~~~
../Core/Src/main.c:67:5: error: 'struct kalman_state' has no member named 'q'
   67 |    .q = 0.1f,
      |     ^
../Core/Src/main.c:67:9: warning: excess elements in struct initializer
   67 |    .q = 0.1f,
      |         ^~~~
../Core/Src/main.c:67:9: note: (near initialization for 'kstate')
../Core/Src/main.c:68:5: error: 'struct kalman_state' has no member named 'r'
   68 |    .r = 0.1f,
      |     ^
../Core/Src/main.c:68:9: warning: excess elements in struct initializer
   68 |    .r = 0.1f,
      |         ^~~~
../Core/Src/main.c:68:9: note: (near initialization for 'kstate')
../Core/Src/main.c:69:5: error: 'struct kalman_state' has no member named 'p'
   69 |    .p = 0.1f,
      |     ^
../Core/Src/main.c:69:9: warning: excess elements in struct initializer
   69 |    .p = 0.1f,
      |         ^~~~
../Core/Src/main.c:69:9: note: (near initialization for 'kstate')
../Core/Src/main.c:70:5: error: 'struct kalman_state' has no member named 'x'
   70 |    .x = 5.0f,
      |     ^
../Core/Src/main.c:70:9: warning: excess elements in struct initializer
   70 |    .x = 5.0f,
      |         ^~~~
../Core/Src/main.c:70:9: note: (near initialization for 'kstate')
../Core/Src/main.c:71:5: error: 'struct kalman_state' has no member named 'k'
   71 |    .k = 0.0f
      |     ^
../Core/Src/main.c:71:9: warning: excess elements in struct initializer
   71 |    .k = 0.0f
      |         ^~~~
../Core/Src/main.c:71:9: note: (near initialization for 'kstate')
../Core/Src/main.c:66:22: error: storage size of 'kstate' isn't known
   66 |  struct kalman_state kstate = {
      |                      ^~~~~~
../Core/Src/main.c:109:5: warning: implicit declaration of function 'printf' [-Wimplicit-function-declaration]
  109 |     printf("Updated estimate: %f\n", kstate.x);
      |     ^~~~~~
../Core/Src/main.c:109:5: warning: incompatible implicit declaration of built-in function 'printf'
../Core/Src/main.c:21:1: note: include '<stdio.h>' or provide a declaration of 'printf'
   20 | #include "main.h"
  +++ |+#include <stdio.h>
   21 | 
../Core/Src/main.c:66:22: warning: unused variable 'kstate' [-Wunused-variable]
   66 |  struct kalman_state kstate = {
      |                      ^~~~~~
make: *** [Core/Src/subdir.mk:47: Core/Src/main.o] Error 1
"make -j8 all" terminated with exit code 2. Build might be incomplete.
22:23:47 **** Incremental Build of configuration Debug for project Lab 1 ****
make -j8 all 
arm-none-eabi-gcc "../Core/Src/KalmanFilter_C.c" -mcpu=cortex-m4 -std=gnu11 -g3 -DDEBUG -DUSE_HAL_DRIVER -DSTM32L4S5xx -c -I../Core/Inc -I../Drivers/STM32L4xx_HAL_Driver/Inc -I../Drivers/STM32L4xx_HAL_Driver/Inc/Legacy -I../Drivers/CMSIS/Device/ST/STM32L4xx/Include -I../Drivers/CMSIS/Include -O0 -ffunction-sections -fdata-sections -Wall -fstack-usage -MMD -MP -MF"Core/Src/KalmanFilter_C.d" -MT"Core/Src/KalmanFilter_C.o" --specs=nano.specs -mfpu=fpv4-sp-d16 -mfloat-abi=hard -mthumb -o "Core/Src/KalmanFilter_C.o"
arm-none-eabi-gcc "../Core/Src/KalmanFilter_C_CMSIS.c" -mcpu=cortex-m4 -std=gnu11 -g3 -DDEBUG -DUSE_HAL_DRIVER -DSTM32L4S5xx -c -I../Core/Inc -I../Drivers/STM32L4xx_HAL_Driver/Inc -I../Drivers/STM32L4xx_HAL_Driver/Inc/Legacy -I../Drivers/CMSIS/Device/ST/STM32L4xx/Include -I../Drivers/CMSIS/Include -O0 -ffunction-sections -fdata-sections -Wall -fstack-usage -MMD -MP -MF"Core/Src/KalmanFilter_C_CMSIS.d" -MT"Core/Src/KalmanFilter_C_CMSIS.o" --specs=nano.specs -mfpu=fpv4-sp-d16 -mfloat-abi=hard -mthumb -o "Core/Src/KalmanFilter_C_CMSIS.o"
arm-none-eabi-gcc "../Core/Src/main.c" -mcpu=cortex-m4 -std=gnu11 -g3 -DDEBUG -DUSE_HAL_DRIVER -DSTM32L4S5xx -c -I../Core/Inc -I../Drivers/STM32L4xx_HAL_Driver/Inc -I../Drivers/STM32L4xx_HAL_Driver/Inc/Legacy -I../Drivers/CMSIS/Device/ST/STM32L4xx/Include -I../Drivers/CMSIS/Include -O0 -ffunction-sections -fdata-sections -Wall -fstack-usage -MMD -MP -MF"Core/Src/main.d" -MT"Core/Src/main.o" --specs=nano.specs -mfpu=fpv4-sp-d16 -mfloat-abi=hard -mthumb -o "Core/Src/main.o"
arm-none-eabi-gcc "../Core/Src/stm32l4xx_hal_msp.c" -mcpu=cortex-m4 -std=gnu11 -g3 -DDEBUG -DUSE_HAL_DRIVER -DSTM32L4S5xx -c -I../Core/Inc -I../Drivers/STM32L4xx_HAL_Driver/Inc -I../Drivers/STM32L4xx_HAL_Driver/Inc/Legacy -I../Drivers/CMSIS/Device/ST/STM32L4xx/Include -I../Drivers/CMSIS/Include -O0 -ffunction-sections -fdata-sections -Wall -fstack-usage -MMD -MP -MF"Core/Src/stm32l4xx_hal_msp.d" -MT"Core/Src/stm32l4xx_hal_msp.o" --specs=nano.specs -mfpu=fpv4-sp-d16 -mfloat-abi=hard -mthumb -o "Core/Src/stm32l4xx_hal_msp.o"
arm-none-eabi-gcc "../Core/Src/stm32l4xx_it.c" -mcpu=cortex-m4 -std=gnu11 -g3 -DDEBUG -DUSE_HAL_DRIVER -DSTM32L4S5xx -c -I../Core/Inc -I../Drivers/STM32L4xx_HAL_Driver/Inc -I../Drivers/STM32L4xx_HAL_Driver/Inc/Legacy -I../Drivers/CMSIS/Device/ST/STM32L4xx/Include -I../Drivers/CMSIS/Include -O0 -ffunction-sections -fdata-sections -Wall -fstack-usage -MMD -MP -MF"Core/Src/stm32l4xx_it.d" -MT"Core/Src/stm32l4xx_it.o" --specs=nano.specs -mfpu=fpv4-sp-d16 -mfloat-abi=hard -mthumb -o "Core/Src/stm32l4xx_it.o"
arm-none-eabi-gcc "../Core/Src/syscalls.c" -mcpu=cortex-m4 -std=gnu11 -g3 -DDEBUG -DUSE_HAL_DRIVER -DSTM32L4S5xx -c -I../Core/Inc -I../Drivers/STM32L4xx_HAL_Driver/Inc -I../Drivers/STM32L4xx_HAL_Driver/Inc/Legacy -I../Drivers/CMSIS/Device/ST/STM32L4xx/Include -I../Drivers/CMSIS/Include -O0 -ffunction-sections -fdata-sections -Wall -fstack-usage -MMD -MP -MF"Core/Src/syscalls.d" -MT"Core/Src/syscalls.o" --specs=nano.specs -mfpu=fpv4-sp-d16 -mfloat-abi=hard -mthumb -o "Core/Src/syscalls.o"
arm-none-eabi-gcc "../Core/Src/sysmem.c" -mcpu=cortex-m4 -std=gnu11 -g3 -DDEBUG -DUSE_HAL_DRIVER -DSTM32L4S5xx -c -I../Core/Inc -I../Drivers/STM32L4xx_HAL_Driver/Inc -I../Drivers/STM32L4xx_HAL_Driver/Inc/Legacy -I../Drivers/CMSIS/Device/ST/STM32L4xx/Include -I../Drivers/CMSIS/Include -O0 -ffunction-sections -fdata-sections -Wall -fstack-usage -MMD -MP -MF"Core/Src/sysmem.d" -MT"Core/Src/sysmem.o" --specs=nano.specs -mfpu=fpv4-sp-d16 -mfloat-abi=hard -mthumb -o "Core/Src/sysmem.o"
../Core/Src/KalmanFilter_C_CMSIS.c:9:28: error: unknown type name 'kalman_state'
    9 | void KalmanFilter_C_CMSIS (kalman_state* kState, float32_t measurement){
      |                            ^~~~~~~~~~~~
../Core/Src/KalmanFilter_C_CMSIS.c:9:50: error: unknown type name 'float32_t'
    9 | void KalmanFilter_C_CMSIS (kalman_state* kState, float32_t measurement){
      |                                                  ^~~~~~~~~
arm-none-eabi-gcc "../Core/Src/system_stm32l4xx.c" -mcpu=cortex-m4 -std=gnu11 -g3 -DDEBUG -DUSE_HAL_DRIVER -DSTM32L4S5xx -c -I../Core/Inc -I../Drivers/STM32L4xx_HAL_Driver/Inc -I../Drivers/STM32L4xx_HAL_Driver/Inc/Legacy -I../Drivers/CMSIS/Device/ST/STM32L4xx/Include -I../Drivers/CMSIS/Include -O0 -ffunction-sections -fdata-sections -Wall -fstack-usage -MMD -MP -MF"Core/Src/system_stm32l4xx.d" -MT"Core/Src/system_stm32l4xx.o" --specs=nano.specs -mfpu=fpv4-sp-d16 -mfloat-abi=hard -mthumb -o "Core/Src/system_stm32l4xx.o"
In file included from ../Core/Inc/main.h:31,
                 from ../Core/Src/main.c:20:
../Core/Inc/KalmanfilterAssembly.h:11:26: warning: 'struct kalman_state' declared inside parameter list will not be visible outside of this definition or declaration
   11 | void kalmanFilter(struct kalman_state* state, float measurement);
      |                          ^~~~~~~~~~~~
In file included from ../Core/Inc/main.h:33,
                 from ../Core/Src/main.c:20:
../Core/Inc/KalmanFilter_C_CMSIS.h:13:5: error: unknown type name 'float32_t'
   13 |     float32_t q;
      |     ^~~~~~~~~
../Core/Inc/KalmanFilter_C_CMSIS.h:14:5: error: unknown type name 'float32_t'
   14 |     float32_t r;
      |     ^~~~~~~~~
../Core/Inc/KalmanFilter_C_CMSIS.h:15:5: error: unknown type name 'float32_t'
   15 |     float32_t x;
      |     ^~~~~~~~~
../Core/Inc/KalmanFilter_C_CMSIS.h:16:5: error: unknown type name 'float32_t'
   16 |     float32_t p;
      |     ^~~~~~~~~
../Core/Inc/KalmanFilter_C_CMSIS.h:17:5: error: unknown type name 'float32_t'
   17 |     float32_t k;
      |     ^~~~~~~~~
../Core/Inc/KalmanFilter_C_CMSIS.h:18:3: error: conflicting types for 'kalman_state'
   18 | } kalman_state;
      |   ^~~~~~~~~~~~
In file included from ../Core/Inc/main.h:32,
                 from ../Core/Src/main.c:20:
../Core/Inc/KalmanFilter_C.h:17:3: note: previous declaration of 'kalman_state' was here
   17 | } kalman_state;
      |   ^~~~~~~~~~~~
In file included from ../Core/Inc/main.h:33,
                 from ../Core/Src/main.c:20:
../Core/Inc/KalmanFilter_C_CMSIS.h:20:50: error: unknown type name 'float32_t'
   20 | void KalmanFilter_C_CMSIS (kalman_state* kState, float32_t measurement);
      |                                                  ^~~~~~~~~
../Core/Src/main.c: In function 'main':
../Core/Src/main.c:66:9: error: variable 'kstate' has initializer but incomplete type
   66 |  struct kalman_state kstate = {
      |         ^~~~~~~~~~~~
../Core/Src/main.c:67:5: error: 'struct kalman_state' has no member named 'q'
   67 |    .q = 0.1f,
      |     ^
../Core/Src/main.c:67:9: warning: excess elements in struct initializer
   67 |    .q = 0.1f,
      |         ^~~~
../Core/Src/main.c:67:9: note: (near initialization for 'kstate')
../Core/Src/main.c:68:5: error: 'struct kalman_state' has no member named 'r'
   68 |    .r = 0.1f,
      |     ^
../Core/Src/main.c:68:9: warning: excess elements in struct initializer
   68 |    .r = 0.1f,
      |         ^~~~
../Core/Src/main.c:68:9: note: (near initialization for 'kstate')
../Core/Src/main.c:69:5: error: 'struct kalman_state' has no member named 'p'
   69 |    .p = 0.1f,
      |     ^
../Core/Src/main.c:69:9: warning: excess elements in struct initializer
   69 |    .p = 0.1f,
      |         ^~~~
../Core/Src/main.c:69:9: note: (near initialization for 'kstate')
../Core/Src/main.c:70:5: error: 'struct kalman_state' has no member named 'x'
   70 |    .x = 5.0f,
      |     ^
../Core/Src/main.c:70:9: warning: excess elements in struct initializer
   70 |    .x = 5.0f,
      |         ^~~~
../Core/Src/main.c:70:9: note: (near initialization for 'kstate')
../Core/Src/main.c:71:5: error: 'struct kalman_state' has no member named 'k'
   71 |    .k = 0.0f
      |     ^
../Core/Src/main.c:71:9: warning: excess elements in struct initializer
   71 |    .k = 0.0f
      |         ^~~~
../Core/Src/main.c:71:9: note: (near initialization for 'kstate')
../Core/Src/main.c:66:22: error: storage size of 'kstate' isn't known
   66 |  struct kalman_state kstate = {
      |                      ^~~~~~
../Core/Src/main.c:109:5: warning: implicit declaration of function 'printf' [-Wimplicit-function-declaration]
  109 |     printf("Updated estimate: %f\n", kstate.x);
      |     ^~~~~~
../Core/Src/main.c:109:5: warning: incompatible implicit declaration of built-in function 'printf'
../Core/Src/main.c:21:1: note: include '<stdio.h>' or provide a declaration of 'printf'
   20 | #include "main.h"
  +++ |+#include <stdio.h>
   21 | 
../Core/Src/main.c:66:22: warning: unused variable 'kstate' [-Wunused-variable]
   66 |  struct kalman_state kstate = {
      |                      ^~~~~~
make: *** [Core/Src/subdir.mk:47: Core/Src/KalmanFilter_C_CMSIS.o] Error 1
make: *** Waiting for unfinished jobs....
make: *** [Core/Src/subdir.mk:47: Core/Src/main.o] Error 1
In file included from ../Core/Inc/main.h:31,
                 from ../Core/Src/stm32l4xx_hal_msp.c:22:
../Core/Inc/KalmanfilterAssembly.h:11:26: warning: 'struct kalman_state' declared inside parameter list will not be visible outside of this definition or declaration
   11 | void kalmanFilter(struct kalman_state* state, float measurement);
      |                          ^~~~~~~~~~~~
In file included from ../Core/Inc/main.h:33,
                 from ../Core/Src/stm32l4xx_hal_msp.c:22:
../Core/Inc/KalmanFilter_C_CMSIS.h:13:5: error: unknown type name 'float32_t'
   13 |     float32_t q;
      |     ^~~~~~~~~
../Core/Inc/KalmanFilter_C_CMSIS.h:14:5: error: unknown type name 'float32_t'
   14 |     float32_t r;
      |     ^~~~~~~~~
../Core/Inc/KalmanFilter_C_CMSIS.h:15:5: error: unknown type name 'float32_t'
   15 |     float32_t x;
      |     ^~~~~~~~~
../Core/Inc/KalmanFilter_C_CMSIS.h:16:5: error: unknown type name 'float32_t'
   16 |     float32_t p;
      |     ^~~~~~~~~
../Core/Inc/KalmanFilter_C_CMSIS.h:17:5: error: unknown type name 'float32_t'
   17 |     float32_t k;
      |     ^~~~~~~~~
../Core/Inc/KalmanFilter_C_CMSIS.h:18:3: error: conflicting types for 'kalman_state'
   18 | } kalman_state;
      |   ^~~~~~~~~~~~
In file included from ../Core/Inc/main.h:32,
                 from ../Core/Src/stm32l4xx_hal_msp.c:22:
../Core/Inc/KalmanFilter_C.h:17:3: note: previous declaration of 'kalman_state' was here
   17 | } kalman_state;
      |   ^~~~~~~~~~~~
In file included from ../Core/Inc/main.h:33,
                 from ../Core/Src/stm32l4xx_hal_msp.c:22:
../Core/Inc/KalmanFilter_C_CMSIS.h:20:50: error: unknown type name 'float32_t'
   20 | void KalmanFilter_C_CMSIS (kalman_state* kState, float32_t measurement);
      |                                                  ^~~~~~~~~
make: *** [Core/Src/subdir.mk:47: Core/Src/stm32l4xx_hal_msp.o] Error 1
In file included from ../Core/Inc/main.h:31,
                 from ../Core/Src/stm32l4xx_it.c:21:
../Core/Inc/KalmanfilterAssembly.h:11:26: warning: 'struct kalman_state' declared inside parameter list will not be visible outside of this definition or declaration
   11 | void kalmanFilter(struct kalman_state* state, float measurement);
      |                          ^~~~~~~~~~~~
In file included from ../Core/Inc/main.h:33,
                 from ../Core/Src/stm32l4xx_it.c:21:
../Core/Inc/KalmanFilter_C_CMSIS.h:13:5: error: unknown type name 'float32_t'
   13 |     float32_t q;
      |     ^~~~~~~~~
../Core/Inc/KalmanFilter_C_CMSIS.h:14:5: error: unknown type name 'float32_t'
   14 |     float32_t r;
      |     ^~~~~~~~~
../Core/Inc/KalmanFilter_C_CMSIS.h:15:5: error: unknown type name 'float32_t'
   15 |     float32_t x;
      |     ^~~~~~~~~
../Core/Inc/KalmanFilter_C_CMSIS.h:16:5: error: unknown type name 'float32_t'
   16 |     float32_t p;
      |     ^~~~~~~~~
../Core/Inc/KalmanFilter_C_CMSIS.h:17:5: error: unknown type name 'float32_t'
   17 |     float32_t k;
      |     ^~~~~~~~~
../Core/Inc/KalmanFilter_C_CMSIS.h:18:3: error: conflicting types for 'kalman_state'
   18 | } kalman_state;
      |   ^~~~~~~~~~~~
In file included from ../Core/Inc/main.h:32,
                 from ../Core/Src/stm32l4xx_it.c:21:
../Core/Inc/KalmanFilter_C.h:17:3: note: previous declaration of 'kalman_state' was here
   17 | } kalman_state;
      |   ^~~~~~~~~~~~
In file included from ../Core/Inc/main.h:33,
                 from ../Core/Src/stm32l4xx_it.c:21:
../Core/Inc/KalmanFilter_C_CMSIS.h:20:50: error: unknown type name 'float32_t'
   20 | void KalmanFilter_C_CMSIS (kalman_state* kState, float32_t measurement);
      |                                                  ^~~~~~~~~
make: *** [Core/Src/subdir.mk:47: Core/Src/stm32l4xx_it.o] Error 1
../Core/Src/KalmanFilter_C.c:9:22: error: unknown type name 'kalman_state'
    9 | void KalmanFilter_C (kalman_state* kState, float measurement){
      |                      ^~~~~~~~~~~~
make: *** [Core/Src/subdir.mk:47: Core/Src/KalmanFilter_C.o] Error 1
"make -j8 all" terminated with exit code 2. Build might be incomplete.
22:33:20 **** Incremental Build of configuration Debug for project Lab 1 ****
make -j8 all 
arm-none-eabi-gcc "../Core/Src/KalmanFilter_C.c" -mcpu=cortex-m4 -std=gnu11 -g3 -DDEBUG -DUSE_HAL_DRIVER -DSTM32L4S5xx -c -I../Core/Inc -I../Drivers/STM32L4xx_HAL_Driver/Inc -I../Drivers/STM32L4xx_HAL_Driver/Inc/Legacy -I../Drivers/CMSIS/Device/ST/STM32L4xx/Include -I../Drivers/CMSIS/Include -O0 -ffunction-sections -fdata-sections -Wall -fstack-usage -MMD -MP -MF"Core/Src/KalmanFilter_C.d" -MT"Core/Src/KalmanFilter_C.o" --specs=nano.specs -mfpu=fpv4-sp-d16 -mfloat-abi=hard -mthumb -o "Core/Src/KalmanFilter_C.o"
arm-none-eabi-gcc "../Core/Src/KalmanFilter_C_CMSIS.c" -mcpu=cortex-m4 -std=gnu11 -g3 -DDEBUG -DUSE_HAL_DRIVER -DSTM32L4S5xx -c -I../Core/Inc -I../Drivers/STM32L4xx_HAL_Driver/Inc -I../Drivers/STM32L4xx_HAL_Driver/Inc/Legacy -I../Drivers/CMSIS/Device/ST/STM32L4xx/Include -I../Drivers/CMSIS/Include -O0 -ffunction-sections -fdata-sections -Wall -fstack-usage -MMD -MP -MF"Core/Src/KalmanFilter_C_CMSIS.d" -MT"Core/Src/KalmanFilter_C_CMSIS.o" --specs=nano.specs -mfpu=fpv4-sp-d16 -mfloat-abi=hard -mthumb -o "Core/Src/KalmanFilter_C_CMSIS.o"
arm-none-eabi-gcc "../Core/Src/main.c" -mcpu=cortex-m4 -std=gnu11 -g3 -DDEBUG -DUSE_HAL_DRIVER -DSTM32L4S5xx -c -I../Core/Inc -I../Drivers/STM32L4xx_HAL_Driver/Inc -I../Drivers/STM32L4xx_HAL_Driver/Inc/Legacy -I../Drivers/CMSIS/Device/ST/STM32L4xx/Include -I../Drivers/CMSIS/Include -O0 -ffunction-sections -fdata-sections -Wall -fstack-usage -MMD -MP -MF"Core/Src/main.d" -MT"Core/Src/main.o" --specs=nano.specs -mfpu=fpv4-sp-d16 -mfloat-abi=hard -mthumb -o "Core/Src/main.o"
arm-none-eabi-gcc "../Core/Src/stm32l4xx_hal_msp.c" -mcpu=cortex-m4 -std=gnu11 -g3 -DDEBUG -DUSE_HAL_DRIVER -DSTM32L4S5xx -c -I../Core/Inc -I../Drivers/STM32L4xx_HAL_Driver/Inc -I../Drivers/STM32L4xx_HAL_Driver/Inc/Legacy -I../Drivers/CMSIS/Device/ST/STM32L4xx/Include -I../Drivers/CMSIS/Include -O0 -ffunction-sections -fdata-sections -Wall -fstack-usage -MMD -MP -MF"Core/Src/stm32l4xx_hal_msp.d" -MT"Core/Src/stm32l4xx_hal_msp.o" --specs=nano.specs -mfpu=fpv4-sp-d16 -mfloat-abi=hard -mthumb -o "Core/Src/stm32l4xx_hal_msp.o"
arm-none-eabi-gcc "../Core/Src/stm32l4xx_it.c" -mcpu=cortex-m4 -std=gnu11 -g3 -DDEBUG -DUSE_HAL_DRIVER -DSTM32L4S5xx -c -I../Core/Inc -I../Drivers/STM32L4xx_HAL_Driver/Inc -I../Drivers/STM32L4xx_HAL_Driver/Inc/Legacy -I../Drivers/CMSIS/Device/ST/STM32L4xx/Include -I../Drivers/CMSIS/Include -O0 -ffunction-sections -fdata-sections -Wall -fstack-usage -MMD -MP -MF"Core/Src/stm32l4xx_it.d" -MT"Core/Src/stm32l4xx_it.o" --specs=nano.specs -mfpu=fpv4-sp-d16 -mfloat-abi=hard -mthumb -o "Core/Src/stm32l4xx_it.o"
../Core/Src/KalmanFilter_C.c:9:22: error: unknown type name 'kalman_state'
    9 | void KalmanFilter_C (kalman_state* kState, float measurement){
      |                      ^~~~~~~~~~~~
../Core/Src/KalmanFilter_C_CMSIS.c:9:28: error: unknown type name 'kalman_state'
    9 | void KalmanFilter_C_CMSIS (kalman_state* kState, float32_t measurement){
      |                            ^~~~~~~~~~~~
../Core/Src/KalmanFilter_C_CMSIS.c:9:50: error: unknown type name 'float32_t'
    9 | void KalmanFilter_C_CMSIS (kalman_state* kState, float32_t measurement){
      |                                                  ^~~~~~~~~
make: *** [Core/Src/subdir.mk:47: Core/Src/KalmanFilter_C_CMSIS.o] Error 1
make: *** Waiting for unfinished jobs....
make: *** [Core/Src/subdir.mk:47: Core/Src/KalmanFilter_C.o] Error 1
In file included from ../Core/Inc/main.h:31,
                 from ../Core/Src/stm32l4xx_hal_msp.c:22:
../Core/Inc/KalmanfilterAssembly.h:11:26: warning: 'struct kalman_state' declared inside parameter list will not be visible outside of this definition or declaration
   11 | void kalmanFilter(struct kalman_state* state, float measurement);
      |                          ^~~~~~~~~~~~
In file included from ../Core/Inc/main.h:31,
                 from ../Core/Src/main.c:20:
../Core/Inc/KalmanfilterAssembly.h:11:26: warning: 'struct kalman_state' declared inside parameter list will not be visible outside of this definition or declaration
   11 | void kalmanFilter(struct kalman_state* state, float measurement);
      |                          ^~~~~~~~~~~~
In file included from ../Core/Inc/main.h:33,
                 from ../Core/Src/main.c:20:
../Core/Inc/KalmanFilter_C_CMSIS.h:20:3: error: conflicting types for 'kalman_state'
   20 | } kalman_state;
      |   ^~~~~~~~~~~~
In file included from ../Core/Inc/main.h:32,
                 from ../Core/Src/main.c:20:
../Core/Inc/KalmanFilter_C.h:17:3: note: previous declaration of 'kalman_state' was here
   17 | } kalman_state;
      |   ^~~~~~~~~~~~
../Core/Src/main.c: In function 'main':
../Core/Src/main.c:66:9: error: variable 'kstate' has initializer but incomplete type
   66 |  struct kalman_state kstate = {
      |         ^~~~~~~~~~~~
../Core/Src/main.c:67:5: error: 'struct kalman_state' has no member named 'q'
   67 |    .q = 0.1f,
      |     ^
../Core/Src/main.c:67:9: warning: excess elements in struct initializer
   67 |    .q = 0.1f,
      |         ^~~~
../Core/Src/main.c:67:9: note: (near initialization for 'kstate')
../Core/Src/main.c:68:5: error: 'struct kalman_state' has no member named 'r'
   68 |    .r = 0.1f,
      |     ^
../Core/Src/main.c:68:9: warning: excess elements in struct initializer
   68 |    .r = 0.1f,
      |         ^~~~
../Core/Src/main.c:68:9: note: (near initialization for 'kstate')
../Core/Src/main.c:69:5: error: 'struct kalman_state' has no member named 'p'
   69 |    .p = 0.1f,
      |     ^
In file included from ../Core/Inc/main.h:33,
                 from ../Core/Src/stm32l4xx_hal_msp.c:22:
../Core/Inc/KalmanFilter_C_CMSIS.h:20:3: error: conflicting types for 'kalman_state'
   20 | } kalman_state;
      |   ^~~~~~~~~~~~
../Core/Src/main.c:69:9: warning: excess elements in struct initializer
   69 |    .p = 0.1f,
      |         ^~~~
../Core/Src/main.c:69:9: note: (near initialization for 'kstate')
../Core/Src/main.c:70:5: error: 'struct kalman_state' has no member named 'x'
   70 |    .x = 5.0f,
      |     ^
In file included from ../Core/Inc/main.h:32,
                 from ../Core/Src/stm32l4xx_hal_msp.c:22:
../Core/Inc/KalmanFilter_C.h:17:3: note: previous declaration of 'kalman_state' was here
   17 | } kalman_state;
      |   ^~~~~~~~~~~~
../Core/Src/main.c:70:9: warning: excess elements in struct initializer
   70 |    .x = 5.0f,
      |         ^~~~
../Core/Src/main.c:70:9: note: (near initialization for 'kstate')
../Core/Src/main.c:71:5: error: 'struct kalman_state' has no member named 'k'
   71 |    .k = 0.0f
      |     ^
../Core/Src/main.c:71:9: warning: excess elements in struct initializer
   71 |    .k = 0.0f
      |         ^~~~
../Core/Src/main.c:71:9: note: (near initialization for 'kstate')
../Core/Src/main.c:66:22: error: storage size of 'kstate' isn't known
   66 |  struct kalman_state kstate = {
      |                      ^~~~~~
../Core/Src/main.c:66:22: warning: unused variable 'kstate' [-Wunused-variable]
In file included from ../Core/Inc/main.h:31,
                 from ../Core/Src/stm32l4xx_it.c:21:
../Core/Inc/KalmanfilterAssembly.h:11:26: warning: 'struct kalman_state' declared inside parameter list will not be visible outside of this definition or declaration
   11 | void kalmanFilter(struct kalman_state* state, float measurement);
      |                          ^~~~~~~~~~~~
make: *** [Core/Src/subdir.mk:47: Core/Src/stm32l4xx_hal_msp.o] Error 1
make: *** [Core/Src/subdir.mk:47: Core/Src/main.o] Error 1
In file included from ../Core/Inc/main.h:33,
                 from ../Core/Src/stm32l4xx_it.c:21:
../Core/Inc/KalmanFilter_C_CMSIS.h:20:3: error: conflicting types for 'kalman_state'
   20 | } kalman_state;
      |   ^~~~~~~~~~~~
In file included from ../Core/Inc/main.h:32,
                 from ../Core/Src/stm32l4xx_it.c:21:
../Core/Inc/KalmanFilter_C.h:17:3: note: previous declaration of 'kalman_state' was here
   17 | } kalman_state;
      |   ^~~~~~~~~~~~
make: *** [Core/Src/subdir.mk:47: Core/Src/stm32l4xx_it.o] Error 1
"make -j8 all" terminated with exit code 2. Build might be incomplete.
22:34:00 **** Incremental Build of configuration Debug for project Lab 1 ****
make -j8 all 
arm-none-eabi-gcc "../Core/Src/KalmanFilter_C.c" -mcpu=cortex-m4 -std=gnu11 -g3 -DDEBUG -DUSE_HAL_DRIVER -DSTM32L4S5xx -c -I../Core/Inc -I../Drivers/STM32L4xx_HAL_Driver/Inc -I../Drivers/STM32L4xx_HAL_Driver/Inc/Legacy -I../Drivers/CMSIS/Device/ST/STM32L4xx/Include -I../Drivers/CMSIS/Include -O0 -ffunction-sections -fdata-sections -Wall -fstack-usage -MMD -MP -MF"Core/Src/KalmanFilter_C.d" -MT"Core/Src/KalmanFilter_C.o" --specs=nano.specs -mfpu=fpv4-sp-d16 -mfloat-abi=hard -mthumb -o "Core/Src/KalmanFilter_C.o"
arm-none-eabi-gcc "../Core/Src/KalmanFilter_C_CMSIS.c" -mcpu=cortex-m4 -std=gnu11 -g3 -DDEBUG -DUSE_HAL_DRIVER -DSTM32L4S5xx -c -I../Core/Inc -I../Drivers/STM32L4xx_HAL_Driver/Inc -I../Drivers/STM32L4xx_HAL_Driver/Inc/Legacy -I../Drivers/CMSIS/Device/ST/STM32L4xx/Include -I../Drivers/CMSIS/Include -O0 -ffunction-sections -fdata-sections -Wall -fstack-usage -MMD -MP -MF"Core/Src/KalmanFilter_C_CMSIS.d" -MT"Core/Src/KalmanFilter_C_CMSIS.o" --specs=nano.specs -mfpu=fpv4-sp-d16 -mfloat-abi=hard -mthumb -o "Core/Src/KalmanFilter_C_CMSIS.o"
arm-none-eabi-gcc "../Core/Src/main.c" -mcpu=cortex-m4 -std=gnu11 -g3 -DDEBUG -DUSE_HAL_DRIVER -DSTM32L4S5xx -c -I../Core/Inc -I../Drivers/STM32L4xx_HAL_Driver/Inc -I../Drivers/STM32L4xx_HAL_Driver/Inc/Legacy -I../Drivers/CMSIS/Device/ST/STM32L4xx/Include -I../Drivers/CMSIS/Include -O0 -ffunction-sections -fdata-sections -Wall -fstack-usage -MMD -MP -MF"Core/Src/main.d" -MT"Core/Src/main.o" --specs=nano.specs -mfpu=fpv4-sp-d16 -mfloat-abi=hard -mthumb -o "Core/Src/main.o"
arm-none-eabi-gcc "../Core/Src/stm32l4xx_hal_msp.c" -mcpu=cortex-m4 -std=gnu11 -g3 -DDEBUG -DUSE_HAL_DRIVER -DSTM32L4S5xx -c -I../Core/Inc -I../Drivers/STM32L4xx_HAL_Driver/Inc -I../Drivers/STM32L4xx_HAL_Driver/Inc/Legacy -I../Drivers/CMSIS/Device/ST/STM32L4xx/Include -I../Drivers/CMSIS/Include -O0 -ffunction-sections -fdata-sections -Wall -fstack-usage -MMD -MP -MF"Core/Src/stm32l4xx_hal_msp.d" -MT"Core/Src/stm32l4xx_hal_msp.o" --specs=nano.specs -mfpu=fpv4-sp-d16 -mfloat-abi=hard -mthumb -o "Core/Src/stm32l4xx_hal_msp.o"
arm-none-eabi-gcc "../Core/Src/stm32l4xx_it.c" -mcpu=cortex-m4 -std=gnu11 -g3 -DDEBUG -DUSE_HAL_DRIVER -DSTM32L4S5xx -c -I../Core/Inc -I../Drivers/STM32L4xx_HAL_Driver/Inc -I../Drivers/STM32L4xx_HAL_Driver/Inc/Legacy -I../Drivers/CMSIS/Device/ST/STM32L4xx/Include -I../Drivers/CMSIS/Include -O0 -ffunction-sections -fdata-sections -Wall -fstack-usage -MMD -MP -MF"Core/Src/stm32l4xx_it.d" -MT"Core/Src/stm32l4xx_it.o" --specs=nano.specs -mfpu=fpv4-sp-d16 -mfloat-abi=hard -mthumb -o "Core/Src/stm32l4xx_it.o"
../Core/Src/KalmanFilter_C_CMSIS.c:9:28: error: unknown type name 'kalman_state'
    9 | void KalmanFilter_C_CMSIS (kalman_state* kState, float32_t measurement){
      |                            ^~~~~~~~~~~~
../Core/Src/KalmanFilter_C_CMSIS.c:9:50: error: unknown type name 'float32_t'
    9 | void KalmanFilter_C_CMSIS (kalman_state* kState, float32_t measurement){
      |                                                  ^~~~~~~~~
../Core/Src/KalmanFilter_C.c:9:22: error: unknown type name 'kalman_state'
    9 | void KalmanFilter_C (kalman_state* kState, float measurement){
      |                      ^~~~~~~~~~~~
make: *** [Core/Src/subdir.mk:47: Core/Src/KalmanFilter_C_CMSIS.o] Error 1
make: *** Waiting for unfinished jobs....
make: *** [Core/Src/subdir.mk:47: Core/Src/KalmanFilter_C.o] Error 1
In file included from ../Core/Inc/main.h:31,
                 from ../Core/Src/main.c:20:
../Core/Inc/KalmanfilterAssembly.h:11:26: warning: 'struct kalman_state' declared inside parameter list will not be visible outside of this definition or declaration
   11 | void kalmanFilter(struct kalman_state* state, float measurement);
      |                          ^~~~~~~~~~~~
In file included from ../Core/Inc/main.h:32,
                 from ../Core/Src/main.c:20:
../Core/Inc/KalmanFilter_C.h:19:22: error: unknown type name 'kalman_state'; did you mean 'kalman_state_C'?
   19 | void KalmanFilter_C (kalman_state* kState, float measurement);
      |                      ^~~~~~~~~~~~
      |                      kalman_state_C
In file included from ../Core/Inc/main.h:33,
                 from ../Core/Src/main.c:20:
../Core/Inc/KalmanFilter_C_CMSIS.h:22:28: error: unknown type name 'kalman_state'; did you mean 'kalman_state_C'?
   22 | void KalmanFilter_C_CMSIS (kalman_state* kState, float32_t measurement);
      |                            ^~~~~~~~~~~~
      |                            kalman_state_C
../Core/Src/main.c: In function 'main':
../Core/Src/main.c:66:9: error: variable 'kstate' has initializer but incomplete type
   66 |  struct kalman_state kstate = {
      |         ^~~~~~~~~~~~
../Core/Src/main.c:67:5: error: 'struct kalman_state' has no member named 'q'
   67 |    .q = 0.1f,
      |     ^
../Core/Src/main.c:67:9: warning: excess elements in struct initializer
   67 |    .q = 0.1f,
      |         ^~~~
../Core/Src/main.c:67:9: note: (near initialization for 'kstate')
../Core/Src/main.c:68:5: error: 'struct kalman_state' has no member named 'r'
   68 |    .r = 0.1f,
      |     ^
../Core/Src/main.c:68:9: warning: excess elements in struct initializer
   68 |    .r = 0.1f,
      |         ^~~~
../Core/Src/main.c:68:9: note: (near initialization for 'kstate')
../Core/Src/main.c:69:5: error: 'struct kalman_state' has no member named 'p'
   69 |    .p = 0.1f,
      |     ^
../Core/Src/main.c:69:9: warning: excess elements in struct initializer
   69 |    .p = 0.1f,
      |         ^~~~
../Core/Src/main.c:69:9: note: (near initialization for 'kstate')
../Core/Src/main.c:70:5: error: 'struct kalman_state' has no member named 'x'
   70 |    .x = 5.0f,
      |     ^
../Core/Src/main.c:70:9: warning: excess elements in struct initializer
   70 |    .x = 5.0f,
      |         ^~~~
../Core/Src/main.c:70:9: note: (near initialization for 'kstate')
../Core/Src/main.c:71:5: error: 'struct kalman_state' has no member named 'k'
   71 |    .k = 0.0f
      |     ^
../Core/Src/main.c:71:9: warning: excess elements in struct initializer
   71 |    .k = 0.0f
      |         ^~~~
../Core/Src/main.c:71:9: note: (near initialization for 'kstate')
../Core/Src/main.c:66:22: error: storage size of 'kstate' isn't known
   66 |  struct kalman_state kstate = {
      |                      ^~~~~~
../Core/Src/main.c:66:22: warning: unused variable 'kstate' [-Wunused-variable]
In file included from ../Core/Inc/main.h:31,
                 from ../Core/Src/stm32l4xx_hal_msp.c:22:
../Core/Inc/KalmanfilterAssembly.h:11:26: warning: 'struct kalman_state' declared inside parameter list will not be visible outside of this definition or declaration
   11 | void kalmanFilter(struct kalman_state* state, float measurement);
      |                          ^~~~~~~~~~~~
In file included from ../Core/Inc/main.h:32,
                 from ../Core/Src/stm32l4xx_hal_msp.c:22:
../Core/Inc/KalmanFilter_C.h:19:22: error: unknown type name 'kalman_state'; did you mean 'kalman_state_C'?
   19 | void KalmanFilter_C (kalman_state* kState, float measurement);
      |                      ^~~~~~~~~~~~
      |                      kalman_state_C
make: *** [Core/Src/subdir.mk:47: Core/Src/main.o] Error 1
In file included from ../Core/Inc/main.h:33,
                 from ../Core/Src/stm32l4xx_hal_msp.c:22:
../Core/Inc/KalmanFilter_C_CMSIS.h:22:28: error: unknown type name 'kalman_state'; did you mean 'kalman_state_C'?
   22 | void KalmanFilter_C_CMSIS (kalman_state* kState, float32_t measurement);
      |                            ^~~~~~~~~~~~
      |                            kalman_state_C
make: *** [Core/Src/subdir.mk:47: Core/Src/stm32l4xx_hal_msp.o] Error 1
In file included from ../Core/Inc/main.h:31,
                 from ../Core/Src/stm32l4xx_it.c:21:
../Core/Inc/KalmanfilterAssembly.h:11:26: warning: 'struct kalman_state' declared inside parameter list will not be visible outside of this definition or declaration
   11 | void kalmanFilter(struct kalman_state* state, float measurement);
      |                          ^~~~~~~~~~~~
In file included from ../Core/Inc/main.h:32,
                 from ../Core/Src/stm32l4xx_it.c:21:
../Core/Inc/KalmanFilter_C.h:19:22: error: unknown type name 'kalman_state'; did you mean 'kalman_state_C'?
   19 | void KalmanFilter_C (kalman_state* kState, float measurement);
      |                      ^~~~~~~~~~~~
      |                      kalman_state_C
In file included from ../Core/Inc/main.h:33,
                 from ../Core/Src/stm32l4xx_it.c:21:
../Core/Inc/KalmanFilter_C_CMSIS.h:22:28: error: unknown type name 'kalman_state'; did you mean 'kalman_state_C'?
   22 | void KalmanFilter_C_CMSIS (kalman_state* kState, float32_t measurement);
      |                            ^~~~~~~~~~~~
      |                            kalman_state_C
make: *** [Core/Src/subdir.mk:47: Core/Src/stm32l4xx_it.o] Error 1
"make -j8 all" terminated with exit code 2. Build might be incomplete.
22:34:51 **** Incremental Build of configuration Debug for project Lab 1 ****
make -j8 all 
arm-none-eabi-gcc "../Core/Src/KalmanFilter_C.c" -mcpu=cortex-m4 -std=gnu11 -g3 -DDEBUG -DUSE_HAL_DRIVER -DSTM32L4S5xx -c -I../Core/Inc -I../Drivers/STM32L4xx_HAL_Driver/Inc -I../Drivers/STM32L4xx_HAL_Driver/Inc/Legacy -I../Drivers/CMSIS/Device/ST/STM32L4xx/Include -I../Drivers/CMSIS/Include -O0 -ffunction-sections -fdata-sections -Wall -fstack-usage -MMD -MP -MF"Core/Src/KalmanFilter_C.d" -MT"Core/Src/KalmanFilter_C.o" --specs=nano.specs -mfpu=fpv4-sp-d16 -mfloat-abi=hard -mthumb -o "Core/Src/KalmanFilter_C.o"
arm-none-eabi-gcc "../Core/Src/KalmanFilter_C_CMSIS.c" -mcpu=cortex-m4 -std=gnu11 -g3 -DDEBUG -DUSE_HAL_DRIVER -DSTM32L4S5xx -c -I../Core/Inc -I../Drivers/STM32L4xx_HAL_Driver/Inc -I../Drivers/STM32L4xx_HAL_Driver/Inc/Legacy -I../Drivers/CMSIS/Device/ST/STM32L4xx/Include -I../Drivers/CMSIS/Include -O0 -ffunction-sections -fdata-sections -Wall -fstack-usage -MMD -MP -MF"Core/Src/KalmanFilter_C_CMSIS.d" -MT"Core/Src/KalmanFilter_C_CMSIS.o" --specs=nano.specs -mfpu=fpv4-sp-d16 -mfloat-abi=hard -mthumb -o "Core/Src/KalmanFilter_C_CMSIS.o"
arm-none-eabi-gcc "../Core/Src/main.c" -mcpu=cortex-m4 -std=gnu11 -g3 -DDEBUG -DUSE_HAL_DRIVER -DSTM32L4S5xx -c -I../Core/Inc -I../Drivers/STM32L4xx_HAL_Driver/Inc -I../Drivers/STM32L4xx_HAL_Driver/Inc/Legacy -I../Drivers/CMSIS/Device/ST/STM32L4xx/Include -I../Drivers/CMSIS/Include -O0 -ffunction-sections -fdata-sections -Wall -fstack-usage -MMD -MP -MF"Core/Src/main.d" -MT"Core/Src/main.o" --specs=nano.specs -mfpu=fpv4-sp-d16 -mfloat-abi=hard -mthumb -o "Core/Src/main.o"
arm-none-eabi-gcc "../Core/Src/stm32l4xx_hal_msp.c" -mcpu=cortex-m4 -std=gnu11 -g3 -DDEBUG -DUSE_HAL_DRIVER -DSTM32L4S5xx -c -I../Core/Inc -I../Drivers/STM32L4xx_HAL_Driver/Inc -I../Drivers/STM32L4xx_HAL_Driver/Inc/Legacy -I../Drivers/CMSIS/Device/ST/STM32L4xx/Include -I../Drivers/CMSIS/Include -O0 -ffunction-sections -fdata-sections -Wall -fstack-usage -MMD -MP -MF"Core/Src/stm32l4xx_hal_msp.d" -MT"Core/Src/stm32l4xx_hal_msp.o" --specs=nano.specs -mfpu=fpv4-sp-d16 -mfloat-abi=hard -mthumb -o "Core/Src/stm32l4xx_hal_msp.o"
arm-none-eabi-gcc "../Core/Src/stm32l4xx_it.c" -mcpu=cortex-m4 -std=gnu11 -g3 -DDEBUG -DUSE_HAL_DRIVER -DSTM32L4S5xx -c -I../Core/Inc -I../Drivers/STM32L4xx_HAL_Driver/Inc -I../Drivers/STM32L4xx_HAL_Driver/Inc/Legacy -I../Drivers/CMSIS/Device/ST/STM32L4xx/Include -I../Drivers/CMSIS/Include -O0 -ffunction-sections -fdata-sections -Wall -fstack-usage -MMD -MP -MF"Core/Src/stm32l4xx_it.d" -MT"Core/Src/stm32l4xx_it.o" --specs=nano.specs -mfpu=fpv4-sp-d16 -mfloat-abi=hard -mthumb -o "Core/Src/stm32l4xx_it.o"
../Core/Src/KalmanFilter_C_CMSIS.c:9:28: error: unknown type name 'kalman_state'
    9 | void KalmanFilter_C_CMSIS (kalman_state* kState, float32_t measurement){
      |                            ^~~~~~~~~~~~
../Core/Src/KalmanFilter_C_CMSIS.c:9:50: error: unknown type name 'float32_t'
    9 | void KalmanFilter_C_CMSIS (kalman_state* kState, float32_t measurement){
      |                                                  ^~~~~~~~~
../Core/Src/KalmanFilter_C.c:9:22: error: unknown type name 'kalman_state'
    9 | void KalmanFilter_C (kalman_state* kState, float measurement){
      |                      ^~~~~~~~~~~~
make: *** [Core/Src/subdir.mk:47: Core/Src/KalmanFilter_C_CMSIS.o] Error 1
make: *** Waiting for unfinished jobs....
make: *** [Core/Src/subdir.mk:47: Core/Src/KalmanFilter_C.o] Error 1
In file included from ../Core/Inc/main.h:31,
                 from ../Core/Src/main.c:20:
../Core/Inc/KalmanfilterAssembly.h:11:26: warning: 'struct kalman_state' declared inside parameter list will not be visible outside of this definition or declaration
   11 | void kalmanFilter(struct kalman_state* state, float measurement);
      |                          ^~~~~~~~~~~~
In file included from ../Core/Inc/main.h:32,
                 from ../Core/Src/main.c:20:
../Core/Inc/KalmanFilter_C.h:19:22: error: unknown type name 'kalman_state'; did you mean 'kalman_state_C'?
   19 | void KalmanFilter_C (kalman_state* kState, float measurement);
      |                      ^~~~~~~~~~~~
      |                      kalman_state_C
In file included from ../Core/Inc/main.h:33,
                 from ../Core/Src/main.c:20:
../Core/Inc/KalmanFilter_C_CMSIS.h:22:28: error: unknown type name 'kalman_state'; did you mean 'kalman_state_C'?
   22 | void KalmanFilter_C_CMSIS (kalman_state* kState, float32_t measurement);
      |                            ^~~~~~~~~~~~
      |                            kalman_state_C
../Core/Src/main.c: In function 'main':
../Core/Src/main.c:66:9: error: variable 'kstate' has initializer but incomplete type
   66 |  struct kalman_state kstate = {
      |         ^~~~~~~~~~~~
[...]
In file included from ../Core/Inc/main.h:31,
                 from ../Core/Src/main.c:20:
../Core/Inc/KalmanfilterAssembly.h:19:19: error: unknown type name 'kalman_state'
   19 | void kalmanFilter(kalman_state* kState, float measurement);
      |                   ^~~~~~~~~~~~
In file included from ../Core/Inc/main.h:31,
                 from ../Core/Src/stm32l4xx_hal_msp.c:22:
../Core/Inc/KalmanfilterAssembly.h:19:19: error: unknown type name 'kalman_state'
   19 | void kalmanFilter(kalman_state* kState, float measurement);
      |                   ^~~~~~~~~~~~
In file included from ../Core/Src/main.c:20:
../Core/Inc/main.h:43:8: error: redefinition of 'struct kalman_state'
   43 | struct kalman_state {
      |        ^~~~~~~~~~~~
In file included from ../Core/Inc/main.h:31,
                 from ../Core/Src/main.c:20:
../Core/Inc/KalmanfilterAssembly.h:11:8: note: originally defined here
   11 | struct kalman_state {
      |        ^~~~~~~~~~~~
../Core/Src/main.c: In function 'main':
../Core/Src/main.c:108:4: warning: implicit declaration of function 'kalmanFilter'; did you mean 'KalmanFilter_C'? [-Wimplicit-function-declaration]
  108 |    kalmanFilter(&kstate, measurement);
      |    ^~~~~~~~~~~~
      |    KalmanFilter_C
In file included from ../Core/Src/stm32l4xx_hal_msp.c:22:
../Core/Inc/main.h:43:8: error: redefinition of 'struct kalman_state'
   43 | struct kalman_state {
      |        ^~~~~~~~~~~~
In file included from ../Core/Inc/main.h:31,
                 from ../Core/Src/stm32l4xx_hal_msp.c:22:
../Core/Inc/KalmanfilterAssembly.h:11:8: note: originally defined here
   11 | struct kalman_state {
      |        ^~~~~~~~~~~~
make: *** [Core/Src/subdir.mk:47: Core/Src/stm32l4xx_hal_msp.o] Error 1
make: *** Waiting for unfinished jobs....
make: *** [Core/Src/subdir.mk:47: Core/Src/main.o] Error 1
In file included from ../Core/Inc/main.h:31,
                 from ../Core/Src/stm32l4xx_it.c:21:
../Core/Inc/KalmanfilterAssembly.h:19:19: error: unknown type name 'kalman_state'
   19 | void kalmanFilter(kalman_state* kState, float measurement);
      |                   ^~~~~~~~~~~~
In file included from ../Core/Src/stm32l4xx_it.c:21:
../Core/Inc/main.h:43:8: error: redefinition of 'struct kalman_state'
   43 | struct kalman_state {
      |        ^~~~~~~~~~~~
In file included from ../Core/Inc/main.h:31,
                 from ../Core/Src/stm32l4xx_it.c:21:
../Core/Inc/KalmanfilterAssembly.h:11:8: note: originally defined here
   11 | struct kalman_state {
      |        ^~~~~~~~~~~~
make: *** [Core/Src/subdir.mk:47: Core/Src/stm32l4xx_it.o] Error 1
"make -j8 all" terminated with exit code 2. Build might be incomplete.
23:09:10 **** Incremental Build of configuration Debug for project Lab 1 ****
make -j8 all 
arm-none-eabi-gcc "../Core/Src/main.c" -mcpu=cortex-m4 -std=gnu11 -g3 -DDEBUG -DUSE_HAL_DRIVER -DSTM32L4S5xx -c -I../Core/Inc -I../Drivers/STM32L4xx_HAL_Driver/Inc -I../Drivers/STM32L4xx_HAL_Driver/Inc/Legacy -I../Drivers/CMSIS/Device/ST/STM32L4xx/Include -I../Drivers/CMSIS/Include -O0 -ffunction-sections -fdata-sections -Wall -fstack-usage -MMD -MP -MF"Core/Src/main.d" -MT"Core/Src/main.o" --specs=nano.specs -mfpu=fpv4-sp-d16 -mfloat-abi=hard -mthumb -o "Core/Src/main.o"
arm-none-eabi-gcc "../Core/Src/stm32l4xx_hal_msp.c" -mcpu=cortex-m4 -std=gnu11 -g3 -DDEBUG -DUSE_HAL_DRIVER -DSTM32L4S5xx -c -I../Core/Inc -I../Drivers/STM32L4xx_HAL_Driver/Inc -I../Drivers/STM32L4xx_HAL_Driver/Inc/Legacy -I../Drivers/CMSIS/Device/ST/STM32L4xx/Include -I../Drivers/CMSIS/Include -O0 -ffunction-sections -fdata-sections -Wall -fstack-usage -MMD -MP -MF"Core/Src/stm32l4xx_hal_msp.d" -MT"Core/Src/stm32l4xx_hal_msp.o" --specs=nano.specs -mfpu=fpv4-sp-d16 -mfloat-abi=hard -mthumb -o "Core/Src/stm32l4xx_hal_msp.o"
arm-none-eabi-gcc "../Core/Src/stm32l4xx_it.c" -mcpu=cortex-m4 -std=gnu11 -g3 -DDEBUG -DUSE_HAL_DRIVER -DSTM32L4S5xx -c -I../Core/Inc -I../Drivers/STM32L4xx_HAL_Driver/Inc -I../Drivers/STM32L4xx_HAL_Driver/Inc/Legacy -I../Drivers/CMSIS/Device/ST/STM32L4xx/Include -I../Drivers/CMSIS/Include -O0 -ffunction-sections -fdata-sections -Wall -fstack-usage -MMD -MP -MF"Core/Src/stm32l4xx_it.d" -MT"Core/Src/stm32l4xx_it.o" --specs=nano.specs -mfpu=fpv4-sp-d16 -mfloat-abi=hard -mthumb -o "Core/Src/stm32l4xx_it.o"
In file included from ../Core/Inc/main.h:31,
                 from ../Core/Src/main.c:20:
../Core/Inc/KalmanfilterAssembly.h:11:19: error: unknown type name 'kalman_state'
   11 | void kalmanFilter(kalman_state* kState, float measurement);
      |                   ^~~~~~~~~~~~
In file included from ../Core/Inc/main.h:31,
                 from ../Core/Src/stm32l4xx_hal_msp.c:22:
../Core/Inc/KalmanfilterAssembly.h:11:19: error: unknown type name 'kalman_state'
   11 | void kalmanFilter(kalman_state* kState, float measurement);
      |                   ^~~~~~~~~~~~
In file included from ../Core/Inc/main.h:31,
                 from ../Core/Src/stm32l4xx_it.c:21:
../Core/Inc/KalmanfilterAssembly.h:11:19: error: unknown type name 'kalman_state'
   11 | void kalmanFilter(kalman_state* kState, float measurement);
      |                   ^~~~~~~~~~~~
../Core/Src/main.c: In function 'main':
../Core/Src/main.c:108:4: warning: implicit declaration of function 'kalmanFilter'; did you mean 'KalmanFilter_C'? [-Wimplicit-function-declaration]
  108 |    kalmanFilter(&kstate, measurement);
      |    ^~~~~~~~~~~~
      |    KalmanFilter_C
make: *** [Core/Src/subdir.mk:47: Core/Src/main.o] Error 1
make: *** Waiting for unfinished jobs....
make: *** [Core/Src/subdir.mk:47: Core/Src/stm32l4xx_hal_msp.o] Error 1
make: *** [Core/Src/subdir.mk:47: Core/Src/stm32l4xx_it.o] Error 1
"make -j8 all" terminated with exit code 2. Build might be incomplete.
23:10:24 **** Incremental Build of configuration Debug for project Lab 1 ****
make -j8 all 
arm-none-eabi-gcc "../Core/Src/main.c" -mcpu=cortex-m4 -std=gnu11 -g3 -DDEBUG -DUSE_HAL_DRIVER -DSTM32L4S5xx -c -I../Core/Inc -I../Drivers/STM32L4xx_HAL_Driver/Inc -I../Drivers/STM32L4xx_HAL_Driver/Inc/Legacy -I../Drivers/CMSIS/Device/ST/STM32L4xx/Include -I../Drivers/CMSIS/Include -O0 -ffunction-sections -fdata-sections -Wall -fstack-usage -MMD -MP -MF"Core/Src/main.d" -MT"Core/Src/main.o" --specs=nano.specs -mfpu=fpv4-sp-d16 -mfloat-abi=hard -mthumb -o "Core/Src/main.o"
arm-none-eabi-gcc "../Core/Src/stm32l4xx_hal_msp.c" -mcpu=cortex-m4 -std=gnu11 -g3 -DDEBUG -DUSE_HAL_DRIVER -DSTM32L4S5xx -c -I../Core/Inc -I../Drivers/STM32L4xx_HAL_Driver/Inc -I../Drivers/STM32L4xx_HAL_Driver/Inc/Legacy -I../Drivers/CMSIS/Device/ST/STM32L4xx/Include -I../Drivers/CMSIS/Include -O0 -ffunction-sections -fdata-sections -Wall -fstack-usage -MMD -MP -MF"Core/Src/stm32l4xx_hal_msp.d" -MT"Core/Src/stm32l4xx_hal_msp.o" --specs=nano.specs -mfpu=fpv4-sp-d16 -mfloat-abi=hard -mthumb -o "Core/Src/stm32l4xx_hal_msp.o"
arm-none-eabi-gcc "../Core/Src/stm32l4xx_it.c" -mcpu=cortex-m4 -std=gnu11 -g3 -DDEBUG -DUSE_HAL_DRIVER -DSTM32L4S5xx -c -I../Core/Inc -I../Drivers/STM32L4xx_HAL_Driver/Inc -I../Drivers/STM32L4xx_HAL_Driver/Inc/Legacy -I../Drivers/CMSIS/Device/ST/STM32L4xx/Include -I../Drivers/CMSIS/Include -O0 -ffunction-sections -fdata-sections -Wall -fstack-usage -MMD -MP -MF"Core/Src/stm32l4xx_it.d" -MT"Core/Src/stm32l4xx_it.o" --specs=nano.specs -mfpu=fpv4-sp-d16 -mfloat-abi=hard -mthumb -o "Core/Src/stm32l4xx_it.o"
In file included from ../Core/Inc/main.h:31,
                 from ../Core/Src/main.c:20:
../Core/Inc/KalmanfilterAssembly.h:19:19: error: unknown type name 'kalman_state'
   19 | void kalmanFilter(kalman_state* kState, float measurement);
      |                   ^~~~~~~~~~~~
In file included from ../Core/Inc/main.h:31,
                 from ../Core/Src/stm32l4xx_hal_msp.c:22:
../Core/Inc/KalmanfilterAssembly.h:19:19: error: unknown type name 'kalman_state'
   19 | void kalmanFilter(kalman_state* kState, float measurement);
      |                   ^~~~~~~~~~~~
In file included from ../Core/Inc/main.h:31,
                 from ../Core/Src/stm32l4xx_it.c:21:
../Core/Inc/KalmanfilterAssembly.h:19:19: error: unknown type name 'kalman_state'
   19 | void kalmanFilter(kalman_state* kState, float measurement);
      |                   ^~~~~~~~~~~~
../Core/Src/main.c: In function 'main':
../Core/Src/main.c:108:4: warning: implicit declaration of function 'kalmanFilter'; did you mean 'KalmanFilter_C'? [-Wimplicit-function-declaration]
  108 |    kalmanFilter(&kstate, measurement);
      |    ^~~~~~~~~~~~
      |    KalmanFilter_C
make: *** [Core/Src/subdir.mk:47: Core/Src/main.o] Error 1
make: *** Waiting for unfinished jobs....
make: *** [Core/Src/subdir.mk:47: Core/Src/stm32l4xx_hal_msp.o] Error 1
make: *** [Core/Src/subdir.mk:47: Core/Src/stm32l4xx_it.o] Error 1
"make -j8 all" terminated with exit code 2. Build might be incomplete.
23:14:45 **** Incremental Build of configuration Debug for project Lab 1 ****
make -j8 all 
arm-none-eabi-gcc -mcpu=cortex-m4 -g3 -DDEBUG -c -x assembler-with-cpp -MMD -MP -MF"Core/Src/KalmanfilterAssembly.d" -MT"Core/Src/KalmanfilterAssembly.o" --specs=nano.specs -mfpu=fpv4-sp-d16 -mfloat-abi=hard -mthumb -o "Core/Src/KalmanfilterAssembly.o" "../Core/Src/KalmanfilterAssembly.s"
arm-none-eabi-gcc "../Core/Src/main.c" -mcpu=cortex-m4 -std=gnu11 -g3 -DDEBUG -DUSE_HAL_DRIVER -DSTM32L4S5xx -c -I../Core/Inc -I../Drivers/STM32L4xx_HAL_Driver/Inc -I../Drivers/STM32L4xx_HAL_Driver/Inc/Legacy -I../Drivers/CMSIS/Device/ST/STM32L4xx/Include -I../Drivers/CMSIS/Include -O0 -ffunction-sections -fdata-sections -Wall -fstack-usage -MMD -MP -MF"Core/Src/main.d" -MT"Core/Src/main.o" --specs=nano.specs -mfpu=fpv4-sp-d16 -mfloat-abi=hard -mthumb -o "Core/Src/main.o"
arm-none-eabi-gcc "../Core/Src/stm32l4xx_hal_msp.c" -mcpu=cortex-m4 -std=gnu11 -g3 -DDEBUG -DUSE_HAL_DRIVER -DSTM32L4S5xx -c -I../Core/Inc -I../Drivers/STM32L4xx_HAL_Driver/Inc -I../Drivers/STM32L4xx_HAL_Driver/Inc/Legacy -I../Drivers/CMSIS/Device/ST/STM32L4xx/Include -I../Drivers/CMSIS/Include -O0 -ffunction-sections -fdata-sections -Wall -fstack-usage -MMD -MP -MF"Core/Src/stm32l4xx_hal_msp.d" -MT"Core/Src/stm32l4xx_hal_msp.o" --specs=nano.specs -mfpu=fpv4-sp-d16 -mfloat-abi=hard -mthumb -o "Core/Src/stm32l4xx_hal_msp.o"
arm-none-eabi-gcc "../Core/Src/stm32l4xx_it.c" -mcpu=cortex-m4 -std=gnu11 -g3 -DDEBUG -DUSE_HAL_DRIVER -DSTM32L4S5xx -c -I../Core/Inc -I../Drivers/STM32L4xx_HAL_Driver/Inc -I../Drivers/STM32L4xx_HAL_Driver/Inc/Legacy -I../Drivers/CMSIS/Device/ST/STM32L4xx/Include -I../Drivers/CMSIS/Include -O0 -ffunction-sections -fdata-sections -Wall -fstack-usage -MMD -MP -MF"Core/Src/stm32l4xx_it.d" -MT"Core/Src/stm32l4xx_it.o" --specs=nano.specs -mfpu=fpv4-sp-d16 -mfloat-abi=hard -mthumb -o "Core/Src/stm32l4xx_it.o"
In file included from ../Core/Inc/main.h:31,
                 from ../Core/Src/main.c:20:
../Core/Inc/KalmanfilterAssembly.h:11:19: error: unknown type name 'kalman_state'
   11 | void kalmanFilter(kalman_state* kState, float measurement);
      |                   ^~~~~~~~~~~~
In file included from ../Core/Inc/main.h:31,
                 from ../Core/Src/stm32l4xx_hal_msp.c:22:
../Core/Inc/KalmanfilterAssembly.h:11:19: error: unknown type name 'kalman_state'
   11 | void kalmanFilter(kalman_state* kState, float measurement);
      |                   ^~~~~~~~~~~~
../Core/Src/main.c: In function 'main':
../Core/Src/main.c:108:4: warning: implicit declaration of function 'kalmanFilter'; did you mean 'KalmanFilter_C'? [-Wimplicit-function-declaration]
  108 |    kalmanFilter(&kstate, measurement);
      |    ^~~~~~~~~~~~
      |    KalmanFilter_C
In file included from ../Core/Inc/main.h:31,
                 from ../Core/Src/stm32l4xx_it.c:21:
../Core/Inc/KalmanfilterAssembly.h:11:19: error: unknown type name 'kalman_state'
   11 | void kalmanFilter(kalman_state* kState, float measurement);
      |                   ^~~~~~~~~~~~
make: *** [Core/Src/subdir.mk:47: Core/Src/main.o] Error 1
make: *** Waiting for unfinished jobs....
make: *** [Core/Src/subdir.mk:47: Core/Src/stm32l4xx_hal_msp.o] Error 1
make: *** [Core/Src/subdir.mk:47: Core/Src/stm32l4xx_it.o] Error 1
"make -j8 all" terminated with exit code 2. Build might be incomplete.
23:26:36 **** Incremental Build of configuration Debug for project Lab 1 ****
make -j8 all 
arm-none-eabi-gcc "../Core/Src/main.c" -mcpu=cortex-m4 -std=gnu11 -g3 -DDEBUG -DUSE_HAL_DRIVER -DSTM32L4S5xx -c -I../Core/Inc -I../Drivers/STM32L4xx_HAL_Driver/Inc -I../Drivers/STM32L4xx_HAL_Driver/Inc/Legacy -I../Drivers/CMSIS/Device/ST/STM32L4xx/Include -I../Drivers/CMSIS/Include -O0 -ffunction-sections -fdata-sections -Wall -fstack-usage -MMD -MP -MF"Core/Src/main.d" -MT"Core/Src/main.o" --specs=nano.specs -mfpu=fpv4-sp-d16 -mfloat-abi=hard -mthumb -o "Core/Src/main.o"
arm-none-eabi-gcc "../Core/Src/stm32l4xx_hal_msp.c" -mcpu=cortex-m4 -std=gnu11 -g3 -DDEBUG -DUSE_HAL_DRIVER -DSTM32L4S5xx -c -I../Core/Inc -I../Drivers/STM32L4xx_HAL_Driver/Inc -I../Drivers/STM32L4xx_HAL_Driver/Inc/Legacy -I../Drivers/CMSIS/Device/ST/STM32L4xx/Include -I../Drivers/CMSIS/Include -O0 -ffunction-sections -fdata-sections -Wall -fstack-usage -MMD -MP -MF"Core/Src/stm32l4xx_hal_msp.d" -MT"Core/Src/stm32l4xx_hal_msp.o" --specs=nano.specs -mfpu=fpv4-sp-d16 -mfloat-abi=hard -mthumb -o "Core/Src/stm32l4xx_hal_msp.o"
arm-none-eabi-gcc "../Core/Src/stm32l4xx_it.c" -mcpu=cortex-m4 -std=gnu11 -g3 -DDEBUG -DUSE_HAL_DRIVER -DSTM32L4S5xx -c -I../Core/Inc -I../Drivers/STM32L4xx_HAL_Driver/Inc -I../Drivers/STM32L4xx_HAL_Driver/Inc/Legacy -I../Drivers/CMSIS/Device/ST/STM32L4xx/Include -I../Drivers/CMSIS/Include -O0 -ffunction-sections -fdata-sections -Wall -fstack-usage -MMD -MP -MF"Core/Src/stm32l4xx_it.d" -MT"Core/Src/stm32l4xx_it.o" --specs=nano.specs -mfpu=fpv4-sp-d16 -mfloat-abi=hard -mthumb -o "Core/Src/stm32l4xx_it.o"
In file included from ../Core/Inc/main.h:31,
                 from ../Core/Src/stm32l4xx_hal_msp.c:22:
../Core/Inc/KalmanfilterAssembly.h:12:19: error: unknown type name 'kalman_state'
   12 | void kalmanFilter(kalman_state* kState, float measurement);
      |                   ^~~~~~~~~~~~
In file included from ../Core/Inc/main.h:31,
                 from ../Core/Src/main.c:20:
../Core/Inc/KalmanfilterAssembly.h:12:19: error: unknown type name 'kalman_state'
   12 | void kalmanFilter(kalman_state* kState, float measurement);
      |                   ^~~~~~~~~~~~
../Core/Src/main.c: In function 'main':
../Core/Src/main.c:108:4: warning: implicit declaration of function 'kalmanFilter'; did you mean 'KalmanFilter_C'? [-Wimplicit-function-declaration]
  108 |    kalmanFilter(&kstate, measurement);
      |    ^~~~~~~~~~~~
      |    KalmanFilter_C
make: *** [Core/Src/subdir.mk:47: Core/Src/stm32l4xx_hal_msp.o] Error 1
make: *** Waiting for unfinished jobs....
make: *** [Core/Src/subdir.mk:47: Core/Src/main.o] Error 1
In file included from ../Core/Inc/main.h:31,
                 from ../Core/Src/stm32l4xx_it.c:21:
../Core/Inc/KalmanfilterAssembly.h:12:19: error: unknown type name 'kalman_state'
   12 | void kalmanFilter(kalman_state* kState, float measurement);
      |                   ^~~~~~~~~~~~
make: *** [Core/Src/subdir.mk:47: Core/Src/stm32l4xx_it.o] Error 1
"make -j8 all" terminated with exit code 2. Build might be incomplete.
23:28:30 **** Incremental Build of configuration Debug for project Lab 1 ****
make -j8 all 
arm-none-eabi-gcc "../Core/Src/main.c" -mcpu=cortex-m4 -std=gnu11 -g3 -DDEBUG -DUSE_HAL_DRIVER -DSTM32L4S5xx -c -I../Core/Inc -I../Drivers/STM32L4xx_HAL_Driver/Inc -I../Drivers/STM32L4xx_HAL_Driver/Inc/Legacy -I../Drivers/CMSIS/Device/ST/STM32L4xx/Include -I../Drivers/CMSIS/Include -O0 -ffunction-sections -fdata-sections -Wall -fstack-usage -MMD -MP -MF"Core/Src/main.d" -MT"Core/Src/main.o" --specs=nano.specs -mfpu=fpv4-sp-d16 -mfloat-abi=hard -mthumb -o "Core/Src/main.o"
arm-none-eabi-gcc "../Core/Src/stm32l4xx_hal_msp.c" -mcpu=cortex-m4 -std=gnu11 -g3 -DDEBUG -DUSE_HAL_DRIVER -DSTM32L4S5xx -c -I../Core/Inc -I../Drivers/STM32L4xx_HAL_Driver/Inc -I../Drivers/STM32L4xx_HAL_Driver/Inc/Legacy -I../Drivers/CMSIS/Device/ST/STM32L4xx/Include -I../Drivers/CMSIS/Include -O0 -ffunction-sections -fdata-sections -Wall -fstack-usage -MMD -MP -MF"Core/Src/stm32l4xx_hal_msp.d" -MT"Core/Src/stm32l4xx_hal_msp.o" --specs=nano.specs -mfpu=fpv4-sp-d16 -mfloat-abi=hard -mthumb -o "Core/Src/stm32l4xx_hal_msp.o"
arm-none-eabi-gcc "../Core/Src/stm32l4xx_it.c" -mcpu=cortex-m4 -std=gnu11 -g3 -DDEBUG -DUSE_HAL_DRIVER -DSTM32L4S5xx -c -I../Core/Inc -I../Drivers/STM32L4xx_HAL_Driver/Inc -I../Drivers/STM32L4xx_HAL_Driver/Inc/Legacy -I../Drivers/CMSIS/Device/ST/STM32L4xx/Include -I../Drivers/CMSIS/Include -O0 -ffunction-sections -fdata-sections -Wall -fstack-usage -MMD -MP -MF"Core/Src/stm32l4xx_it.d" -MT"Core/Src/stm32l4xx_it.o" --specs=nano.specs -mfpu=fpv4-sp-d16 -mfloat-abi=hard -mthumb -o "Core/Src/stm32l4xx_it.o"
In file included from ../Core/Inc/main.h:31,
                 from ../Core/Src/main.c:20:
../Core/Inc/KalmanfilterAssembly.h:12:26: warning: 'struct kalman_state' declared inside parameter list will not be visible outside of this definition or declaration
   12 | void kalmanFilter(struct kalman_state* kState, float measurement);
      |                          ^~~~~~~~~~~~
In file included from ../Core/Inc/main.h:31,
                 from ../Core/Src/stm32l4xx_hal_msp.c:22:
../Core/Inc/KalmanfilterAssembly.h:12:26: warning: 'struct kalman_state' declared inside parameter list will not be visible outside of this definition or declaration
   12 | void kalmanFilter(struct kalman_state* kState, float measurement);
      |                          ^~~~~~~~~~~~
../Core/Src/main.c: In function 'main':
../Core/Src/main.c:108:17: warning: passing argument 1 of 'kalmanFilter' from incompatible pointer type [-Wincompatible-pointer-types]
  108 |    kalmanFilter(&kstate, measurement);
      |                 ^~~~~~~
      |                 |
      |                 kalman_state *
In file included from ../Core/Inc/main.h:31,
                 from ../Core/Src/main.c:20:
../Core/Inc/KalmanfilterAssembly.h:12:40: note: expected 'struct kalman_state *' but argument is of type 'kalman_state *'
   12 | void kalmanFilter(struct kalman_state* kState, float measurement);
      |                   ~~~~~~~~~~~~~~~~~~~~~^~~~~~
In file included from ../Core/Inc/main.h:31,
                 from ../Core/Src/stm32l4xx_it.c:21:
../Core/Inc/KalmanfilterAssembly.h:12:26: warning: 'struct kalman_state' declared inside parameter list will not be visible outside of this definition or declaration
   12 | void kalmanFilter(struct kalman_state* kState, float measurement);
      |                          ^~~~~~~~~~~~
arm-none-eabi-gcc -o "Lab 1.elf" @"objects.list"   -mcpu=cortex-m4 -T"C:\Users\Neil\STM32CubeIDE\ECSE444\Lab 1\STM32L4S5VITX_FLASH.ld" --specs=nosys.specs -Wl,-Map="Lab 1.map" -Wl,--gc-sections -static -u _printf_float --specs=nano.specs -mfpu=fpv4-sp-d16 -mfloat-abi=hard -mthumb -Wl,--start-group -lc -lm -Wl,--end-group
Finished building target: Lab 1.elf
 
arm-none-eabi-size   Lab\ 1.elf 
arm-none-eabi-objdump -h -S  Lab\ 1.elf  > "Lab 1.list"
   text	   data	    bss	    dec	    hex	filename
  20728	    484	   1588	  22800	   5910	Lab 1.elf
Finished building: default.size.stdout
 
Finished building: Lab 1.list
 
23:28:48 **** Incremental Build of configuration Debug for project Lab 1 ****
make -j8 all 
arm-none-eabi-size   Lab\ 1.elf 
   text	   data	    bss	    dec	    hex	filename
  20728	    484	   1588	  22800	   5910	Lab 1.elf
Finished building: default.size.stdout
 
