17:49:11 **** Incremental Build of configuration Debug for project Lab 1 ****
make -j8 all 
arm-none-eabi-gcc "../Core/Src/main.c" -mcpu=cortex-m4 -std=gnu11 -g3 -DDEBUG -DUSE_HAL_DRIVER -DSTM32L4S5xx -c -I../Core/Inc -I../Drivers/STM32L4xx_HAL_Driver/Inc -I../Drivers/STM32L4xx_HAL_Driver/Inc/Legacy -I../Drivers/CMSIS/Device/ST/STM32L4xx/Include -I../Drivers/CMSIS/Include -O0 -ffunction-sections -fdata-sections -Wall -fstack-usage -MMD -MP -MF"Core/Src/main.d" -MT"Core/Src/main.o" --specs=nano.specs -mfpu=fpv4-sp-d16 -mfloat-abi=hard -mthumb -o "Core/Src/main.o"
arm-none-eabi-gcc -o "Lab 1.elf" @"objects.list"  -larm_cortexM4lf_math -mcpu=cortex-m4 -T"C:\Users\Neil\STM32CubeIDE\ECSE444\Lab 1\STM32L4S5VITX_FLASH.ld" --specs=nosys.specs -Wl,-Map="Lab 1.map" -Wl,--gc-sections -static -L"C:\Users\Neil\STM32CubeIDE\ECSE444\Lab 1\Drivers\CMSIS" -L"C:\Users\Neil\STM32CubeIDE\ECSE444\Lab 1\Core\Lib" -u _printf_float --specs=nano.specs -mfpu=fpv4-sp-d16 -mfloat-abi=hard -mthumb -Wl,--start-group -lc -lm -Wl,--end-group
Finished building target: Lab 1.elf
 
arm-none-eabi-size   Lab\ 1.elf 
arm-none-eabi-objdump -h -S  Lab\ 1.elf  > "Lab 1.list"
   text	   data	    bss	    dec	    hex	filename
  92784	    484	   1588	  94856	  17288	Lab 1.elf
Finished building: default.size.stdout
 
Finished building: Lab 1.list
 

17:49:13 Build Finished. 0 errors, 0 warnings. (took 1s.838ms)

