01:09:27 **** Incremental Build of configuration Debug for project Lab 3 - 2 ****
make -j7 all 
arm-none-eabi-gcc "../Core/Src/main.c" -mcpu=cortex-m4 -std=gnu11 -g3 -DDEBUG -DUSE_HAL_DRIVER -DSTM32L4S5xx -c -I../Core/Inc -I../Drivers/STM32L4xx_HAL_Driver/Inc -I../Drivers/STM32L4xx_HAL_Driver/Inc/Legacy -I../Drivers/CMSIS/Device/ST/STM32L4xx/Include -I../Drivers/CMSIS/Include -O0 -ffunction-sections -fdata-sections -Wall -fstack-usage -fcyclomatic-complexity -MMD -MP -MF"Core/Src/main.d" -MT"Core/Src/main.o" --specs=nano.specs -mfpu=fpv4-sp-d16 -mfloat-abi=hard -mthumb -o "Core/Src/main.o"
../Core/Src/main.c: In function 'HAL_GPIO_EXTI_Callback':
../Core/Src/main.c:125:63: warning: passing argument 3 of 'HAL_DAC_Start_DMA' from incompatible pointer type [-Wincompatible-pointer-types]
  125 |         if (HAL_DAC_Start_DMA(&hdac1, DAC_CHANNEL_1, waveforms[wave_index], sample_sizes[wave_index], DAC_ALIGN_12B_R) != HAL_OK) {
      |                                                      ~~~~~~~~~^~~~~~~~~~~~
      |                                                               |
      |                                                               uint16_t * {aka short unsigned int *}
In file included from ../Core/Inc/stm32l4xx_hal_conf.h:302,
                 from ../Drivers/STM32L4xx_HAL_Driver/Inc/stm32l4xx_hal.h:29,
                 from ../Core/Inc/main.h:30,
                 from ../Core/Src/main.c:20:
../Drivers/STM32L4xx_HAL_Driver/Inc/stm32l4xx_hal_dac.h:534:90: note: expected 'uint32_t *' {aka 'long unsigned int *'} but argument is of type 'uint16_t *' {aka 'short unsigned int *'}
  534 | HAL_StatusTypeDef HAL_DAC_Start_DMA(DAC_HandleTypeDef *hdac, uint32_t Channel, uint32_t *pData, uint32_t Length,
      |                                                                                ~~~~~~~~~~^~~~~
../Core/Src/main.c: In function 'main':
../Core/Src/main.c:206:9: warning: unused variable 'i' [-Wunused-variable]
  206 |     int i = 0;
      |         ^
arm-none-eabi-gcc -o "Lab 3 - 2.elf" @"objects.list"  -larm_cortexM4lf_math -mcpu=cortex-m4 -T"/Users/neiljoegeorge/Documents/ECSE444/Lab 3 - 2/STM32L4S5VITX_FLASH.ld" --specs=nosys.specs -Wl,-Map="Lab 3 - 2.map" -Wl,--gc-sections -static -L"/Users/neiljoegeorge/Documents/ECSE444/Lab 3 - 2/Core/Lib" -L"/Users/neiljoegeorge/Documents/ECSE444/Lab 3 - 2/Drivers/CMSIS" --specs=nano.specs -mfpu=fpv4-sp-d16 -mfloat-abi=hard -mthumb -Wl,--start-group -lc -lm -Wl,--end-group
Finished building target: Lab 3 - 2.elf
 
arm-none-eabi-size  Lab\ 3\ -\ 2.elf 
arm-none-eabi-objdump -h -S Lab\ 3\ -\ 2.elf  > "Lab 3 - 2.list"
   text	   data	    bss	    dec	    hex	filename
  15740	     32	   1880	  17652	   44f4	Lab 3 - 2.elf
Finished building: default.size.stdout
 
Finished building: Lab 3 - 2.list
 

01:09:28 Build Finished. 0 errors, 2 warnings. (took 1s.1ms)

