14:50:24 **** Incremental Build of configuration Debug for project Lab 3 - 2 ****
make -j7 all 
arm-none-eabi-gcc "../Core/Src/main.c" -mcpu=cortex-m4 -std=gnu11 -g3 -DDEBUG -DUSE_HAL_DRIVER -DSTM32L4S5xx -c -I../Core/Inc -I../Drivers/STM32L4xx_HAL_Driver/Inc -I../Drivers/STM32L4xx_HAL_Driver/Inc/Legacy -I../Drivers/CMSIS/Device/ST/STM32L4xx/Include -I../Drivers/CMSIS/Include -O0 -ffunction-sections -fdata-sections -Wall -fstack-usage -fcyclomatic-complexity -MMD -MP -MF"Core/Src/main.d" -MT"Core/Src/main.o" --specs=nano.specs -mfpu=fpv4-sp-d16 -mfloat-abi=hard -mthumb -o "Core/Src/main.o"
arm-none-eabi-gcc -o "Lab 3 - 2.elf" @"objects.list"  -larm_cortexM4lf_math -mcpu=cortex-m4 -T"/Users/neiljoegeorge/Documents/ECSE444/Lab 3 - 2/STM32L4S5VITX_FLASH.ld" --specs=nosys.specs -Wl,-Map="Lab 3 - 2.map" -Wl,--gc-sections -static -L"/Users/neiljoegeorge/Documents/ECSE444/Lab 3 - 2/Core/Lib" -L"/Users/neiljoegeorge/Documents/ECSE444/Lab 3 - 2/Drivers/CMSIS" --specs=nano.specs -mfpu=fpv4-sp-d16 -mfloat-abi=hard -mthumb -Wl,--start-group -lc -lm -Wl,--end-group
Finished building target: Lab 3 - 2.elf
 
arm-none-eabi-size  Lab\ 3\ -\ 2.elf 
arm-none-eabi-objdump -h -S Lab\ 3\ -\ 2.elf  > "Lab 3 - 2.list"
   text	   data	    bss	    dec	    hex	filename
  14760	     12	   1908	  16680	   4128	Lab 3 - 2.elf
Finished building: default.size.stdout
 
Finished building: Lab 3 - 2.list
 

14:50:26 Build Finished. 0 errors, 0 warnings. (took 1s.208ms)

