17:31:33 **** Incremental Build of configuration Debug for project Lab 1 ****
make -j8 all 
arm-none-eabi-gcc -mcpu=cortex-m4 -g3 -DDEBUG -c -x assembler-with-cpp -MMD -MP -MF"Core/Src/KalmanfilterAssembly.d" -MT"Core/Src/KalmanfilterAssembly.o" --specs=nano.specs -mfpu=fpv4-sp-d16 -mfloat-abi=hard -mthumb -o "Core/Src/KalmanfilterAssembly.o" "../Core/Src/KalmanfilterAssembly.s"
arm-none-eabi-gcc -o "Lab 1.elf" @"objects.list"   -mcpu=cortex-m4 -T"C:\Users\Neil\STM32CubeIDE\ECSE444\Lab 1\STM32L4S5VITX_FLASH.ld" --specs=nosys.specs -Wl,-Map="Lab 1.map" -Wl,--gc-sections -static -u _printf_float --specs=nano.specs -mfpu=fpv4-sp-d16 -mfloat-abi=hard -mthumb -Wl,--start-group -lc -lm -Wl,--end-group
Finished building target: Lab 1.elf
 
arm-none-eabi-size   Lab\ 1.elf 
arm-none-eabi-objdump -h -S  Lab\ 1.elf  > "Lab 1.list"
   text	   data	    bss	    dec	    hex	filename
  39744	    484	   2812	  43040	   a820	Lab 1.elf
Finished building: default.size.stdout
 
Finished building: Lab 1.list
 

17:31:35 Build Finished. 0 errors, 0 warnings. (took 1s.900ms)

